Archive member included to satisfy reference by file (symbol)

/home/test/devel/optee/optee_os/out/arm/export-ta_arm32/lib/libutee.a(tee_api.o)
                              ./crypto.o (TEE_MemMove)
/home/test/devel/optee/optee_os/out/arm/export-ta_arm32/lib/libutee.a(tee_api_objects.o)
                              ./crypto.o (TEE_GetObjectInfo)
/home/test/devel/optee/optee_os/out/arm/export-ta_arm32/lib/libutee.a(tee_api_operations.o)
                              ./crypto.o (TEE_AllocateOperation)
/home/test/devel/optee/optee_os/out/arm/export-ta_arm32/lib/libutee.a(tee_api_panic.o)
                              /home/test/devel/optee/optee_os/out/arm/export-ta_arm32/lib/libutee.a(tee_api.o) (TEE_Panic)
/home/test/devel/optee/optee_os/out/arm/export-ta_arm32/lib/libutee.a(user_ta_entry.o)
                              ./user_ta_header.o (__utee_entry)
/home/test/devel/optee/optee_os/out/arm/export-ta_arm32/lib/libutee.a(utee_syscalls_a32.o)
                              /home/test/devel/optee/optee_os/out/arm/export-ta_arm32/lib/libutee.a(tee_api_panic.o) (utee_panic)
/home/test/devel/optee/optee_os/out/arm/export-ta_arm32/lib/libutee.a(gprof_a32.o)
                              /home/test/devel/optee/optee_os/out/arm/export-ta_arm32/lib/libutee.a(user_ta_entry.o) (__utee_mcount)
/home/test/devel/optee/optee_os/out/arm/export-ta_arm32/lib/libutee.a(tee_user_mem.o)
                              /home/test/devel/optee/optee_os/out/arm/export-ta_arm32/lib/libutee.a(tee_api.o) (tee_user_mem_alloc)
/home/test/devel/optee/optee_os/out/arm/export-ta_arm32/lib/libutee.a(assert.o)
                              /home/test/devel/optee/optee_os/out/arm/export-ta_arm32/lib/libutee.a(tee_user_mem.o) (_assert_log)
/home/test/devel/optee/optee_os/out/arm/export-ta_arm32/lib/libutee.a(tee_api_arith.o)
                              /home/test/devel/optee/optee_os/out/arm/export-ta_arm32/lib/libutee.a(user_ta_entry.o) (_TEE_MathAPI_Init)
/home/test/devel/optee/optee_os/out/arm/export-ta_arm32/lib/libutee.a(utee_misc.o)
                              /home/test/devel/optee/optee_os/out/arm/export-ta_arm32/lib/libutee.a(tee_user_mem.o) (utee_malloc)
/home/test/devel/optee/optee_os/out/arm/export-ta_arm32/lib/libutee.a(trace_ext.o)
                              /home/test/devel/optee/optee_os/out/arm/export-ta_arm32/lib/libutee.a(tee_api_arith.o) (printf)
/home/test/devel/optee/optee_os/out/arm/export-ta_arm32/lib/libutils.a(bget_malloc.o)
                              /home/test/devel/optee/optee_os/out/arm/export-ta_arm32/lib/libutee.a(utee_misc.o) (malloc)
/home/test/devel/optee/optee_os/out/arm/export-ta_arm32/lib/libutils.a(snprintf.o)
                              /home/test/devel/optee/optee_os/out/arm/export-ta_arm32/lib/libutee.a(trace_ext.o) (vsnprintf)
/home/test/devel/optee/optee_os/out/arm/export-ta_arm32/lib/libutils.a(memcmp.o)
                              /home/test/devel/optee/optee_os/out/arm/export-ta_arm32/lib/libutee.a(tee_api.o) (memcmp)
/home/test/devel/optee/optee_os/out/arm/export-ta_arm32/lib/libutils.a(memcpy.o)
                              ./crypto.o (memcpy)
/home/test/devel/optee/optee_os/out/arm/export-ta_arm32/lib/libutils.a(memmove.o)
                              /home/test/devel/optee/optee_os/out/arm/export-ta_arm32/lib/libutee.a(tee_api.o) (memmove)
/home/test/devel/optee/optee_os/out/arm/export-ta_arm32/lib/libutils.a(memset.o)
                              /home/test/devel/optee/optee_os/out/arm/export-ta_arm32/lib/libutee.a(tee_api.o) (memset)
/home/test/devel/optee/optee_os/out/arm/export-ta_arm32/lib/libutils.a(strlen.o)
                              ./test.o (strlen)
/home/test/devel/optee/optee_os/out/arm/export-ta_arm32/lib/libutils.a(snprintk.o)
                              /home/test/devel/optee/optee_os/out/arm/export-ta_arm32/lib/libutils.a(snprintf.o) (__vsnprintf)
/home/test/devel/optee/optee_os/out/arm/export-ta_arm32/lib/libutils.a(buf_compare_ct.o)
                              /home/test/devel/optee/optee_os/out/arm/export-ta_arm32/lib/libutee.a(tee_api_operations.o) (buf_compare_ct)
/home/test/devel/optee/optee_os/out/arm/export-ta_arm32/lib/libutils.a(trace.o)
                              /home/test/devel/optee/optee_os/out/arm/export-ta_arm32/lib/libutee.a(user_ta_entry.o) (trace_set_level)
/home/test/devel/optee/optee_os/out/arm/export-ta_arm32/lib/libutils.a(aeabi_unwind.o)
                              ./TA.o (__aeabi_unwind_cpp_pr0)
/home/test/devel/optee/optee_os/out/arm/export-ta_arm32/lib/libutils.a(memchr.o)
                              /home/test/devel/optee/optee_os/out/arm/export-ta_arm32/lib/libutils.a(snprintk.o) (memchr)
/home/test/devel/optee/optee_os/out/arm/export-ta_arm32/lib/libutils.a(arm32_aeabi_ldivmod_a32.o)
                              /home/test/devel/optee/optee_os/out/arm/export-ta_arm32/lib/libutils.a(snprintk.o) (__aeabi_uldivmod)
/home/test/devel/optee/optee_os/out/arm/export-ta_arm32/lib/libutils.a(arm32_aeabi_ldivmod.o)
[...]
Memory Configuration

Name             Origin             Length             Attributes
*default*        0x0000000000000000 0xffffffffffffffff

Linker script and memory map


.ta_head        0x0000000000000000       0x20
 *(SORT(.ta_head))
 .ta_head       0x0000000000000000       0x20 ./user_ta_header.o
                0x0000000000000000                ta_head

.text           0x0000000000000020     0xe968
                0x0000000000000020                __text_start = .
 *(SORT(.text) SORT(.text.*))
 .text          0x0000000000000020      0x154 ./TA.o
                0x0000000000000020                TA_CreateEntryPoint
                0x0000000000000054                TA_DestroyEntryPoint
                0x0000000000000084                TA_OpenSessionEntryPoint
                0x00000000000000c4                TA_CloseSessionEntryPoint
                0x00000000000000fc                TA_InvokeCommandEntryPoint
 .text          0x0000000000000174      0x3b0 ./crypto.o
                0x0000000000000174                decrypt_using_public_key
                0x000000000000034c                encrypt_using_private_key
 .text          0x0000000000000524      0x550 ./test.o
                0x0000000000000524                TA_encrypt_command
                0x00000000000006cc                TA_decrypt_command
                0x0000000000000880                local_encrypt_and_decrypt_test
 .text          0x0000000000000a74      0x738 /home/test/devel/optee/optee_os/out/arm/export-ta_arm32/lib/libutee.a(tee_api.o)
                0x0000000000000a74                __utee_from_param
                0x0000000000000bda                __utee_to_param
                0x0000000000000cd4                TEE_OpenTASession
                0x0000000000000d3a                TEE_CloseTASession
                0x0000000000000d6a                TEE_InvokeTACommand
                0x0000000000000dfa                TEE_GetCancellationFlag
                0x0000000000000e2e                TEE_UnmaskCancellation
                0x0000000000000e62                TEE_MaskCancellation
                0x0000000000000e96                TEE_CheckMemoryAccessRights
                0x0000000000000ed8                TEE_SetInstanceData
                0x0000000000000f00                TEE_GetInstanceData
                0x0000000000000f1c                TEE_MemMove
                0x0000000000000f40                TEE_MemCompare
                0x0000000000000f64                TEE_MemFill
                0x0000000000000f8a                TEE_GetSystemTime
                0x0000000000000fb6                TEE_Wait
                0x0000000000000fee                TEE_GetTAPersistentTime
                0x0000000000001072                TEE_SetTAPersistentTime
                0x00000000000010b8                TEE_GetREETime
                0x00000000000010e4                TEE_Malloc
                0x0000000000001104                TEE_Realloc
                0x0000000000001124                TEE_Free
                0x000000000000113e                TEE_CacheClean
                0x0000000000001162                TEE_CacheFlush
                0x0000000000001186                TEE_CacheInvalidate
 .text          0x00000000000011ac     0x2b1c /home/test/devel/optee/optee_os/out/arm/export-ta_arm32/lib/libutee.a(tee_api_operations.o)
                0x00000000000011ac                TEE_AllocateOperation
                0x0000000000001aec                TEE_FreeOperation
                0x0000000000001b36                TEE_GetOperationInfo
                0x0000000000001b8c                TEE_GetOperationInfoMultiple
                0x0000000000001d2c                TEE_ResetOperation
                0x0000000000001dac                TEE_SetOperationKey
                0x0000000000001ef0                TEE_SetOperationKey2
                0x0000000000002120                TEE_CopyOperation
                0x0000000000002290                TEE_DigestUpdate
                0x00000000000022ec                TEE_DigestDoFinal
                0x00000000000023ac                TEE_CipherInit
                0x0000000000002754                TEE_CipherUpdate
                0x0000000000002910                TEE_CipherDoFinal
                0x0000000000002b60                TEE_MACInit
                0x0000000000002bd2                TEE_MACUpdate
                0x0000000000002c54                TEE_MACComputeFinal
                0x0000000000002d4a                TEE_MACCompareFinal
                0x0000000000002e24                TEE_AEInit
                0x0000000000002f0a                TEE_AEUpdateAAD
                0x0000000000002f84                TEE_AEUpdate
                0x0000000000003108                TEE_AEEncryptFinal
                0x0000000000003304                TEE_AEDecryptFinal
                0x00000000000034e8                TEE_AsymmetricEncrypt
                0x000000000000367e                TEE_AsymmetricDecrypt
                0x0000000000003814                TEE_AsymmetricSignDigest
                0x0000000000003994                TEE_AsymmetricVerifyDigest
                0x0000000000003afc                TEE_DeriveKey
                0x0000000000003c9c                TEE_GenerateRandom
 .text          0x0000000000003cc8      0x430 /home/test/devel/optee/optee_os/out/arm/export-ta_arm32/lib/libutee.a(user_ta_entry.o)
                0x0000000000004092                __utee_entry
 .text          0x00000000000040f8        0x0 /home/test/devel/optee/optee_os/out/arm/export-ta_arm32/lib/libutee.a(utee_syscalls_a32.o)
 .text.utee_panic
                0x00000000000040f8       0x14 /home/test/devel/optee/optee_os/out/arm/export-ta_arm32/lib/libutee.a(utee_syscalls_a32.o)
                0x00000000000040f8                utee_panic
 .text.utee_return
                0x000000000000410c       0x14 /home/test/devel/optee/optee_os/out/arm/export-ta_arm32/lib/libutee.a(utee_syscalls_a32.o)
                0x000000000000410c                utee_return
 .text.utee_log
                0x0000000000004120       0x14 /home/test/devel/optee/optee_os/out/arm/export-ta_arm32/lib/libutee.a(utee_syscalls_a32.o)
                0x0000000000004120                utee_log
 .text.__utee_panic
                0x0000000000004134       0x14 /home/test/devel/optee/optee_os/out/arm/export-ta_arm32/lib/libutee.a(utee_syscalls_a32.o)
                0x0000000000004134                __utee_panic
 .text.utee_get_property
                0x0000000000004148       0x18 /home/test/devel/optee/optee_os/out/arm/export-ta_arm32/lib/libutee.a(utee_syscalls_a32.o)
                0x0000000000004148                utee_get_property
 .text.utee_get_property_name_to_index
                0x0000000000004160       0x14 /home/test/devel/optee/optee_os/out/arm/export-ta_arm32/lib/libutee.a(utee_syscalls_a32.o)
                0x0000000000004160                utee_get_property_name_to_index
 .text.utee_open_ta_session
                0x0000000000004174       0x18 /home/test/devel/optee/optee_os/out/arm/export-ta_arm32/lib/libutee.a(utee_syscalls_a32.o)
                0x0000000000004174                utee_open_ta_session
 .text.utee_close_ta_session
                0x000000000000418c       0x14 /home/test/devel/optee/optee_os/out/arm/export-ta_arm32/lib/libutee.a(utee_syscalls_a32.o)
                0x000000000000418c                utee_close_ta_session
 .text.utee_invoke_ta_command
                0x00000000000041a0       0x18 /home/test/devel/optee/optee_os/out/arm/export-ta_arm32/lib/libutee.a(utee_syscalls_a32.o)
                0x00000000000041a0                utee_invoke_ta_command
 .text.utee_get_cancellation_flag
                0x00000000000041b8       0x14 /home/test/devel/optee/optee_os/out/arm/export-ta_arm32/lib/libutee.a(utee_syscalls_a32.o)
                0x00000000000041b8                utee_get_cancellation_flag
 .text.utee_check_access_rights
                0x00000000000041cc       0x14 /home/test/devel/optee/optee_os/out/arm/export-ta_arm32/lib/libutee.a(utee_syscalls_a32.o)
                0x00000000000041cc                utee_check_access_rights
 .text.utee_unmask_cancellation
                0x00000000000041e0       0x14 /home/test/devel/optee/optee_os/out/arm/export-ta_arm32/lib/libutee.a(utee_syscalls_a32.o)
                0x00000000000041e0                utee_unmask_cancellation
 .text.utee_mask_cancellation
                0x00000000000041f4       0x14 /home/test/devel/optee/optee_os/out/arm/export-ta_arm32/lib/libutee.a(utee_syscalls_a32.o)
                0x00000000000041f4                utee_mask_cancellation
 .text.utee_wait
                0x0000000000004208       0x14 /home/test/devel/optee/optee_os/out/arm/export-ta_arm32/lib/libutee.a(utee_syscalls_a32.o)
                0x0000000000004208                utee_wait
 .text.utee_get_time
                0x000000000000421c       0x14 /home/test/devel/optee/optee_os/out/arm/export-ta_arm32/lib/libutee.a(utee_syscalls_a32.o)
                0x000000000000421c                utee_get_time
 .text.utee_set_ta_time
                0x0000000000004230       0x14 /home/test/devel/optee/optee_os/out/arm/export-ta_arm32/lib/libutee.a(utee_syscalls_a32.o)
                0x0000000000004230                utee_set_ta_time
 .text.utee_cryp_state_alloc
                0x0000000000004244       0x18 /home/test/devel/optee/optee_os/out/arm/export-ta_arm32/lib/libutee.a(utee_syscalls_a32.o)
                0x0000000000004244                utee_cryp_state_alloc
 .text.utee_cryp_state_copy
                0x000000000000425c       0x14 /home/test/devel/optee/optee_os/out/arm/export-ta_arm32/lib/libutee.a(utee_syscalls_a32.o)
                0x000000000000425c                utee_cryp_state_copy
 .text.utee_cryp_state_free
                0x0000000000004270       0x14 /home/test/devel/optee/optee_os/out/arm/export-ta_arm32/lib/libutee.a(utee_syscalls_a32.o)
                0x0000000000004270                utee_cryp_state_free
 .text.utee_hash_init
                0x0000000000004284       0x14 /home/test/devel/optee/optee_os/out/arm/export-ta_arm32/lib/libutee.a(utee_syscalls_a32.o)
                0x0000000000004284                utee_hash_init
 .text.utee_hash_update
                0x0000000000004298       0x14 /home/test/devel/optee/optee_os/out/arm/export-ta_arm32/lib/libutee.a(utee_syscalls_a32.o)
                0x0000000000004298                utee_hash_update
 .text.utee_hash_final
                0x00000000000042ac       0x18 /home/test/devel/optee/optee_os/out/arm/export-ta_arm32/lib/libutee.a(utee_syscalls_a32.o)
                0x00000000000042ac                utee_hash_final
 .text.utee_cipher_init
                0x00000000000042c4       0x14 /home/test/devel/optee/optee_os/out/arm/export-ta_arm32/lib/libutee.a(utee_syscalls_a32.o)
                0x00000000000042c4                utee_cipher_init
 .text.utee_cipher_update
                0x00000000000042d8       0x18 /home/test/devel/optee/optee_os/out/arm/export-ta_arm32/lib/libutee.a(utee_syscalls_a32.o)
                0x00000000000042d8                utee_cipher_update
 .text.utee_cipher_final
                0x00000000000042f0       0x18 /home/test/devel/optee/optee_os/out/arm/export-ta_arm32/lib/libutee.a(utee_syscalls_a32.o)
                0x00000000000042f0                utee_cipher_final
 .text.utee_cryp_obj_get_info
                0x0000000000004308       0x14 /home/test/devel/optee/optee_os/out/arm/export-ta_arm32/lib/libutee.a(utee_syscalls_a32.o)
                0x0000000000004308                utee_cryp_obj_get_info
 .text.utee_cryp_obj_restrict_usage
                0x000000000000431c       0x14 /home/test/devel/optee/optee_os/out/arm/export-ta_arm32/lib/libutee.a(utee_syscalls_a32.o)
                0x000000000000431c                utee_cryp_obj_restrict_usage
 .text.utee_cryp_obj_get_attr
                0x0000000000004330       0x14 /home/test/devel/optee/optee_os/out/arm/export-ta_arm32/lib/libutee.a(utee_syscalls_a32.o)
                0x0000000000004330                utee_cryp_obj_get_attr
 .text.utee_cryp_obj_alloc
                0x0000000000004344       0x14 /home/test/devel/optee/optee_os/out/arm/export-ta_arm32/lib/libutee.a(utee_syscalls_a32.o)
                0x0000000000004344                utee_cryp_obj_alloc
 .text.utee_cryp_obj_close
                0x0000000000004358       0x14 /home/test/devel/optee/optee_os/out/arm/export-ta_arm32/lib/libutee.a(utee_syscalls_a32.o)
                0x0000000000004358                utee_cryp_obj_close
 .text.utee_cryp_obj_reset
                0x000000000000436c       0x14 /home/test/devel/optee/optee_os/out/arm/export-ta_arm32/lib/libutee.a(utee_syscalls_a32.o)
                0x000000000000436c                utee_cryp_obj_reset
 .text.utee_cryp_obj_populate
                0x0000000000004380       0x14 /home/test/devel/optee/optee_os/out/arm/export-ta_arm32/lib/libutee.a(utee_syscalls_a32.o)
                0x0000000000004380                utee_cryp_obj_populate
 .text.utee_cryp_obj_copy
                0x0000000000004394       0x14 /home/test/devel/optee/optee_os/out/arm/export-ta_arm32/lib/libutee.a(utee_syscalls_a32.o)
                0x0000000000004394                utee_cryp_obj_copy
 .text.utee_cryp_derive_key
                0x00000000000043a8       0x14 /home/test/devel/optee/optee_os/out/arm/export-ta_arm32/lib/libutee.a(utee_syscalls_a32.o)
                0x00000000000043a8                utee_cryp_derive_key
 .text.utee_cryp_random_number_generate
                0x00000000000043bc       0x14 /home/test/devel/optee/optee_os/out/arm/export-ta_arm32/lib/libutee.a(utee_syscalls_a32.o)
                0x00000000000043bc                utee_cryp_random_number_generate
 .text.utee_authenc_init
                0x00000000000043d0       0x18 /home/test/devel/optee/optee_os/out/arm/export-ta_arm32/lib/libutee.a(utee_syscalls_a32.o)
                0x00000000000043d0                utee_authenc_init
 .text.utee_authenc_update_aad
                0x00000000000043e8       0x14 /home/test/devel/optee/optee_os/out/arm/export-ta_arm32/lib/libutee.a(utee_syscalls_a32.o)
                0x00000000000043e8                utee_authenc_update_aad
 .text.utee_authenc_update_payload
                0x00000000000043fc       0x18 /home/test/devel/optee/optee_os/out/arm/export-ta_arm32/lib/libutee.a(utee_syscalls_a32.o)
                0x00000000000043fc                utee_authenc_update_payload
 .text.utee_authenc_enc_final
                0x0000000000004414       0x18 /home/test/devel/optee/optee_os/out/arm/export-ta_arm32/lib/libutee.a(utee_syscalls_a32.o)
                0x0000000000004414                utee_authenc_enc_final
 .text.utee_authenc_dec_final
                0x000000000000442c       0x18 /home/test/devel/optee/optee_os/out/arm/export-ta_arm32/lib/libutee.a(utee_syscalls_a32.o)
                0x000000000000442c                utee_authenc_dec_final
 .text.utee_asymm_operate
                0x0000000000004444       0x18 /home/test/devel/optee/optee_os/out/arm/export-ta_arm32/lib/libutee.a(utee_syscalls_a32.o)
                0x0000000000004444                utee_asymm_operate
 .text.utee_asymm_verify
                0x000000000000445c       0x18 /home/test/devel/optee/optee_os/out/arm/export-ta_arm32/lib/libutee.a(utee_syscalls_a32.o)
                0x000000000000445c                utee_asymm_verify
 .text.utee_storage_obj_open
                0x0000000000004474       0x18 /home/test/devel/optee/optee_os/out/arm/export-ta_arm32/lib/libutee.a(utee_syscalls_a32.o)
                0x0000000000004474                utee_storage_obj_open
 .text.utee_storage_obj_create
                0x000000000000448c       0x18 /home/test/devel/optee/optee_os/out/arm/export-ta_arm32/lib/libutee.a(utee_syscalls_a32.o)
                0x000000000000448c                utee_storage_obj_create
 .text.utee_storage_obj_del
                0x00000000000044a4       0x14 /home/test/devel/optee/optee_os/out/arm/export-ta_arm32/lib/libutee.a(utee_syscalls_a32.o)
                0x00000000000044a4                utee_storage_obj_del
 .text.utee_storage_obj_rename
                0x00000000000044b8       0x14 /home/test/devel/optee/optee_os/out/arm/export-ta_arm32/lib/libutee.a(utee_syscalls_a32.o)
                0x00000000000044b8                utee_storage_obj_rename
 .text.utee_storage_alloc_enum
                0x00000000000044cc       0x14 /home/test/devel/optee/optee_os/out/arm/export-ta_arm32/lib/libutee.a(utee_syscalls_a32.o)
                0x00000000000044cc                utee_storage_alloc_enum
 .text.utee_storage_free_enum
                0x00000000000044e0       0x14 /home/test/devel/optee/optee_os/out/arm/export-ta_arm32/lib/libutee.a(utee_syscalls_a32.o)
                0x00000000000044e0                utee_storage_free_enum
 .text.utee_storage_reset_enum
                0x00000000000044f4       0x14 /home/test/devel/optee/optee_os/out/arm/export-ta_arm32/lib/libutee.a(utee_syscalls_a32.o)
                0x00000000000044f4                utee_storage_reset_enum
 .text.utee_storage_start_enum
                0x0000000000004508       0x14 /home/test/devel/optee/optee_os/out/arm/export-ta_arm32/lib/libutee.a(utee_syscalls_a32.o)
                0x0000000000004508                utee_storage_start_enum
 .text.utee_storage_next_enum
                0x000000000000451c       0x14 /home/test/devel/optee/optee_os/out/arm/export-ta_arm32/lib/libutee.a(utee_syscalls_a32.o)
                0x000000000000451c                utee_storage_next_enum
 .text.utee_storage_obj_read
                0x0000000000004530       0x14 /home/test/devel/optee/optee_os/out/arm/export-ta_arm32/lib/libutee.a(utee_syscalls_a32.o)
                0x0000000000004530                utee_storage_obj_read
 .text.utee_storage_obj_write
                0x0000000000004544       0x14 /home/test/devel/optee/optee_os/out/arm/export-ta_arm32/lib/libutee.a(utee_syscalls_a32.o)
                0x0000000000004544                utee_storage_obj_write
 .text.utee_storage_obj_trunc
                0x0000000000004558       0x14 /home/test/devel/optee/optee_os/out/arm/export-ta_arm32/lib/libutee.a(utee_syscalls_a32.o)
                0x0000000000004558                utee_storage_obj_trunc
 .text.utee_storage_obj_seek
                0x000000000000456c       0x14 /home/test/devel/optee/optee_os/out/arm/export-ta_arm32/lib/libutee.a(utee_syscalls_a32.o)
                0x000000000000456c                utee_storage_obj_seek
 .text.utee_cryp_obj_generate_key
                0x0000000000004580       0x14 /home/test/devel/optee/optee_os/out/arm/export-ta_arm32/lib/libutee.a(utee_syscalls_a32.o)
                0x0000000000004580                utee_cryp_obj_generate_key
 .text.utee_se_service_open
                0x0000000000004594       0x14 /home/test/devel/optee/optee_os/out/arm/export-ta_arm32/lib/libutee.a(utee_syscalls_a32.o)
                0x0000000000004594                utee_se_service_open
 .text.utee_se_service_close
                0x00000000000045a8       0x14 /home/test/devel/optee/optee_os/out/arm/export-ta_arm32/lib/libutee.a(utee_syscalls_a32.o)
                0x00000000000045a8                utee_se_service_close
 .text.utee_se_service_get_readers
                0x00000000000045bc       0x14 /home/test/devel/optee/optee_os/out/arm/export-ta_arm32/lib/libutee.a(utee_syscalls_a32.o)
                0x00000000000045bc                utee_se_service_get_readers
 .text.utee_se_reader_get_prop
                0x00000000000045d0       0x14 /home/test/devel/optee/optee_os/out/arm/export-ta_arm32/lib/libutee.a(utee_syscalls_a32.o)
                0x00000000000045d0                utee_se_reader_get_prop
 .text.utee_se_reader_get_name
                0x00000000000045e4       0x14 /home/test/devel/optee/optee_os/out/arm/export-ta_arm32/lib/libutee.a(utee_syscalls_a32.o)
                0x00000000000045e4                utee_se_reader_get_name
 .text.utee_se_reader_open_session
                0x00000000000045f8       0x14 /home/test/devel/optee/optee_os/out/arm/export-ta_arm32/lib/libutee.a(utee_syscalls_a32.o)
                0x00000000000045f8                utee_se_reader_open_session
 .text.utee_se_reader_close_sessions
                0x000000000000460c       0x14 /home/test/devel/optee/optee_os/out/arm/export-ta_arm32/lib/libutee.a(utee_syscalls_a32.o)
                0x000000000000460c                utee_se_reader_close_sessions
 .text.utee_se_session_is_closed
                0x0000000000004620       0x14 /home/test/devel/optee/optee_os/out/arm/export-ta_arm32/lib/libutee.a(utee_syscalls_a32.o)
                0x0000000000004620                utee_se_session_is_closed
 .text.utee_se_session_get_atr
                0x0000000000004634       0x14 /home/test/devel/optee/optee_os/out/arm/export-ta_arm32/lib/libutee.a(utee_syscalls_a32.o)
                0x0000000000004634                utee_se_session_get_atr
 .text.utee_se_session_open_channel
                0x0000000000004648       0x18 /home/test/devel/optee/optee_os/out/arm/export-ta_arm32/lib/libutee.a(utee_syscalls_a32.o)
                0x0000000000004648                utee_se_session_open_channel
 .text.utee_se_session_close
                0x0000000000004660       0x14 /home/test/devel/optee/optee_os/out/arm/export-ta_arm32/lib/libutee.a(utee_syscalls_a32.o)
                0x0000000000004660                utee_se_session_close
 .text.utee_se_channel_select_next
                0x0000000000004674       0x14 /home/test/devel/optee/optee_os/out/arm/export-ta_arm32/lib/libutee.a(utee_syscalls_a32.o)
                0x0000000000004674                utee_se_channel_select_next
 .text.utee_se_channel_get_select_resp
                0x0000000000004688       0x14 /home/test/devel/optee/optee_os/out/arm/export-ta_arm32/lib/libutee.a(utee_syscalls_a32.o)
                0x0000000000004688                utee_se_channel_get_select_resp
 .text.utee_se_channel_transmit
                0x000000000000469c       0x18 /home/test/devel/optee/optee_os/out/arm/export-ta_arm32/lib/libutee.a(utee_syscalls_a32.o)
                0x000000000000469c                utee_se_channel_transmit
 .text.utee_se_channel_close
                0x00000000000046b4       0x14 /home/test/devel/optee/optee_os/out/arm/export-ta_arm32/lib/libutee.a(utee_syscalls_a32.o)
                0x00000000000046b4                utee_se_channel_close
 .text.utee_cache_operation
                0x00000000000046c8       0x14 /home/test/devel/optee/optee_os/out/arm/export-ta_arm32/lib/libutee.a(utee_syscalls_a32.o)
                0x00000000000046c8                utee_cache_operation
 .text.__utee_mcount
                0x00000000000046dc        0xc /home/test/devel/optee/optee_os/out/arm/export-ta_arm32/lib/libutee.a(gprof_a32.o)
                0x00000000000046dc                __utee_mcount
 .text          0x00000000000046e8      0x7b4 /home/test/devel/optee/optee_os/out/arm/export-ta_arm32/lib/libutee.a(tee_user_mem.o)
                0x0000000000004a60                tee_user_mem_alloc
                0x0000000000004ba8                tee_user_mem_realloc
                0x0000000000004c54                tee_user_mem_free
                0x0000000000004d64                tee_user_mem_mark_heap
                0x0000000000004d84                tee_user_mem_check_heap
                0x0000000000004e60                tee_user_mem_garbage
 .text          0x0000000000004e9c       0x5c /home/test/devel/optee/optee_os/out/arm/export-ta_arm32/lib/libutee.a(assert.o)
                0x0000000000004e9c                _assert_log
                0x0000000000004ee4                _assert_break
 .text          0x0000000000004ef8      0x9e4 /home/test/devel/optee/optee_os/out/arm/export-ta_arm32/lib/libutee.a(tee_api_arith.o)
                0x0000000000004f20                _TEE_MathAPI_Init
                0x0000000000004f64                TEE_BigIntInit
                0x0000000000004f82                TEE_BigIntInitFMM
                0x0000000000004fc2                TEE_BigIntInitFMMContext
                0x000000000000500c                TEE_BigIntFMMSizeInU32
                0x0000000000005032                TEE_BigIntFMMContextSizeInU32
                0x0000000000005060                TEE_BigIntConvertFromOctetString
                0x00000000000050c6                TEE_BigIntConvertToOctetString
                0x0000000000005130                TEE_BigIntConvertFromS32
                0x0000000000005152                TEE_BigIntConvertToS32
                0x00000000000051a8                TEE_BigIntCmp
                0x00000000000051d0                TEE_BigIntCmpS32
                0x00000000000051f4                TEE_BigIntShiftRight
                0x000000000000521e                TEE_BigIntGetBit
                0x000000000000524c                TEE_BigIntGetBitCount
                0x0000000000005270                TEE_BigIntAdd
                0x00000000000052a8                TEE_BigIntSub
                0x00000000000052e0                TEE_BigIntNeg
                0x0000000000005306                TEE_BigIntMul
                0x0000000000005340                TEE_BigIntSquare
                0x0000000000005374                TEE_BigIntDiv
                0x00000000000053d4                TEE_BigIntMod
                0x0000000000005450                TEE_BigIntAddMod
                0x00000000000054d4                TEE_BigIntSubMod
                0x0000000000005558                TEE_BigIntMulMod
                0x0000000000005614                TEE_BigIntSquareMod
                0x0000000000005638                TEE_BigIntInvMod
                0x00000000000056a0                TEE_BigIntRelativePrime
                0x000000000000571c                TEE_BigIntComputeExtendedGcd
                0x0000000000005768                TEE_BigIntIsProbablePrime
                0x00000000000057b4                TEE_BigIntConvertToFMM
                0x0000000000005800                TEE_BigIntConvertFromFMM
                0x0000000000005890                TEE_BigIntComputeFMM
 .text          0x00000000000058dc      0x110 /home/test/devel/optee/optee_os/out/arm/export-ta_arm32/lib/libutee.a(trace_ext.o)
                0x00000000000058dc                trace_ext_puts
                0x0000000000005900                trace_ext_get_thread_id
                0x0000000000005914                printf
                0x000000000000597c                puts
                0x00000000000059b4                putchar
 .text          0x00000000000059ec     0x182c /home/test/devel/optee/optee_os/out/arm/export-ta_arm32/lib/libutils.a(bget_malloc.o)
                0x0000000000005a70                bget
                0x0000000000005cd8                bgetz
                0x0000000000005d6c                bgetr
                0x0000000000005e00                brel
                0x0000000000006160                bpool
                0x0000000000006284                bstats
                0x00000000000063e4                malloc_reset_stats
                0x0000000000006444                malloc_get_stats
                0x0000000000006df0                malloc
                0x0000000000006e22                free
                0x0000000000006e48                calloc
                0x0000000000006ea6                realloc
                0x0000000000006ed4                memalign
                0x0000000000006f30                malloc_add_pool
                0x00000000000070b8                malloc_buffer_is_within_alloced
                0x0000000000007156                malloc_buffer_overlaps_heap
 .text          0x0000000000007218      0xf68 /home/test/devel/optee/optee_os/out/arm/export-ta_arm32/lib/libutils.a(snprintk.o)
                0x0000000000007218                snprintk
                0x000000000000724e                vsnprintk
                0x000000000000727c                __vsnprintf
 .text          0x0000000000008180      0x3d8 /home/test/devel/optee/optee_os/out/arm/export-ta_arm32/lib/libutils.a(trace.o)
                0x0000000000008180                trace_set_level
                0x00000000000081c8                trace_get_level
                0x000000000000829c                trace_printf
                0x0000000000008538                dhex_dump
 .text.__aeabi_ldivmod
                0x0000000000008558       0x18 /home/test/devel/optee/optee_os/out/arm/export-ta_arm32/lib/libutils.a(arm32_aeabi_ldivmod_a32.o)
                0x0000000000008558                __aeabi_ldivmod
 .text.__aeabi_uldivmod
                0x0000000000008570       0x18 /home/test/devel/optee/optee_os/out/arm/export-ta_arm32/lib/libutils.a(arm32_aeabi_ldivmod_a32.o)
                0x0000000000008570                __aeabi_uldivmod
 .text          0x0000000000008588      0x254 /home/test/devel/optee/optee_os/out/arm/export-ta_arm32/lib/libmpa.a(mpa_misc.o)
                0x0000000000008588                __mpa_set_unused_digits_to_zero
                0x00000000000085d0                mpa_wipe
                0x0000000000008604                mpa_copy
                0x000000000000864c                mpa_abs
                0x000000000000867e                mpa_highest_bit_index
                0x00000000000086fe                mpa_get_bit
                0x0000000000008768                mpa_can_hold
                0x000000000000879a                mpa_parity
                0x00000000000087c4                mpa_constant_one
 .text          0x00000000000087dc      0x4ec /home/test/devel/optee/optee_os/out/arm/export-ta_arm32/lib/libmpa.a(mpa_montgomery.o)
                0x00000000000087dc                __mpa_montgomery_mul_add
                0x0000000000008910                __mpa_montgomery_sub_ack
                0x0000000000008a2a                __mpa_montgomery_mul
                0x0000000000008b5a                mpa_compute_fmm_context
                0x0000000000008c7c                mpa_montgomery_mul
 .text          0x0000000000008cc8      0x450 /home/test/devel/optee/optee_os/out/arm/export-ta_arm32/lib/libmpa.a(mpa_primetest.o)
                0x0000000000008cc8                mpa_is_prob_prime
 .text          0x0000000000009118      0x204 /home/test/devel/optee/optee_os/out/arm/export-ta_arm32/lib/libmpa.a(mpa_random.o)
                0x0000000000009118                mpa_set_random_generator
                0x0000000000009174                mpa_get_random
                0x00000000000092b0                mpa_get_random_digits
 .text          0x000000000000931c      0x190 /home/test/devel/optee/optee_os/out/arm/export-ta_arm32/lib/libmpa.a(mpa_expmod.o)
                0x000000000000931c                mpa_exp_mod
 .text          0x00000000000094ac      0xa54 /home/test/devel/optee/optee_os/out/arm/export-ta_arm32/lib/libmpa.a(mpa_io.o)
                0x000000000000987e                mpa_get_str_size
                0x0000000000009892                mpa_set_str
                0x0000000000009bc4                mpa_get_str
                0x0000000000009cb8                mpa_set_oct_str
                0x0000000000009de8                mpa_get_oct_str
 .text          0x0000000000009f00       0x14 ./user_ta_header.o
                0x0000000000009f00                tahead_get_trace_level
 .text          0x0000000000009f14     0x1058 /home/test/devel/optee/optee_os/out/arm/export-ta_arm32/lib/libutee.a(tee_api_objects.o)
                0x0000000000009f14                __utee_from_attr
                0x000000000000a06a                TEE_GetObjectInfo
                0x000000000000a0d8                TEE_GetObjectInfo1
                0x000000000000a124                TEE_RestrictObjectUsage
                0x000000000000a170                TEE_RestrictObjectUsage1
                0x000000000000a1bc                TEE_GetObjectBufferAttribute
                0x000000000000a27e                TEE_GetObjectValueAttribute
                0x000000000000a35c                TEE_CloseObject
                0x000000000000a38e                TEE_AllocateTransientObject
                0x000000000000a3ee                TEE_FreeTransientObject
                0x000000000000a44e                TEE_ResetTransientObject
                0x000000000000a4ae                TEE_PopulateTransientObject
                0x000000000000a5dc                TEE_InitRefAttribute
                0x000000000000a628                TEE_InitValueAttribute
                0x000000000000a674                TEE_CopyObjectAttributes
                0x000000000000a6c0                TEE_CopyObjectAttributes1
                0x000000000000a778                TEE_GenerateKey
                0x000000000000a868                TEE_OpenPersistentObject
                0x000000000000a92e                TEE_CreatePersistentObject
                0x000000000000aa26                TEE_CloseAndDeletePersistentObject
                0x000000000000aa58                TEE_CloseAndDeletePersistentObject1
                0x000000000000aaa2                TEE_RenamePersistentObject
                0x000000000000ab36                TEE_AllocatePersistentObjectEnumerator
                0x000000000000ab96                TEE_FreePersistentObjectEnumerator
                0x000000000000abc8                TEE_ResetPersistentObjectEnumerator
                0x000000000000abfa                TEE_StartPersistentObjectEnumerator
                0x000000000000ac54                TEE_GetNextPersistentObject
                0x000000000000ad0e                TEE_ReadObjectData
                0x000000000000ad96                TEE_WriteObjectData
                0x000000000000ae14                TEE_TruncateObjectData
                0x000000000000ae80                TEE_SeekObjectData
 .text          0x000000000000af6c       0x1a /home/test/devel/optee/optee_os/out/arm/export-ta_arm32/lib/libutee.a(tee_api_panic.o)
                0x000000000000af6c                TEE_Panic
 .text          0x000000000000af86       0xaa /home/test/devel/optee/optee_os/out/arm/export-ta_arm32/lib/libutee.a(utee_misc.o)
                0x000000000000af86                utee_get_ta_exec_id
                0x000000000000af9a                utee_malloc
                0x000000000000afb6                utee_realloc
                0x000000000000afd6                utee_calloc
                0x000000000000aff6                utee_free
                0x000000000000b010                get_rng_array
 .text          0x000000000000b030       0x6a /home/test/devel/optee/optee_os/out/arm/export-ta_arm32/lib/libutils.a(snprintf.o)
                0x000000000000b030                snprintf
                0x000000000000b06c                vsnprintf
 .text          0x000000000000b09a       0xb8 /home/test/devel/optee/optee_os/out/arm/export-ta_arm32/lib/libutils.a(memcmp.o)
                0x000000000000b09a                memcmp
 .text          0x000000000000b152       0xf2 /home/test/devel/optee/optee_os/out/arm/export-ta_arm32/lib/libutils.a(memcpy.o)
                0x000000000000b152                memcpy
 .text          0x000000000000b244      0x13e /home/test/devel/optee/optee_os/out/arm/export-ta_arm32/lib/libutils.a(memmove.o)
                0x000000000000b244                memmove
 .text          0x000000000000b382      0x11c /home/test/devel/optee/optee_os/out/arm/export-ta_arm32/lib/libutils.a(memset.o)
                0x000000000000b382                memset
 .text          0x000000000000b49e       0x8a /home/test/devel/optee/optee_os/out/arm/export-ta_arm32/lib/libutils.a(strlen.o)
                0x000000000000b49e                strlen
 .text          0x000000000000b528       0x94 /home/test/devel/optee/optee_os/out/arm/export-ta_arm32/lib/libutils.a(buf_compare_ct.o)
                0x000000000000b528                buf_compare_ct
 .text          0x000000000000b5bc       0x30 /home/test/devel/optee/optee_os/out/arm/export-ta_arm32/lib/libutils.a(aeabi_unwind.o)
                0x000000000000b5bc                __aeabi_unwind_cpp_pr0
                0x000000000000b5cc                __aeabi_unwind_cpp_pr1
                0x000000000000b5dc                __aeabi_unwind_cpp_pr2
 .text          0x000000000000b5ec      0x114 /home/test/devel/optee/optee_os/out/arm/export-ta_arm32/lib/libutils.a(memchr.o)
                0x000000000000b5ec                memchr
 .text          0x000000000000b700      0x2b0 /home/test/devel/optee/optee_os/out/arm/export-ta_arm32/lib/libutils.a(arm32_aeabi_ldivmod.o)
                0x000000000000b858                __ul_divmod
                0x000000000000b8ca                __l_divmod
 .text          0x000000000000b9b0      0x146 /home/test/devel/optee/optee_os/out/arm/export-ta_arm32/lib/libmpa.a(mpa_conv.o)
                0x000000000000b9b0                mpa_set_S32
                0x000000000000b9fc                mpa_get_S32
                0x000000000000ba92                mpa_set_word
                0x000000000000bac4                mpa_get_word
 .text          0x000000000000baf6      0xa9c /home/test/devel/optee/optee_os/out/arm/export-ta_arm32/lib/libmpa.a(mpa_div.o)
                0x000000000000bbce                __mpa_div_dword
                0x000000000000c240                __mpa_div_q_r_internal_word
                0x000000000000c372                __mpa_div_q_r
                0x000000000000c4bc                mpa_div
 .text          0x000000000000c592      0x7dc /home/test/devel/optee/optee_os/out/arm/export-ta_arm32/lib/libmpa.a(mpa_gcd.o)
                0x000000000000caa8                mpa_gcd
                0x000000000000cb94                mpa_extended_gcd
 .text          0x000000000000cd6e      0x264 /home/test/devel/optee/optee_os/out/arm/export-ta_arm32/lib/libmpa.a(mpa_mem_static.o)
                0x000000000000cd6e                mpa_init_scratch_mem_sync
                0x000000000000cdb6                mpa_init_scratch_mem
                0x000000000000cde8                mpa_alloc_static_temp_var_size
                0x000000000000cf1c                mpa_alloc_static_temp_var
                0x000000000000cf42                mpa_free_static_temp_var
 .text          0x000000000000cfd2      0x42a /home/test/devel/optee/optee_os/out/arm/export-ta_arm32/lib/libmpa.a(mpa_mul.o)
                0x000000000000cfd2                __mpa_mul_add_word
                0x000000000000d04c                __mpa_mul_add_word_cum
                0x000000000000d0d4                __mpa_abs_mul_word
                0x000000000000d182                __mpa_abs_mul
                0x000000000000d28e                mpa_mul
                0x000000000000d352                mpa_mul_word
 .text          0x000000000000d3fc      0x56c /home/test/devel/optee/optee_os/out/arm/export-ta_arm32/lib/libmpa.a(mpa_shift.o)
                0x000000000000d3fc                __mpa_shift_words_left
                0x000000000000d4ae                __mpa_shift_words_right
                0x000000000000d562                mpa_shift_left
                0x000000000000d78a                mpa_shift_right
 .text          0x000000000000d968      0xab4 /home/test/devel/optee/optee_os/out/arm/export-ta_arm32/lib/libmpa.a(mpa_addsub.o)
                0x000000000000d968                __mpa_full_adder
                0x000000000000d9cc                __mpa_full_sub
                0x000000000000da34                __mpa_full_adder_ackum
                0x000000000000da98                __mpa_abs_add
                0x000000000000dbac                __mpa_abs_add_ackum
                0x000000000000dc92                __mpa_abs_sub
                0x000000000000dd7e                mpa_add
                0x000000000000df58                mpa_sub
                0x000000000000e15a                mpa_neg
                0x000000000000e184                mpa_add_word
                0x000000000000e2ce                mpa_sub_word
 .text          0x000000000000e41c      0x280 /home/test/devel/optee/optee_os/out/arm/export-ta_arm32/lib/libmpa.a(mpa_cmp.o)
                0x000000000000e41c                __mpa_abs_cmp
                0x000000000000e51a                __mpa_abs_greater_than
                0x000000000000e544                __mpa_abs_less_than
                0x000000000000e56a                mpa_cmp
                0x000000000000e5f4                mpa_cmp_short
 .text          0x000000000000e69c       0xe8 /home/test/devel/optee/optee_os/out/arm/export-ta_arm32/lib/libmpa.a(mpa_init.o)
                0x000000000000e69c                mpa_init_static
                0x000000000000e6e8                mpa_init_static_fmm_context
 .text          0x000000000000e784      0x204 /home/test/devel/optee/optee_os/out/arm/export-ta_arm32/lib/libmpa.a(mpa_modulus.o)
                0x000000000000e784                mpa_mod
                0x000000000000e7b0                mpa_add_mod
                0x000000000000e800                mpa_sub_mod
                0x000000000000e850                mpa_mul_mod
                0x000000000000e8a0                mpa_inv_mod
 .text          0x000000000000e988        0x0 /home/test/devel/optee/optee_os/out/arm/export-ta_arm32/lib/libutee.a(gprof_a32.o)
 .text          0x000000000000e988        0x0 /home/test/devel/optee/optee_os/out/arm/export-ta_arm32/lib/libutils.a(arm32_aeabi_ldivmod_a32.o)
 *(SORT(.stub))
 *(SORT(.glue_7))
 .glue_7        0x000000000000e988        0x0 linker stubs
 *(SORT(.glue_7t))
 .glue_7t       0x000000000000e988        0x0 linker stubs
 *(SORT(.gnu.linkonce.t.*))
 *(SORT(.vfp11_veneer))
 .vfp11_veneer  0x000000000000e988        0x0 linker stubs
                [!provide]                        PROVIDE (__gnu_mcount_nc, __utee_mcount)
                0x000000000000e988                __text_end = .

.v4_bx          0x000000000000e988        0x0
 .v4_bx         0x000000000000e988        0x0 linker stubs

.iplt           0x000000000000e988        0x0
 .iplt          0x000000000000e988        0x0 ./TA.o

.eh_frame
 *(SORT(.eh_frame))

.rodata         0x000000000000e988     0x1ab8
 *(SORT(.gnu.linkonce.r.*))
 *(SORT(.rodata) SORT(.rodata.*))
 .rodata.TA.c   0x000000000000e988      0x17f ./TA.o
 *fill*         0x000000000000eb07        0x1 
 .rodata.test.c
                0x000000000000eb08      0x2fb ./test.o
 *fill*         0x000000000000ee03        0x1 
 .rodata.user_ta_header.c
                0x000000000000ee04      0x104 ./user_ta_header.o
                0x000000000000ee04                trace_ext_prefix
                0x000000000000ee08                ta_heap_size
                0x000000000000ef04                ta_num_props
 .rodata.lib/libutee/tee_api.c
                0x000000000000ef08        0x4 /home/test/devel/optee/optee_os/out/arm/export-ta_arm32/lib/libutee.a(tee_api.o)
 .rodata.lib/libutee/tee_user_mem.c
                0x000000000000ef0c      0x184 /home/test/devel/optee/optee_os/out/arm/export-ta_arm32/lib/libutee.a(tee_user_mem.o)
 .rodata.lib/libutee/assert.c
                0x000000000000f090       0x27 /home/test/devel/optee/optee_os/out/arm/export-ta_arm32/lib/libutee.a(assert.o)
 *fill*         0x000000000000f0b7        0x1 
 .rodata.lib/libutee/tee_api_arith.c
                0x000000000000f0b8       0x5f /home/test/devel/optee/optee_os/out/arm/export-ta_arm32/lib/libutee.a(tee_api_arith.o)
 *fill*         0x000000000000f117        0x1 
 .rodata.lib/libutee/trace_ext.c
                0x000000000000f118        0x2 /home/test/devel/optee/optee_os/out/arm/export-ta_arm32/lib/libutee.a(trace_ext.o)
 *fill*         0x000000000000f11a        0x2 
 .rodata.lib/libutils/isoc/bget_malloc.c
                0x000000000000f11c      0x4a4 /home/test/devel/optee/optee_os/out/arm/export-ta_arm32/lib/libutils.a(bget_malloc.o)
 .rodata.lib/libutils/ext/snprintk.c
                0x000000000000f5c0       0x7d /home/test/devel/optee/optee_os/out/arm/export-ta_arm32/lib/libutils.a(snprintk.o)
 *fill*         0x000000000000f63d        0x3 
 .rodata.lib/libutils/ext/trace.c
                0x000000000000f640       0x29 /home/test/devel/optee/optee_os/out/arm/export-ta_arm32/lib/libutils.a(trace.o)
 *fill*         0x000000000000f669        0x3 
 .rodata.lib/libmpa/mpa_misc.c
                0x000000000000f66c       0x28 /home/test/devel/optee/optee_os/out/arm/export-ta_arm32/lib/libmpa.a(mpa_misc.o)
                0x000000000000f66c                const_largest_deci_base
                0x000000000000f678                Const_1_LShift_Base
                0x000000000000f688                const_one
 .rodata.lib/libmpa/mpa_primetest.c
                0x000000000000f694      0xd30 /home/test/devel/optee/optee_os/out/arm/export-ta_arm32/lib/libmpa.a(mpa_primetest.o)
                0x000000000000f694                MAX_TABULATED_PRIME
                0x000000000000f698                NR_STORED_PRIMES
                0x000000000000f69c                PRIME_TABLE
 .rodata.lib/libmpa/mpa_io.c
                0x00000000000103c4       0x7c /home/test/devel/optee/optee_os/out/arm/export-ta_arm32/lib/libmpa.a(mpa_io.o)

.ARM.extab      0x0000000000010440      0xdc0
 .ARM.extab     0x0000000000010440       0x24 ./TA.o
 .ARM.extab     0x0000000000010464       0x18 ./crypto.o
 .ARM.extab     0x000000000001047c       0x24 ./test.o
 .ARM.extab     0x00000000000104a0        0x0 ./user_ta_header.o
 .ARM.extab     0x00000000000104a0      0x120 /home/test/devel/optee/optee_os/out/arm/export-ta_arm32/lib/libutee.a(tee_api.o)
 .ARM.extab     0x00000000000105c0      0x15c /home/test/devel/optee/optee_os/out/arm/export-ta_arm32/lib/libutee.a(tee_api_objects.o)
 .ARM.extab     0x000000000001071c      0x12c /home/test/devel/optee/optee_os/out/arm/export-ta_arm32/lib/libutee.a(tee_api_operations.o)
 .ARM.extab     0x0000000000010848        0xc /home/test/devel/optee/optee_os/out/arm/export-ta_arm32/lib/libutee.a(tee_api_panic.o)
 .ARM.extab     0x0000000000010854       0x60 /home/test/devel/optee/optee_os/out/arm/export-ta_arm32/lib/libutee.a(user_ta_entry.o)
 .ARM.extab     0x00000000000108b4       0xb4 /home/test/devel/optee/optee_os/out/arm/export-ta_arm32/lib/libutee.a(tee_user_mem.o)
 .ARM.extab     0x0000000000010968        0xc /home/test/devel/optee/optee_os/out/arm/export-ta_arm32/lib/libutee.a(assert.o)
 .ARM.extab     0x0000000000010974      0x198 /home/test/devel/optee/optee_os/out/arm/export-ta_arm32/lib/libutee.a(tee_api_arith.o)
 .ARM.extab     0x0000000000010b0c       0x3c /home/test/devel/optee/optee_os/out/arm/export-ta_arm32/lib/libutee.a(utee_misc.o)
 .ARM.extab     0x0000000000010b48       0x34 /home/test/devel/optee/optee_os/out/arm/export-ta_arm32/lib/libutee.a(trace_ext.o)
 .ARM.extab     0x0000000000010b7c      0x1a4 /home/test/devel/optee/optee_os/out/arm/export-ta_arm32/lib/libutils.a(bget_malloc.o)
 .ARM.extab     0x0000000000010d20       0x18 /home/test/devel/optee/optee_os/out/arm/export-ta_arm32/lib/libutils.a(snprintf.o)
 .ARM.extab     0x0000000000010d38        0xc /home/test/devel/optee/optee_os/out/arm/export-ta_arm32/lib/libutils.a(memcmp.o)
 .ARM.extab     0x0000000000010d44        0xc /home/test/devel/optee/optee_os/out/arm/export-ta_arm32/lib/libutils.a(memcpy.o)
 .ARM.extab     0x0000000000010d50        0xc /home/test/devel/optee/optee_os/out/arm/export-ta_arm32/lib/libutils.a(memmove.o)
 .ARM.extab     0x0000000000010d5c        0xc /home/test/devel/optee/optee_os/out/arm/export-ta_arm32/lib/libutils.a(memset.o)
 .ARM.extab     0x0000000000010d68        0xc /home/test/devel/optee/optee_os/out/arm/export-ta_arm32/lib/libutils.a(strlen.o)
 .ARM.extab     0x0000000000010d74       0x24 /home/test/devel/optee/optee_os/out/arm/export-ta_arm32/lib/libutils.a(snprintk.o)
 .ARM.extab     0x0000000000010d98        0xc /home/test/devel/optee/optee_os/out/arm/export-ta_arm32/lib/libutils.a(buf_compare_ct.o)
 .ARM.extab     0x0000000000010da4       0x3c /home/test/devel/optee/optee_os/out/arm/export-ta_arm32/lib/libutils.a(trace.o)
 .ARM.extab     0x0000000000010de0        0x0 /home/test/devel/optee/optee_os/out/arm/export-ta_arm32/lib/libutils.a(aeabi_unwind.o)
 .ARM.extab     0x0000000000010de0        0xc /home/test/devel/optee/optee_os/out/arm/export-ta_arm32/lib/libutils.a(memchr.o)
 .ARM.extab     0x0000000000010dec       0x30 /home/test/devel/optee/optee_os/out/arm/export-ta_arm32/lib/libutils.a(arm32_aeabi_ldivmod.o)
 .ARM.extab     0x0000000000010e1c       0x60 /home/test/devel/optee/optee_os/out/arm/export-ta_arm32/lib/libmpa.a(mpa_misc.o)
 .ARM.extab     0x0000000000010e7c       0x24 /home/test/devel/optee/optee_os/out/arm/export-ta_arm32/lib/libmpa.a(mpa_montgomery.o)
 .ARM.extab     0x0000000000010ea0       0x30 /home/test/devel/optee/optee_os/out/arm/export-ta_arm32/lib/libmpa.a(mpa_primetest.o)
 .ARM.extab     0x0000000000010ed0       0x30 /home/test/devel/optee/optee_os/out/arm/export-ta_arm32/lib/libmpa.a(mpa_conv.o)
 .ARM.extab     0x0000000000010f00       0x48 /home/test/devel/optee/optee_os/out/arm/export-ta_arm32/lib/libmpa.a(mpa_div.o)
 .ARM.extab     0x0000000000010f48       0x3c /home/test/devel/optee/optee_os/out/arm/export-ta_arm32/lib/libmpa.a(mpa_gcd.o)
 .ARM.extab     0x0000000000010f84       0x3c /home/test/devel/optee/optee_os/out/arm/export-ta_arm32/lib/libmpa.a(mpa_mem_static.o)
 .ARM.extab     0x0000000000010fc0       0x30 /home/test/devel/optee/optee_os/out/arm/export-ta_arm32/lib/libmpa.a(mpa_mul.o)
 .ARM.extab     0x0000000000010ff0       0x30 /home/test/devel/optee/optee_os/out/arm/export-ta_arm32/lib/libmpa.a(mpa_random.o)
 .ARM.extab     0x0000000000011020       0x30 /home/test/devel/optee/optee_os/out/arm/export-ta_arm32/lib/libmpa.a(mpa_shift.o)
 .ARM.extab     0x0000000000011050       0x60 /home/test/devel/optee/optee_os/out/arm/export-ta_arm32/lib/libmpa.a(mpa_addsub.o)
 .ARM.extab     0x00000000000110b0       0x3c /home/test/devel/optee/optee_os/out/arm/export-ta_arm32/lib/libmpa.a(mpa_cmp.o)
 .ARM.extab     0x00000000000110ec        0xc /home/test/devel/optee/optee_os/out/arm/export-ta_arm32/lib/libmpa.a(mpa_expmod.o)
 .ARM.extab     0x00000000000110f8       0x18 /home/test/devel/optee/optee_os/out/arm/export-ta_arm32/lib/libmpa.a(mpa_init.o)
 .ARM.extab     0x0000000000011110       0xb4 /home/test/devel/optee/optee_os/out/arm/export-ta_arm32/lib/libmpa.a(mpa_io.o)
 .ARM.extab     0x00000000000111c4       0x3c /home/test/devel/optee/optee_os/out/arm/export-ta_arm32/lib/libmpa.a(mpa_modulus.o)

.gnu.version_d  0x0000000000011200        0x0
 .gnu.version_d
                0x0000000000011200        0x0 ./TA.o

.gnu.version    0x0000000000011200        0x0
 .gnu.version   0x0000000000011200        0x0 ./TA.o

.gnu.version_r  0x0000000000011200        0x0
 .gnu.version_r
                0x0000000000011200        0x0 ./TA.o

.ARM.extab.text.utee_panic
                0x0000000000011200        0xc
 .ARM.extab.text.utee_panic
                0x0000000000011200        0xc /home/test/devel/optee/optee_os/out/arm/export-ta_arm32/lib/libutee.a(utee_syscalls_a32.o)

.ARM.extab.text.utee_return
                0x000000000001120c        0x0
 .ARM.extab.text.utee_return
                0x000000000001120c        0x0 /home/test/devel/optee/optee_os/out/arm/export-ta_arm32/lib/libutee.a(utee_syscalls_a32.o)

.ARM.extab.text.utee_log
                0x000000000001120c        0x0
 .ARM.extab.text.utee_log
                0x000000000001120c        0x0 /home/test/devel/optee/optee_os/out/arm/export-ta_arm32/lib/libutee.a(utee_syscalls_a32.o)

.ARM.extab.text.__utee_panic
                0x000000000001120c        0x0
 .ARM.extab.text.__utee_panic
                0x000000000001120c        0x0 /home/test/devel/optee/optee_os/out/arm/export-ta_arm32/lib/libutee.a(utee_syscalls_a32.o)

.ARM.extab.text.utee_get_property
                0x000000000001120c        0x0
 .ARM.extab.text.utee_get_property
                0x000000000001120c        0x0 /home/test/devel/optee/optee_os/out/arm/export-ta_arm32/lib/libutee.a(utee_syscalls_a32.o)

.ARM.extab.text.utee_get_property_name_to_index
                0x000000000001120c        0x0
 .ARM.extab.text.utee_get_property_name_to_index
                0x000000000001120c        0x0 /home/test/devel/optee/optee_os/out/arm/export-ta_arm32/lib/libutee.a(utee_syscalls_a32.o)

.ARM.extab.text.utee_open_ta_session
                0x000000000001120c        0x0
 .ARM.extab.text.utee_open_ta_session
                0x000000000001120c        0x0 /home/test/devel/optee/optee_os/out/arm/export-ta_arm32/lib/libutee.a(utee_syscalls_a32.o)

.ARM.extab.text.utee_close_ta_session
                0x000000000001120c        0x0
 .ARM.extab.text.utee_close_ta_session
                0x000000000001120c        0x0 /home/test/devel/optee/optee_os/out/arm/export-ta_arm32/lib/libutee.a(utee_syscalls_a32.o)

.ARM.extab.text.utee_invoke_ta_command
                0x000000000001120c        0x0
 .ARM.extab.text.utee_invoke_ta_command
                0x000000000001120c        0x0 /home/test/devel/optee/optee_os/out/arm/export-ta_arm32/lib/libutee.a(utee_syscalls_a32.o)

.ARM.extab.text.utee_get_cancellation_flag
                0x000000000001120c        0x0
 .ARM.extab.text.utee_get_cancellation_flag
                0x000000000001120c        0x0 /home/test/devel/optee/optee_os/out/arm/export-ta_arm32/lib/libutee.a(utee_syscalls_a32.o)

.ARM.extab.text.utee_check_access_rights
                0x000000000001120c        0x0
 .ARM.extab.text.utee_check_access_rights
                0x000000000001120c        0x0 /home/test/devel/optee/optee_os/out/arm/export-ta_arm32/lib/libutee.a(utee_syscalls_a32.o)

.ARM.extab.text.utee_unmask_cancellation
                0x000000000001120c        0x0
 .ARM.extab.text.utee_unmask_cancellation
                0x000000000001120c        0x0 /home/test/devel/optee/optee_os/out/arm/export-ta_arm32/lib/libutee.a(utee_syscalls_a32.o)

.ARM.extab.text.utee_mask_cancellation
                0x000000000001120c        0x0
 .ARM.extab.text.utee_mask_cancellation
                0x000000000001120c        0x0 /home/test/devel/optee/optee_os/out/arm/export-ta_arm32/lib/libutee.a(utee_syscalls_a32.o)

.ARM.extab.text.utee_wait
                0x000000000001120c        0x0
 .ARM.extab.text.utee_wait
                0x000000000001120c        0x0 /home/test/devel/optee/optee_os/out/arm/export-ta_arm32/lib/libutee.a(utee_syscalls_a32.o)

.ARM.extab.text.utee_get_time
                0x000000000001120c        0x0
 .ARM.extab.text.utee_get_time
                0x000000000001120c        0x0 /home/test/devel/optee/optee_os/out/arm/export-ta_arm32/lib/libutee.a(utee_syscalls_a32.o)

.ARM.extab.text.utee_set_ta_time
                0x000000000001120c        0x0
 .ARM.extab.text.utee_set_ta_time
                0x000000000001120c        0x0 /home/test/devel/optee/optee_os/out/arm/export-ta_arm32/lib/libutee.a(utee_syscalls_a32.o)

.ARM.extab.text.utee_cryp_state_alloc
                0x000000000001120c        0x0
 .ARM.extab.text.utee_cryp_state_alloc
                0x000000000001120c        0x0 /home/test/devel/optee/optee_os/out/arm/export-ta_arm32/lib/libutee.a(utee_syscalls_a32.o)

.ARM.extab.text.utee_cryp_state_copy
                0x000000000001120c        0x0
 .ARM.extab.text.utee_cryp_state_copy
                0x000000000001120c        0x0 /home/test/devel/optee/optee_os/out/arm/export-ta_arm32/lib/libutee.a(utee_syscalls_a32.o)

.ARM.extab.text.utee_cryp_state_free
                0x000000000001120c        0x0
 .ARM.extab.text.utee_cryp_state_free
                0x000000000001120c        0x0 /home/test/devel/optee/optee_os/out/arm/export-ta_arm32/lib/libutee.a(utee_syscalls_a32.o)

.ARM.extab.text.utee_hash_init
                0x000000000001120c        0x0
 .ARM.extab.text.utee_hash_init
                0x000000000001120c        0x0 /home/test/devel/optee/optee_os/out/arm/export-ta_arm32/lib/libutee.a(utee_syscalls_a32.o)

.ARM.extab.text.utee_hash_update
                0x000000000001120c        0x0
 .ARM.extab.text.utee_hash_update
                0x000000000001120c        0x0 /home/test/devel/optee/optee_os/out/arm/export-ta_arm32/lib/libutee.a(utee_syscalls_a32.o)

.ARM.extab.text.utee_hash_final
                0x000000000001120c        0x0
 .ARM.extab.text.utee_hash_final
                0x000000000001120c        0x0 /home/test/devel/optee/optee_os/out/arm/export-ta_arm32/lib/libutee.a(utee_syscalls_a32.o)

.ARM.extab.text.utee_cipher_init
                0x000000000001120c        0x0
 .ARM.extab.text.utee_cipher_init
                0x000000000001120c        0x0 /home/test/devel/optee/optee_os/out/arm/export-ta_arm32/lib/libutee.a(utee_syscalls_a32.o)

.ARM.extab.text.utee_cipher_update
                0x000000000001120c        0x0
 .ARM.extab.text.utee_cipher_update
                0x000000000001120c        0x0 /home/test/devel/optee/optee_os/out/arm/export-ta_arm32/lib/libutee.a(utee_syscalls_a32.o)

.ARM.extab.text.utee_cipher_final
                0x000000000001120c        0x0
 .ARM.extab.text.utee_cipher_final
                0x000000000001120c        0x0 /home/test/devel/optee/optee_os/out/arm/export-ta_arm32/lib/libutee.a(utee_syscalls_a32.o)

.ARM.extab.text.utee_cryp_obj_get_info
                0x000000000001120c        0x0
 .ARM.extab.text.utee_cryp_obj_get_info
                0x000000000001120c        0x0 /home/test/devel/optee/optee_os/out/arm/export-ta_arm32/lib/libutee.a(utee_syscalls_a32.o)

.ARM.extab.text.utee_cryp_obj_restrict_usage
                0x000000000001120c        0x0
 .ARM.extab.text.utee_cryp_obj_restrict_usage
                0x000000000001120c        0x0 /home/test/devel/optee/optee_os/out/arm/export-ta_arm32/lib/libutee.a(utee_syscalls_a32.o)

.ARM.extab.text.utee_cryp_obj_get_attr
                0x000000000001120c        0x0
 .ARM.extab.text.utee_cryp_obj_get_attr
                0x000000000001120c        0x0 /home/test/devel/optee/optee_os/out/arm/export-ta_arm32/lib/libutee.a(utee_syscalls_a32.o)

.ARM.extab.text.utee_cryp_obj_alloc
                0x000000000001120c        0x0
 .ARM.extab.text.utee_cryp_obj_alloc
                0x000000000001120c        0x0 /home/test/devel/optee/optee_os/out/arm/export-ta_arm32/lib/libutee.a(utee_syscalls_a32.o)

.ARM.extab.text.utee_cryp_obj_close
                0x000000000001120c        0x0
 .ARM.extab.text.utee_cryp_obj_close
                0x000000000001120c        0x0 /home/test/devel/optee/optee_os/out/arm/export-ta_arm32/lib/libutee.a(utee_syscalls_a32.o)

.ARM.extab.text.utee_cryp_obj_reset
                0x000000000001120c        0x0
 .ARM.extab.text.utee_cryp_obj_reset
                0x000000000001120c        0x0 /home/test/devel/optee/optee_os/out/arm/export-ta_arm32/lib/libutee.a(utee_syscalls_a32.o)

.ARM.extab.text.utee_cryp_obj_populate
                0x000000000001120c        0x0
 .ARM.extab.text.utee_cryp_obj_populate
                0x000000000001120c        0x0 /home/test/devel/optee/optee_os/out/arm/export-ta_arm32/lib/libutee.a(utee_syscalls_a32.o)

.ARM.extab.text.utee_cryp_obj_copy
                0x000000000001120c        0x0
 .ARM.extab.text.utee_cryp_obj_copy
                0x000000000001120c        0x0 /home/test/devel/optee/optee_os/out/arm/export-ta_arm32/lib/libutee.a(utee_syscalls_a32.o)

.ARM.extab.text.utee_cryp_derive_key
                0x000000000001120c        0x0
 .ARM.extab.text.utee_cryp_derive_key
                0x000000000001120c        0x0 /home/test/devel/optee/optee_os/out/arm/export-ta_arm32/lib/libutee.a(utee_syscalls_a32.o)

.ARM.extab.text.utee_cryp_random_number_generate
                0x000000000001120c        0x0
 .ARM.extab.text.utee_cryp_random_number_generate
                0x000000000001120c        0x0 /home/test/devel/optee/optee_os/out/arm/export-ta_arm32/lib/libutee.a(utee_syscalls_a32.o)

.ARM.extab.text.utee_authenc_init
                0x000000000001120c        0x0
 .ARM.extab.text.utee_authenc_init
                0x000000000001120c        0x0 /home/test/devel/optee/optee_os/out/arm/export-ta_arm32/lib/libutee.a(utee_syscalls_a32.o)

.ARM.extab.text.utee_authenc_update_aad
                0x000000000001120c        0x0
 .ARM.extab.text.utee_authenc_update_aad
                0x000000000001120c        0x0 /home/test/devel/optee/optee_os/out/arm/export-ta_arm32/lib/libutee.a(utee_syscalls_a32.o)

.ARM.extab.text.utee_authenc_update_payload
                0x000000000001120c        0x0
 .ARM.extab.text.utee_authenc_update_payload
                0x000000000001120c        0x0 /home/test/devel/optee/optee_os/out/arm/export-ta_arm32/lib/libutee.a(utee_syscalls_a32.o)

.ARM.extab.text.utee_authenc_enc_final
                0x000000000001120c        0x0
 .ARM.extab.text.utee_authenc_enc_final
                0x000000000001120c        0x0 /home/test/devel/optee/optee_os/out/arm/export-ta_arm32/lib/libutee.a(utee_syscalls_a32.o)

.ARM.extab.text.utee_authenc_dec_final
                0x000000000001120c        0x0
 .ARM.extab.text.utee_authenc_dec_final
                0x000000000001120c        0x0 /home/test/devel/optee/optee_os/out/arm/export-ta_arm32/lib/libutee.a(utee_syscalls_a32.o)

.ARM.extab.text.utee_asymm_operate
                0x000000000001120c        0x0
 .ARM.extab.text.utee_asymm_operate
                0x000000000001120c        0x0 /home/test/devel/optee/optee_os/out/arm/export-ta_arm32/lib/libutee.a(utee_syscalls_a32.o)

.ARM.extab.text.utee_asymm_verify
                0x000000000001120c        0x0
 .ARM.extab.text.utee_asymm_verify
                0x000000000001120c        0x0 /home/test/devel/optee/optee_os/out/arm/export-ta_arm32/lib/libutee.a(utee_syscalls_a32.o)

.ARM.extab.text.utee_storage_obj_open
                0x000000000001120c        0x0
 .ARM.extab.text.utee_storage_obj_open
                0x000000000001120c        0x0 /home/test/devel/optee/optee_os/out/arm/export-ta_arm32/lib/libutee.a(utee_syscalls_a32.o)

.ARM.extab.text.utee_storage_obj_create
                0x000000000001120c        0x0
 .ARM.extab.text.utee_storage_obj_create
                0x000000000001120c        0x0 /home/test/devel/optee/optee_os/out/arm/export-ta_arm32/lib/libutee.a(utee_syscalls_a32.o)

.ARM.extab.text.utee_storage_obj_del
                0x000000000001120c        0x0
 .ARM.extab.text.utee_storage_obj_del
                0x000000000001120c        0x0 /home/test/devel/optee/optee_os/out/arm/export-ta_arm32/lib/libutee.a(utee_syscalls_a32.o)

.ARM.extab.text.utee_storage_obj_rename
                0x000000000001120c        0x0
 .ARM.extab.text.utee_storage_obj_rename
                0x000000000001120c        0x0 /home/test/devel/optee/optee_os/out/arm/export-ta_arm32/lib/libutee.a(utee_syscalls_a32.o)

.ARM.extab.text.utee_storage_alloc_enum
                0x000000000001120c        0x0
 .ARM.extab.text.utee_storage_alloc_enum
                0x000000000001120c        0x0 /home/test/devel/optee/optee_os/out/arm/export-ta_arm32/lib/libutee.a(utee_syscalls_a32.o)

.ARM.extab.text.utee_storage_free_enum
                0x000000000001120c        0x0
 .ARM.extab.text.utee_storage_free_enum
                0x000000000001120c        0x0 /home/test/devel/optee/optee_os/out/arm/export-ta_arm32/lib/libutee.a(utee_syscalls_a32.o)

.ARM.extab.text.utee_storage_reset_enum
                0x000000000001120c        0x0
 .ARM.extab.text.utee_storage_reset_enum
                0x000000000001120c        0x0 /home/test/devel/optee/optee_os/out/arm/export-ta_arm32/lib/libutee.a(utee_syscalls_a32.o)

.ARM.extab.text.utee_storage_start_enum
                0x000000000001120c        0x0
 .ARM.extab.text.utee_storage_start_enum
                0x000000000001120c        0x0 /home/test/devel/optee/optee_os/out/arm/export-ta_arm32/lib/libutee.a(utee_syscalls_a32.o)

.ARM.extab.text.utee_storage_next_enum
                0x000000000001120c        0x0
 .ARM.extab.text.utee_storage_next_enum
                0x000000000001120c        0x0 /home/test/devel/optee/optee_os/out/arm/export-ta_arm32/lib/libutee.a(utee_syscalls_a32.o)

.ARM.extab.text.utee_storage_obj_read
                0x000000000001120c        0x0
 .ARM.extab.text.utee_storage_obj_read
                0x000000000001120c        0x0 /home/test/devel/optee/optee_os/out/arm/export-ta_arm32/lib/libutee.a(utee_syscalls_a32.o)

.ARM.extab.text.utee_storage_obj_write
                0x000000000001120c        0x0
 .ARM.extab.text.utee_storage_obj_write
                0x000000000001120c        0x0 /home/test/devel/optee/optee_os/out/arm/export-ta_arm32/lib/libutee.a(utee_syscalls_a32.o)

.ARM.extab.text.utee_storage_obj_trunc
                0x000000000001120c        0x0
 .ARM.extab.text.utee_storage_obj_trunc
                0x000000000001120c        0x0 /home/test/devel/optee/optee_os/out/arm/export-ta_arm32/lib/libutee.a(utee_syscalls_a32.o)

.ARM.extab.text.utee_storage_obj_seek
                0x000000000001120c        0x0
 .ARM.extab.text.utee_storage_obj_seek
                0x000000000001120c        0x0 /home/test/devel/optee/optee_os/out/arm/export-ta_arm32/lib/libutee.a(utee_syscalls_a32.o)

.ARM.extab.text.utee_cryp_obj_generate_key
                0x000000000001120c        0x0
 .ARM.extab.text.utee_cryp_obj_generate_key
                0x000000000001120c        0x0 /home/test/devel/optee/optee_os/out/arm/export-ta_arm32/lib/libutee.a(utee_syscalls_a32.o)

.ARM.extab.text.utee_se_service_open
                0x000000000001120c        0x0
 .ARM.extab.text.utee_se_service_open
                0x000000000001120c        0x0 /home/test/devel/optee/optee_os/out/arm/export-ta_arm32/lib/libutee.a(utee_syscalls_a32.o)

.ARM.extab.text.utee_se_service_close
                0x000000000001120c        0x0
 .ARM.extab.text.utee_se_service_close
                0x000000000001120c        0x0 /home/test/devel/optee/optee_os/out/arm/export-ta_arm32/lib/libutee.a(utee_syscalls_a32.o)

.ARM.extab.text.utee_se_service_get_readers
                0x000000000001120c        0x0
 .ARM.extab.text.utee_se_service_get_readers
                0x000000000001120c        0x0 /home/test/devel/optee/optee_os/out/arm/export-ta_arm32/lib/libutee.a(utee_syscalls_a32.o)

.ARM.extab.text.utee_se_reader_get_prop
                0x000000000001120c        0x0
 .ARM.extab.text.utee_se_reader_get_prop
                0x000000000001120c        0x0 /home/test/devel/optee/optee_os/out/arm/export-ta_arm32/lib/libutee.a(utee_syscalls_a32.o)

.ARM.extab.text.utee_se_reader_get_name
                0x000000000001120c        0x0
 .ARM.extab.text.utee_se_reader_get_name
                0x000000000001120c        0x0 /home/test/devel/optee/optee_os/out/arm/export-ta_arm32/lib/libutee.a(utee_syscalls_a32.o)

.ARM.extab.text.utee_se_reader_open_session
                0x000000000001120c        0x0
 .ARM.extab.text.utee_se_reader_open_session
                0x000000000001120c        0x0 /home/test/devel/optee/optee_os/out/arm/export-ta_arm32/lib/libutee.a(utee_syscalls_a32.o)

.ARM.extab.text.utee_se_reader_close_sessions
                0x000000000001120c        0x0
 .ARM.extab.text.utee_se_reader_close_sessions
                0x000000000001120c        0x0 /home/test/devel/optee/optee_os/out/arm/export-ta_arm32/lib/libutee.a(utee_syscalls_a32.o)

.ARM.extab.text.utee_se_session_is_closed
                0x000000000001120c        0x0
 .ARM.extab.text.utee_se_session_is_closed
                0x000000000001120c        0x0 /home/test/devel/optee/optee_os/out/arm/export-ta_arm32/lib/libutee.a(utee_syscalls_a32.o)

.ARM.extab.text.utee_se_session_get_atr
                0x000000000001120c        0x0
 .ARM.extab.text.utee_se_session_get_atr
                0x000000000001120c        0x0 /home/test/devel/optee/optee_os/out/arm/export-ta_arm32/lib/libutee.a(utee_syscalls_a32.o)

.ARM.extab.text.utee_se_session_open_channel
                0x000000000001120c        0x0
 .ARM.extab.text.utee_se_session_open_channel
                0x000000000001120c        0x0 /home/test/devel/optee/optee_os/out/arm/export-ta_arm32/lib/libutee.a(utee_syscalls_a32.o)

.ARM.extab.text.utee_se_session_close
                0x000000000001120c        0x0
 .ARM.extab.text.utee_se_session_close
                0x000000000001120c        0x0 /home/test/devel/optee/optee_os/out/arm/export-ta_arm32/lib/libutee.a(utee_syscalls_a32.o)

.ARM.extab.text.utee_se_channel_select_next
                0x000000000001120c        0x0
 .ARM.extab.text.utee_se_channel_select_next
                0x000000000001120c        0x0 /home/test/devel/optee/optee_os/out/arm/export-ta_arm32/lib/libutee.a(utee_syscalls_a32.o)

.ARM.extab.text.utee_se_channel_get_select_resp
                0x000000000001120c        0x0
 .ARM.extab.text.utee_se_channel_get_select_resp
                0x000000000001120c        0x0 /home/test/devel/optee/optee_os/out/arm/export-ta_arm32/lib/libutee.a(utee_syscalls_a32.o)

.ARM.extab.text.utee_se_channel_transmit
                0x000000000001120c        0x0
 .ARM.extab.text.utee_se_channel_transmit
                0x000000000001120c        0x0 /home/test/devel/optee/optee_os/out/arm/export-ta_arm32/lib/libutee.a(utee_syscalls_a32.o)

.ARM.extab.text.utee_se_channel_close
                0x000000000001120c        0x0
 .ARM.extab.text.utee_se_channel_close
                0x000000000001120c        0x0 /home/test/devel/optee/optee_os/out/arm/export-ta_arm32/lib/libutee.a(utee_syscalls_a32.o)

.ARM.extab.text.utee_cache_operation
                0x000000000001120c        0x0
 .ARM.extab.text.utee_cache_operation
                0x000000000001120c        0x0 /home/test/devel/optee/optee_os/out/arm/export-ta_arm32/lib/libutee.a(utee_syscalls_a32.o)

.ARM.extab.text.__aeabi_ldivmod
                0x000000000001120c        0xc
 .ARM.extab.text.__aeabi_ldivmod
                0x000000000001120c        0xc /home/test/devel/optee/optee_os/out/arm/export-ta_arm32/lib/libutils.a(arm32_aeabi_ldivmod_a32.o)

.ARM.extab.text.__aeabi_uldivmod
                0x0000000000011218        0xc
 .ARM.extab.text.__aeabi_uldivmod
                0x0000000000011218        0xc /home/test/devel/optee/optee_os/out/arm/export-ta_arm32/lib/libutils.a(arm32_aeabi_ldivmod_a32.o)

.ARM.exidx      0x0000000000011224      0xa40
 *(SORT(.ARM.exidx*) SORT(.gnu.linkonce.armexidx.*))
 .ARM.exidx     0x0000000000011224       0x20 ./TA.o
                                         0x28 (size before relaxing)
 .ARM.exidx     0x0000000000011244       0x10 ./crypto.o
 .ARM.exidx     0x0000000000011254       0x18 ./test.o
 .ARM.exidx     0x0000000000011924        0x8 ./user_ta_header.o
 .ARM.exidx     0x000000000001126c       0xc8 /home/test/devel/optee/optee_os/out/arm/export-ta_arm32/lib/libutee.a(tee_api.o)
 .ARM.exidx     0x000000000001192c       0xf8 /home/test/devel/optee/optee_os/out/arm/export-ta_arm32/lib/libutee.a(tee_api_objects.o)
 .ARM.exidx     0x0000000000011334       0xe0 /home/test/devel/optee/optee_os/out/arm/export-ta_arm32/lib/libutee.a(tee_api_operations.o)
                                         0xf0 (size before relaxing)
 .ARM.exidx     0x0000000000011a24        0x8 /home/test/devel/optee/optee_os/out/arm/export-ta_arm32/lib/libutee.a(tee_api_panic.o)
 .ARM.exidx     0x0000000000011414       0x58 /home/test/devel/optee/optee_os/out/arm/export-ta_arm32/lib/libutee.a(user_ta_entry.o)
                                         0x60 (size before relaxing)
 .ARM.exidx.text.utee_panic
                0x000000000001146c        0x8 /home/test/devel/optee/optee_os/out/arm/export-ta_arm32/lib/libutee.a(utee_syscalls_a32.o)
 .ARM.exidx.text.utee_return
                0x0000000000011474        0x8 /home/test/devel/optee/optee_os/out/arm/export-ta_arm32/lib/libutee.a(utee_syscalls_a32.o)
 .ARM.exidx.text.utee_log
                0x000000000001147c        0x0 /home/test/devel/optee/optee_os/out/arm/export-ta_arm32/lib/libutee.a(utee_syscalls_a32.o)
                                          0x8 (size before relaxing)
 .ARM.exidx.text.__utee_panic
                0x000000000001147c        0x0 /home/test/devel/optee/optee_os/out/arm/export-ta_arm32/lib/libutee.a(utee_syscalls_a32.o)
                                          0x8 (size before relaxing)
 .ARM.exidx.text.utee_get_property
                0x000000000001147c        0x0 /home/test/devel/optee/optee_os/out/arm/export-ta_arm32/lib/libutee.a(utee_syscalls_a32.o)
                                          0x8 (size before relaxing)
 .ARM.exidx.text.utee_get_property_name_to_index
                0x000000000001147c        0x0 /home/test/devel/optee/optee_os/out/arm/export-ta_arm32/lib/libutee.a(utee_syscalls_a32.o)
                                          0x8 (size before relaxing)
 .ARM.exidx.text.utee_open_ta_session
                0x000000000001147c        0x0 /home/test/devel/optee/optee_os/out/arm/export-ta_arm32/lib/libutee.a(utee_syscalls_a32.o)
                                          0x8 (size before relaxing)
 .ARM.exidx.text.utee_close_ta_session
                0x000000000001147c        0x0 /home/test/devel/optee/optee_os/out/arm/export-ta_arm32/lib/libutee.a(utee_syscalls_a32.o)
                                          0x8 (size before relaxing)
 .ARM.exidx.text.utee_invoke_ta_command
                0x000000000001147c        0x0 /home/test/devel/optee/optee_os/out/arm/export-ta_arm32/lib/libutee.a(utee_syscalls_a32.o)
                                          0x8 (size before relaxing)
 .ARM.exidx.text.utee_get_cancellation_flag
                0x000000000001147c        0x0 /home/test/devel/optee/optee_os/out/arm/export-ta_arm32/lib/libutee.a(utee_syscalls_a32.o)
                                          0x8 (size before relaxing)
 .ARM.exidx.text.utee_check_access_rights
                0x000000000001147c        0x0 /home/test/devel/optee/optee_os/out/arm/export-ta_arm32/lib/libutee.a(utee_syscalls_a32.o)
                                          0x8 (size before relaxing)
 .ARM.exidx.text.utee_unmask_cancellation
                0x000000000001147c        0x0 /home/test/devel/optee/optee_os/out/arm/export-ta_arm32/lib/libutee.a(utee_syscalls_a32.o)
                                          0x8 (size before relaxing)
 .ARM.exidx.text.utee_mask_cancellation
                0x000000000001147c        0x0 /home/test/devel/optee/optee_os/out/arm/export-ta_arm32/lib/libutee.a(utee_syscalls_a32.o)
                                          0x8 (size before relaxing)
 .ARM.exidx.text.utee_wait
                0x000000000001147c        0x0 /home/test/devel/optee/optee_os/out/arm/export-ta_arm32/lib/libutee.a(utee_syscalls_a32.o)
                                          0x8 (size before relaxing)
 .ARM.exidx.text.utee_get_time
                0x000000000001147c        0x0 /home/test/devel/optee/optee_os/out/arm/export-ta_arm32/lib/libutee.a(utee_syscalls_a32.o)
                                          0x8 (size before relaxing)
 .ARM.exidx.text.utee_set_ta_time
                0x000000000001147c        0x0 /home/test/devel/optee/optee_os/out/arm/export-ta_arm32/lib/libutee.a(utee_syscalls_a32.o)
                                          0x8 (size before relaxing)
 .ARM.exidx.text.utee_cryp_state_alloc
                0x000000000001147c        0x0 /home/test/devel/optee/optee_os/out/arm/export-ta_arm32/lib/libutee.a(utee_syscalls_a32.o)
                                          0x8 (size before relaxing)
 .ARM.exidx.text.utee_cryp_state_copy
                0x000000000001147c        0x0 /home/test/devel/optee/optee_os/out/arm/export-ta_arm32/lib/libutee.a(utee_syscalls_a32.o)
                                          0x8 (size before relaxing)
 .ARM.exidx.text.utee_cryp_state_free
                0x000000000001147c        0x0 /home/test/devel/optee/optee_os/out/arm/export-ta_arm32/lib/libutee.a(utee_syscalls_a32.o)
                                          0x8 (size before relaxing)
 .ARM.exidx.text.utee_hash_init
                0x000000000001147c        0x0 /home/test/devel/optee/optee_os/out/arm/export-ta_arm32/lib/libutee.a(utee_syscalls_a32.o)
                                          0x8 (size before relaxing)
 .ARM.exidx.text.utee_hash_update
                0x000000000001147c        0x0 /home/test/devel/optee/optee_os/out/arm/export-ta_arm32/lib/libutee.a(utee_syscalls_a32.o)
                                          0x8 (size before relaxing)
 .ARM.exidx.text.utee_hash_final
                0x000000000001147c        0x0 /home/test/devel/optee/optee_os/out/arm/export-ta_arm32/lib/libutee.a(utee_syscalls_a32.o)
                                          0x8 (size before relaxing)
 .ARM.exidx.text.utee_cipher_init
                0x000000000001147c        0x0 /home/test/devel/optee/optee_os/out/arm/export-ta_arm32/lib/libutee.a(utee_syscalls_a32.o)
                                          0x8 (size before relaxing)
 .ARM.exidx.text.utee_cipher_update
                0x000000000001147c        0x0 /home/test/devel/optee/optee_os/out/arm/export-ta_arm32/lib/libutee.a(utee_syscalls_a32.o)
                                          0x8 (size before relaxing)
 .ARM.exidx.text.utee_cipher_final
                0x000000000001147c        0x0 /home/test/devel/optee/optee_os/out/arm/export-ta_arm32/lib/libutee.a(utee_syscalls_a32.o)
                                          0x8 (size before relaxing)
 .ARM.exidx.text.utee_cryp_obj_get_info
                0x000000000001147c        0x0 /home/test/devel/optee/optee_os/out/arm/export-ta_arm32/lib/libutee.a(utee_syscalls_a32.o)
                                          0x8 (size before relaxing)
 .ARM.exidx.text.utee_cryp_obj_restrict_usage
                0x000000000001147c        0x0 /home/test/devel/optee/optee_os/out/arm/export-ta_arm32/lib/libutee.a(utee_syscalls_a32.o)
                                          0x8 (size before relaxing)
 .ARM.exidx.text.utee_cryp_obj_get_attr
                0x000000000001147c        0x0 /home/test/devel/optee/optee_os/out/arm/export-ta_arm32/lib/libutee.a(utee_syscalls_a32.o)
                                          0x8 (size before relaxing)
 .ARM.exidx.text.utee_cryp_obj_alloc
                0x000000000001147c        0x0 /home/test/devel/optee/optee_os/out/arm/export-ta_arm32/lib/libutee.a(utee_syscalls_a32.o)
                                          0x8 (size before relaxing)
 .ARM.exidx.text.utee_cryp_obj_close
                0x000000000001147c        0x0 /home/test/devel/optee/optee_os/out/arm/export-ta_arm32/lib/libutee.a(utee_syscalls_a32.o)
                                          0x8 (size before relaxing)
 .ARM.exidx.text.utee_cryp_obj_reset
                0x000000000001147c        0x0 /home/test/devel/optee/optee_os/out/arm/export-ta_arm32/lib/libutee.a(utee_syscalls_a32.o)
                                          0x8 (size before relaxing)
 .ARM.exidx.text.utee_cryp_obj_populate
                0x000000000001147c        0x0 /home/test/devel/optee/optee_os/out/arm/export-ta_arm32/lib/libutee.a(utee_syscalls_a32.o)
                                          0x8 (size before relaxing)
 .ARM.exidx.text.utee_cryp_obj_copy
                0x000000000001147c        0x0 /home/test/devel/optee/optee_os/out/arm/export-ta_arm32/lib/libutee.a(utee_syscalls_a32.o)
                                          0x8 (size before relaxing)
 .ARM.exidx.text.utee_cryp_derive_key
                0x000000000001147c        0x0 /home/test/devel/optee/optee_os/out/arm/export-ta_arm32/lib/libutee.a(utee_syscalls_a32.o)
                                          0x8 (size before relaxing)
 .ARM.exidx.text.utee_cryp_random_number_generate
                0x000000000001147c        0x0 /home/test/devel/optee/optee_os/out/arm/export-ta_arm32/lib/libutee.a(utee_syscalls_a32.o)
                                          0x8 (size before relaxing)
 .ARM.exidx.text.utee_authenc_init
                0x000000000001147c        0x0 /home/test/devel/optee/optee_os/out/arm/export-ta_arm32/lib/libutee.a(utee_syscalls_a32.o)
                                          0x8 (size before relaxing)
 .ARM.exidx.text.utee_authenc_update_aad
                0x000000000001147c        0x0 /home/test/devel/optee/optee_os/out/arm/export-ta_arm32/lib/libutee.a(utee_syscalls_a32.o)
                                          0x8 (size before relaxing)
 .ARM.exidx.text.utee_authenc_update_payload
                0x000000000001147c        0x0 /home/test/devel/optee/optee_os/out/arm/export-ta_arm32/lib/libutee.a(utee_syscalls_a32.o)
                                          0x8 (size before relaxing)
 .ARM.exidx.text.utee_authenc_enc_final
                0x000000000001147c        0x0 /home/test/devel/optee/optee_os/out/arm/export-ta_arm32/lib/libutee.a(utee_syscalls_a32.o)
                                          0x8 (size before relaxing)
 .ARM.exidx.text.utee_authenc_dec_final
                0x000000000001147c        0x0 /home/test/devel/optee/optee_os/out/arm/export-ta_arm32/lib/libutee.a(utee_syscalls_a32.o)
                                          0x8 (size before relaxing)
 .ARM.exidx.text.utee_asymm_operate
                0x000000000001147c        0x0 /home/test/devel/optee/optee_os/out/arm/export-ta_arm32/lib/libutee.a(utee_syscalls_a32.o)
                                          0x8 (size before relaxing)
 .ARM.exidx.text.utee_asymm_verify
                0x000000000001147c        0x0 /home/test/devel/optee/optee_os/out/arm/export-ta_arm32/lib/libutee.a(utee_syscalls_a32.o)
                                          0x8 (size before relaxing)
 .ARM.exidx.text.utee_storage_obj_open
                0x000000000001147c        0x0 /home/test/devel/optee/optee_os/out/arm/export-ta_arm32/lib/libutee.a(utee_syscalls_a32.o)
                                          0x8 (size before relaxing)
 .ARM.exidx.text.utee_storage_obj_create
                0x000000000001147c        0x0 /home/test/devel/optee/optee_os/out/arm/export-ta_arm32/lib/libutee.a(utee_syscalls_a32.o)
                                          0x8 (size before relaxing)
 .ARM.exidx.text.utee_storage_obj_del
                0x000000000001147c        0x0 /home/test/devel/optee/optee_os/out/arm/export-ta_arm32/lib/libutee.a(utee_syscalls_a32.o)
                                          0x8 (size before relaxing)
 .ARM.exidx.text.utee_storage_obj_rename
                0x000000000001147c        0x0 /home/test/devel/optee/optee_os/out/arm/export-ta_arm32/lib/libutee.a(utee_syscalls_a32.o)
                                          0x8 (size before relaxing)
 .ARM.exidx.text.utee_storage_alloc_enum
                0x000000000001147c        0x0 /home/test/devel/optee/optee_os/out/arm/export-ta_arm32/lib/libutee.a(utee_syscalls_a32.o)
                                          0x8 (size before relaxing)
 .ARM.exidx.text.utee_storage_free_enum
                0x000000000001147c        0x0 /home/test/devel/optee/optee_os/out/arm/export-ta_arm32/lib/libutee.a(utee_syscalls_a32.o)
                                          0x8 (size before relaxing)
 .ARM.exidx.text.utee_storage_reset_enum
                0x000000000001147c        0x0 /home/test/devel/optee/optee_os/out/arm/export-ta_arm32/lib/libutee.a(utee_syscalls_a32.o)
                                          0x8 (size before relaxing)
 .ARM.exidx.text.utee_storage_start_enum
                0x000000000001147c        0x0 /home/test/devel/optee/optee_os/out/arm/export-ta_arm32/lib/libutee.a(utee_syscalls_a32.o)
                                          0x8 (size before relaxing)
 .ARM.exidx.text.utee_storage_next_enum
                0x000000000001147c        0x0 /home/test/devel/optee/optee_os/out/arm/export-ta_arm32/lib/libutee.a(utee_syscalls_a32.o)
                                          0x8 (size before relaxing)
 .ARM.exidx.text.utee_storage_obj_read
                0x000000000001147c        0x0 /home/test/devel/optee/optee_os/out/arm/export-ta_arm32/lib/libutee.a(utee_syscalls_a32.o)
                                          0x8 (size before relaxing)
 .ARM.exidx.text.utee_storage_obj_write
                0x000000000001147c        0x0 /home/test/devel/optee/optee_os/out/arm/export-ta_arm32/lib/libutee.a(utee_syscalls_a32.o)
                                          0x8 (size before relaxing)
 .ARM.exidx.text.utee_storage_obj_trunc
                0x000000000001147c        0x0 /home/test/devel/optee/optee_os/out/arm/export-ta_arm32/lib/libutee.a(utee_syscalls_a32.o)
                                          0x8 (size before relaxing)
 .ARM.exidx.text.utee_storage_obj_seek
                0x000000000001147c        0x0 /home/test/devel/optee/optee_os/out/arm/export-ta_arm32/lib/libutee.a(utee_syscalls_a32.o)
                                          0x8 (size before relaxing)
 .ARM.exidx.text.utee_cryp_obj_generate_key
                0x000000000001147c        0x0 /home/test/devel/optee/optee_os/out/arm/export-ta_arm32/lib/libutee.a(utee_syscalls_a32.o)
                                          0x8 (size before relaxing)
 .ARM.exidx.text.utee_se_service_open
                0x000000000001147c        0x0 /home/test/devel/optee/optee_os/out/arm/export-ta_arm32/lib/libutee.a(utee_syscalls_a32.o)
                                          0x8 (size before relaxing)
 .ARM.exidx.text.utee_se_service_close
                0x000000000001147c        0x0 /home/test/devel/optee/optee_os/out/arm/export-ta_arm32/lib/libutee.a(utee_syscalls_a32.o)
                                          0x8 (size before relaxing)
 .ARM.exidx.text.utee_se_service_get_readers
                0x000000000001147c        0x0 /home/test/devel/optee/optee_os/out/arm/export-ta_arm32/lib/libutee.a(utee_syscalls_a32.o)
                                          0x8 (size before relaxing)
 .ARM.exidx.text.utee_se_reader_get_prop
                0x000000000001147c        0x0 /home/test/devel/optee/optee_os/out/arm/export-ta_arm32/lib/libutee.a(utee_syscalls_a32.o)
                                          0x8 (size before relaxing)
 .ARM.exidx.text.utee_se_reader_get_name
                0x000000000001147c        0x0 /home/test/devel/optee/optee_os/out/arm/export-ta_arm32/lib/libutee.a(utee_syscalls_a32.o)
                                          0x8 (size before relaxing)
 .ARM.exidx.text.utee_se_reader_open_session
                0x000000000001147c        0x0 /home/test/devel/optee/optee_os/out/arm/export-ta_arm32/lib/libutee.a(utee_syscalls_a32.o)
                                          0x8 (size before relaxing)
 .ARM.exidx.text.utee_se_reader_close_sessions
                0x000000000001147c        0x0 /home/test/devel/optee/optee_os/out/arm/export-ta_arm32/lib/libutee.a(utee_syscalls_a32.o)
                                          0x8 (size before relaxing)
 .ARM.exidx.text.utee_se_session_is_closed
                0x000000000001147c        0x0 /home/test/devel/optee/optee_os/out/arm/export-ta_arm32/lib/libutee.a(utee_syscalls_a32.o)
                                          0x8 (size before relaxing)
 .ARM.exidx.text.utee_se_session_get_atr
                0x000000000001147c        0x0 /home/test/devel/optee/optee_os/out/arm/export-ta_arm32/lib/libutee.a(utee_syscalls_a32.o)
                                          0x8 (size before relaxing)
 .ARM.exidx.text.utee_se_session_open_channel
                0x000000000001147c        0x0 /home/test/devel/optee/optee_os/out/arm/export-ta_arm32/lib/libutee.a(utee_syscalls_a32.o)
                                          0x8 (size before relaxing)
 .ARM.exidx.text.utee_se_session_close
                0x000000000001147c        0x0 /home/test/devel/optee/optee_os/out/arm/export-ta_arm32/lib/libutee.a(utee_syscalls_a32.o)
                                          0x8 (size before relaxing)
 .ARM.exidx.text.utee_se_channel_select_next
                0x000000000001147c        0x0 /home/test/devel/optee/optee_os/out/arm/export-ta_arm32/lib/libutee.a(utee_syscalls_a32.o)
                                          0x8 (size before relaxing)
 .ARM.exidx.text.utee_se_channel_get_select_resp
                0x000000000001147c        0x0 /home/test/devel/optee/optee_os/out/arm/export-ta_arm32/lib/libutee.a(utee_syscalls_a32.o)
                                          0x8 (size before relaxing)
 .ARM.exidx.text.utee_se_channel_transmit
                0x000000000001147c        0x0 /home/test/devel/optee/optee_os/out/arm/export-ta_arm32/lib/libutee.a(utee_syscalls_a32.o)
                                          0x8 (size before relaxing)
 .ARM.exidx.text.utee_se_channel_close
                0x000000000001147c        0x0 /home/test/devel/optee/optee_os/out/arm/export-ta_arm32/lib/libutee.a(utee_syscalls_a32.o)
                                          0x8 (size before relaxing)
 .ARM.exidx.text.utee_cache_operation
                0x000000000001147c        0x8 /home/test/devel/optee/optee_os/out/arm/export-ta_arm32/lib/libutee.a(utee_syscalls_a32.o)
 .ARM.exidx     0x0000000000011484       0x88 /home/test/devel/optee/optee_os/out/arm/export-ta_arm32/lib/libutee.a(tee_user_mem.o)
 .ARM.exidx     0x000000000001150c       0x10 /home/test/devel/optee/optee_os/out/arm/export-ta_arm32/lib/libutee.a(assert.o)
 .ARM.exidx     0x000000000001151c      0x110 /home/test/devel/optee/optee_os/out/arm/export-ta_arm32/lib/libutee.a(tee_api_arith.o)
 .ARM.exidx     0x0000000000011a2c       0x30 /home/test/devel/optee/optee_os/out/arm/export-ta_arm32/lib/libutee.a(utee_misc.o)
 .ARM.exidx     0x000000000001162c       0x28 /home/test/devel/optee/optee_os/out/arm/export-ta_arm32/lib/libutee.a(trace_ext.o)
 .ARM.exidx     0x0000000000011654      0x128 /home/test/devel/optee/optee_os/out/arm/export-ta_arm32/lib/libutils.a(bget_malloc.o)
 .ARM.exidx     0x0000000000011a5c       0x10 /home/test/devel/optee/optee_os/out/arm/export-ta_arm32/lib/libutils.a(snprintf.o)
 .ARM.exidx     0x0000000000011a6c        0x8 /home/test/devel/optee/optee_os/out/arm/export-ta_arm32/lib/libutils.a(memcmp.o)
 .ARM.exidx     0x0000000000011a74        0x8 /home/test/devel/optee/optee_os/out/arm/export-ta_arm32/lib/libutils.a(memcpy.o)
 .ARM.exidx     0x0000000000011a7c        0x8 /home/test/devel/optee/optee_os/out/arm/export-ta_arm32/lib/libutils.a(memmove.o)
 .ARM.exidx     0x0000000000011a84        0x8 /home/test/devel/optee/optee_os/out/arm/export-ta_arm32/lib/libutils.a(memset.o)
 .ARM.exidx     0x0000000000011a8c        0x8 /home/test/devel/optee/optee_os/out/arm/export-ta_arm32/lib/libutils.a(strlen.o)
 .ARM.exidx     0x000000000001177c       0x28 /home/test/devel/optee/optee_os/out/arm/export-ta_arm32/lib/libutils.a(snprintk.o)
 .ARM.exidx     0x0000000000011a94        0x8 /home/test/devel/optee/optee_os/out/arm/export-ta_arm32/lib/libutils.a(buf_compare_ct.o)
 .ARM.exidx     0x00000000000117a4       0x30 /home/test/devel/optee/optee_os/out/arm/export-ta_arm32/lib/libutils.a(trace.o)
 .ARM.exidx     0x0000000000011a9c        0x8 /home/test/devel/optee/optee_os/out/arm/export-ta_arm32/lib/libutils.a(aeabi_unwind.o)
                                         0x18 (size before relaxing)
 .ARM.exidx     0x0000000000011aa4        0x8 /home/test/devel/optee/optee_os/out/arm/export-ta_arm32/lib/libutils.a(memchr.o)
 .ARM.exidx.text.__aeabi_ldivmod
                0x00000000000117d4        0x8 /home/test/devel/optee/optee_os/out/arm/export-ta_arm32/lib/libutils.a(arm32_aeabi_ldivmod_a32.o)
 .ARM.exidx.text.__aeabi_uldivmod
                0x00000000000117dc        0x8 /home/test/devel/optee/optee_os/out/arm/export-ta_arm32/lib/libutils.a(arm32_aeabi_ldivmod_a32.o)
 .ARM.exidx     0x0000000000011aac       0x20 /home/test/devel/optee/optee_os/out/arm/export-ta_arm32/lib/libutils.a(arm32_aeabi_ldivmod.o)
 .ARM.exidx     0x00000000000117e4       0x48 /home/test/devel/optee/optee_os/out/arm/export-ta_arm32/lib/libmpa.a(mpa_misc.o)
 .ARM.exidx     0x000000000001182c       0x28 /home/test/devel/optee/optee_os/out/arm/export-ta_arm32/lib/libmpa.a(mpa_montgomery.o)
 .ARM.exidx     0x0000000000011854       0x28 /home/test/devel/optee/optee_os/out/arm/export-ta_arm32/lib/libmpa.a(mpa_primetest.o)
 .ARM.exidx     0x0000000000011acc       0x20 /home/test/devel/optee/optee_os/out/arm/export-ta_arm32/lib/libmpa.a(mpa_conv.o)
 .ARM.exidx     0x0000000000011aec       0x30 /home/test/devel/optee/optee_os/out/arm/export-ta_arm32/lib/libmpa.a(mpa_div.o)
 .ARM.exidx     0x0000000000011b1c       0x28 /home/test/devel/optee/optee_os/out/arm/export-ta_arm32/lib/libmpa.a(mpa_gcd.o)
 .ARM.exidx     0x0000000000011b44       0x28 /home/test/devel/optee/optee_os/out/arm/export-ta_arm32/lib/libmpa.a(mpa_mem_static.o)
 .ARM.exidx     0x0000000000011b6c       0x28 /home/test/devel/optee/optee_os/out/arm/export-ta_arm32/lib/libmpa.a(mpa_mul.o)
                                         0x30 (size before relaxing)
 .ARM.exidx     0x000000000001187c       0x20 /home/test/devel/optee/optee_os/out/arm/export-ta_arm32/lib/libmpa.a(mpa_random.o)
 .ARM.exidx     0x0000000000011b94       0x20 /home/test/devel/optee/optee_os/out/arm/export-ta_arm32/lib/libmpa.a(mpa_shift.o)
 .ARM.exidx     0x0000000000011bb4       0x48 /home/test/devel/optee/optee_os/out/arm/export-ta_arm32/lib/libmpa.a(mpa_addsub.o)
                                         0x58 (size before relaxing)
 .ARM.exidx     0x0000000000011bfc       0x28 /home/test/devel/optee/optee_os/out/arm/export-ta_arm32/lib/libmpa.a(mpa_cmp.o)
 .ARM.exidx     0x000000000001189c        0x8 /home/test/devel/optee/optee_os/out/arm/export-ta_arm32/lib/libmpa.a(mpa_expmod.o)
 .ARM.exidx     0x0000000000011c24       0x10 /home/test/devel/optee/optee_os/out/arm/export-ta_arm32/lib/libmpa.a(mpa_init.o)
 .ARM.exidx     0x00000000000118a4       0x80 /home/test/devel/optee/optee_os/out/arm/export-ta_arm32/lib/libmpa.a(mpa_io.o)
 .ARM.exidx     0x0000000000011c34       0x30 /home/test/devel/optee/optee_os/out/arm/export-ta_arm32/lib/libmpa.a(mpa_modulus.o)
                                         0x28 (size before relaxing)

.ctors
 *(SORT(.ctors))

.dtors
 *(SORT(.dtors))

.plt            0x0000000000011c64        0x0
 *(SORT(.plt))
 .plt           0x0000000000011c64        0x0 ./TA.o

.got            0x0000000000011c64       0x34
 *(SORT(.got.plt))
 .got.plt       0x0000000000011c64        0xc ./TA.o
                0x0000000000011c64                _GLOBAL_OFFSET_TABLE_
 *(SORT(.got))
 .got           0x0000000000011c70       0x28 ./TA.o

.rel.text       0x0000000000011c98        0x0
 *(SORT(.rel.text))
 .rel.text      0x0000000000011c98        0x0 ./TA.o
 *(SORT(.rel.gnu.linkonce.t*))

.rela.text
 *(SORT(.rela.text))
 *(SORT(.rela.gnu.linkonce.t*))

.rel.data
 *(SORT(.rel.data))
 *(SORT(.rel.gnu.linkonce.d*))

.rela.data
 *(SORT(.rela.data))
 *(SORT(.rela.gnu.linkonce.d*))

.rel.rodata
 *(SORT(.rel.rodata))
 *(SORT(.rel.gnu.linkonce.r*))

.rela.rodata
 *(SORT(.rela.rodata))
 *(SORT(.rela.gnu.linkonce.r*))

.rel.dyn        0x0000000000011c98       0xc8
 *(SORT(.rel.dyn))
 .rel.iplt      0x0000000000011c98        0x0 ./TA.o
 .rel.ta_head   0x0000000000011c98        0x8 ./TA.o
 .rel.data.rel.ro.local