Archive member included to satisfy reference by file (symbol)

/home/test/devel/optee/optee_os/out/arm/export-ta_arm32/lib/libutee.a(tee_api.o)
                              ./aes_ta.o (TEE_Malloc)
/home/test/devel/optee/optee_os/out/arm/export-ta_arm32/lib/libutee.a(tee_api_objects.o)
                              ./aes_ta.o (TEE_AllocateTransientObject)
/home/test/devel/optee/optee_os/out/arm/export-ta_arm32/lib/libutee.a(tee_api_operations.o)
                              ./aes_ta.o (TEE_AllocateOperation)
/home/test/devel/optee/optee_os/out/arm/export-ta_arm32/lib/libutee.a(tee_api_panic.o)
                              /home/test/devel/optee/optee_os/out/arm/export-ta_arm32/lib/libutee.a(tee_api.o) (TEE_Panic)
/home/test/devel/optee/optee_os/out/arm/export-ta_arm32/lib/libutee.a(user_ta_entry.o)
                              ./user_ta_header.o (__utee_entry)
/home/test/devel/optee/optee_os/out/arm/export-ta_arm32/lib/libutee.a(utee_syscalls_a32.o)
                              /home/test/devel/optee/optee_os/out/arm/export-ta_arm32/lib/libutee.a(tee_api_panic.o) (utee_panic)
/home/test/devel/optee/optee_os/out/arm/export-ta_arm32/lib/libutee.a(gprof_a32.o)
                              /home/test/devel/optee/optee_os/out/arm/export-ta_arm32/lib/libutee.a(user_ta_entry.o) (__utee_mcount)
/home/test/devel/optee/optee_os/out/arm/export-ta_arm32/lib/libutee.a(tee_user_mem.o)
                              /home/test/devel/optee/optee_os/out/arm/export-ta_arm32/lib/libutee.a(tee_api.o) (tee_user_mem_alloc)
/home/test/devel/optee/optee_os/out/arm/export-ta_arm32/lib/libutee.a(assert.o)
                              /home/test/devel/optee/optee_os/out/arm/export-ta_arm32/lib/libutee.a(tee_user_mem.o) (_assert_log)
/home/test/devel/optee/optee_os/out/arm/export-ta_arm32/lib/libutee.a(tee_api_arith.o)
                              /home/test/devel/optee/optee_os/out/arm/export-ta_arm32/lib/libutee.a(user_ta_entry.o) (_TEE_MathAPI_Init)
/home/test/devel/optee/optee_os/out/arm/export-ta_arm32/lib/libutee.a(utee_misc.o)
                              /home/test/devel/optee/optee_os/out/arm/export-ta_arm32/lib/libutee.a(tee_user_mem.o) (utee_malloc)
/home/test/devel/optee/optee_os/out/arm/export-ta_arm32/lib/libutee.a(trace_ext.o)
                              /home/test/devel/optee/optee_os/out/arm/export-ta_arm32/lib/libutee.a(tee_api_arith.o) (printf)
/home/test/devel/optee/optee_os/out/arm/export-ta_arm32/lib/libutils.a(bget_malloc.o)
                              /home/test/devel/optee/optee_os/out/arm/export-ta_arm32/lib/libutee.a(utee_misc.o) (malloc)
/home/test/devel/optee/optee_os/out/arm/export-ta_arm32/lib/libutils.a(snprintf.o)
                              /home/test/devel/optee/optee_os/out/arm/export-ta_arm32/lib/libutee.a(trace_ext.o) (vsnprintf)
/home/test/devel/optee/optee_os/out/arm/export-ta_arm32/lib/libutils.a(memcmp.o)
                              /home/test/devel/optee/optee_os/out/arm/export-ta_arm32/lib/libutee.a(tee_api.o) (memcmp)
/home/test/devel/optee/optee_os/out/arm/export-ta_arm32/lib/libutils.a(memcpy.o)
                              /home/test/devel/optee/optee_os/out/arm/export-ta_arm32/lib/libutee.a(tee_api_operations.o) (memcpy)
/home/test/devel/optee/optee_os/out/arm/export-ta_arm32/lib/libutils.a(memmove.o)
                              /home/test/devel/optee/optee_os/out/arm/export-ta_arm32/lib/libutee.a(tee_api.o) (memmove)
/home/test/devel/optee/optee_os/out/arm/export-ta_arm32/lib/libutils.a(memset.o)
                              /home/test/devel/optee/optee_os/out/arm/export-ta_arm32/lib/libutee.a(tee_api.o) (memset)
/home/test/devel/optee/optee_os/out/arm/export-ta_arm32/lib/libutils.a(strlen.o)
                              /home/test/devel/optee/optee_os/out/arm/export-ta_arm32/lib/libutee.a(trace_ext.o) (strlen)
/home/test/devel/optee/optee_os/out/arm/export-ta_arm32/lib/libutils.a(snprintk.o)
                              /home/test/devel/optee/optee_os/out/arm/export-ta_arm32/lib/libutils.a(snprintf.o) (__vsnprintf)
/home/test/devel/optee/optee_os/out/arm/export-ta_arm32/lib/libutils.a(buf_compare_ct.o)
                              /home/test/devel/optee/optee_os/out/arm/export-ta_arm32/lib/libutee.a(tee_api_operations.o) (buf_compare_ct)
/home/test/devel/optee/optee_os/out/arm/export-ta_arm32/lib/libutils.a(trace.o)
                              /home/test/devel/optee/optee_os/out/arm/export-ta_arm32/lib/libutee.a(user_ta_entry.o) (trace_set_level)
/home/test/devel/optee/optee_os/out/arm/export-ta_arm32/lib/libutils.a(aeabi_unwind.o)
                              ./aes_ta.o (__aeabi_unwind_cpp_pr0)
/home/test/devel/optee/optee_os/out/arm/export-ta_arm32/lib/libutils.a(memchr.o)
                              /home/test/devel/optee/optee_os/out/arm/export-ta_arm32/lib/libutils.a(snprintk.o) (memchr)
/home/test/devel/optee/optee_os/out/arm/export-ta_arm32/lib/libutils.a(arm32_aeabi_ldivmod_a32.o)
[...]
Memory Configuration

Name             Origin             Length             Attributes
*default*        0x0000000000000000 0xffffffffffffffff

Linker script and memory map


.ta_head        0x0000000000000000       0x20
 *(SORT(.ta_head))
 .ta_head       0x0000000000000000       0x20 ./user_ta_header.o
                0x0000000000000000                ta_head

.text           0x0000000000000020     0xe730
                0x0000000000000020                __text_start = .
 *(SORT(.text) SORT(.text.*))
 .text          0x0000000000000020      0x81c ./aes_ta.o
                0x0000000000000698                TA_CreateEntryPoint
                0x00000000000006ac                TA_DestroyEntryPoint
                0x00000000000006bc                TA_OpenSessionEntryPoint
                0x0000000000000734                TA_CloseSessionEntryPoint
                0x000000000000079c                TA_InvokeCommandEntryPoint
 .text          0x000000000000083c      0x738 /home/test/devel/optee/optee_os/out/arm/export-ta_arm32/lib/libutee.a(tee_api.o)
                0x000000000000083c                __utee_from_param
                0x00000000000009a2                __utee_to_param
                0x0000000000000a9c                TEE_OpenTASession
                0x0000000000000b02                TEE_CloseTASession
                0x0000000000000b32                TEE_InvokeTACommand
                0x0000000000000bc2                TEE_GetCancellationFlag
                0x0000000000000bf6                TEE_UnmaskCancellation
                0x0000000000000c2a                TEE_MaskCancellation
                0x0000000000000c5e                TEE_CheckMemoryAccessRights
                0x0000000000000ca0                TEE_SetInstanceData
                0x0000000000000cc8                TEE_GetInstanceData
                0x0000000000000ce4                TEE_MemMove
                0x0000000000000d08                TEE_MemCompare
                0x0000000000000d2c                TEE_MemFill
                0x0000000000000d52                TEE_GetSystemTime
                0x0000000000000d7e                TEE_Wait
                0x0000000000000db6                TEE_GetTAPersistentTime
                0x0000000000000e3a                TEE_SetTAPersistentTime
                0x0000000000000e80                TEE_GetREETime
                0x0000000000000eac                TEE_Malloc
                0x0000000000000ecc                TEE_Realloc
                0x0000000000000eec                TEE_Free
                0x0000000000000f06                TEE_CacheClean
                0x0000000000000f2a                TEE_CacheFlush
                0x0000000000000f4e                TEE_CacheInvalidate
 .text          0x0000000000000f74     0x2b1c /home/test/devel/optee/optee_os/out/arm/export-ta_arm32/lib/libutee.a(tee_api_operations.o)
                0x0000000000000f74                TEE_AllocateOperation
                0x00000000000018b4                TEE_FreeOperation
                0x00000000000018fe                TEE_GetOperationInfo
                0x0000000000001954                TEE_GetOperationInfoMultiple
                0x0000000000001af4                TEE_ResetOperation
                0x0000000000001b74                TEE_SetOperationKey
                0x0000000000001cb8                TEE_SetOperationKey2
                0x0000000000001ee8                TEE_CopyOperation
                0x0000000000002058                TEE_DigestUpdate
                0x00000000000020b4                TEE_DigestDoFinal
                0x0000000000002174                TEE_CipherInit
                0x000000000000251c                TEE_CipherUpdate
                0x00000000000026d8                TEE_CipherDoFinal
                0x0000000000002928                TEE_MACInit
                0x000000000000299a                TEE_MACUpdate
                0x0000000000002a1c                TEE_MACComputeFinal
                0x0000000000002b12                TEE_MACCompareFinal
                0x0000000000002bec                TEE_AEInit
                0x0000000000002cd2                TEE_AEUpdateAAD
                0x0000000000002d4c                TEE_AEUpdate
                0x0000000000002ed0                TEE_AEEncryptFinal
                0x00000000000030cc                TEE_AEDecryptFinal
                0x00000000000032b0                TEE_AsymmetricEncrypt
                0x0000000000003446                TEE_AsymmetricDecrypt
                0x00000000000035dc                TEE_AsymmetricSignDigest
                0x000000000000375c                TEE_AsymmetricVerifyDigest
                0x00000000000038c4                TEE_DeriveKey
                0x0000000000003a64                TEE_GenerateRandom
 .text          0x0000000000003a90      0x430 /home/test/devel/optee/optee_os/out/arm/export-ta_arm32/lib/libutee.a(user_ta_entry.o)
                0x0000000000003e5a                __utee_entry
 .text          0x0000000000003ec0        0x0 /home/test/devel/optee/optee_os/out/arm/export-ta_arm32/lib/libutee.a(utee_syscalls_a32.o)
 .text.utee_panic
                0x0000000000003ec0       0x14 /home/test/devel/optee/optee_os/out/arm/export-ta_arm32/lib/libutee.a(utee_syscalls_a32.o)
                0x0000000000003ec0                utee_panic
 .text.utee_return
                0x0000000000003ed4       0x14 /home/test/devel/optee/optee_os/out/arm/export-ta_arm32/lib/libutee.a(utee_syscalls_a32.o)
                0x0000000000003ed4                utee_return
 .text.utee_log
                0x0000000000003ee8       0x14 /home/test/devel/optee/optee_os/out/arm/export-ta_arm32/lib/libutee.a(utee_syscalls_a32.o)
                0x0000000000003ee8                utee_log
 .text.__utee_panic
                0x0000000000003efc       0x14 /home/test/devel/optee/optee_os/out/arm/export-ta_arm32/lib/libutee.a(utee_syscalls_a32.o)
                0x0000000000003efc                __utee_panic
 .text.utee_get_property
                0x0000000000003f10       0x18 /home/test/devel/optee/optee_os/out/arm/export-ta_arm32/lib/libutee.a(utee_syscalls_a32.o)
                0x0000000000003f10                utee_get_property
 .text.utee_get_property_name_to_index
                0x0000000000003f28       0x14 /home/test/devel/optee/optee_os/out/arm/export-ta_arm32/lib/libutee.a(utee_syscalls_a32.o)
                0x0000000000003f28                utee_get_property_name_to_index
 .text.utee_open_ta_session
                0x0000000000003f3c       0x18 /home/test/devel/optee/optee_os/out/arm/export-ta_arm32/lib/libutee.a(utee_syscalls_a32.o)
                0x0000000000003f3c                utee_open_ta_session
 .text.utee_close_ta_session
                0x0000000000003f54       0x14 /home/test/devel/optee/optee_os/out/arm/export-ta_arm32/lib/libutee.a(utee_syscalls_a32.o)
                0x0000000000003f54                utee_close_ta_session
 .text.utee_invoke_ta_command
                0x0000000000003f68       0x18 /home/test/devel/optee/optee_os/out/arm/export-ta_arm32/lib/libutee.a(utee_syscalls_a32.o)
                0x0000000000003f68                utee_invoke_ta_command
 .text.utee_get_cancellation_flag
                0x0000000000003f80       0x14 /home/test/devel/optee/optee_os/out/arm/export-ta_arm32/lib/libutee.a(utee_syscalls_a32.o)
                0x0000000000003f80                utee_get_cancellation_flag
 .text.utee_check_access_rights
                0x0000000000003f94       0x14 /home/test/devel/optee/optee_os/out/arm/export-ta_arm32/lib/libutee.a(utee_syscalls_a32.o)
                0x0000000000003f94                utee_check_access_rights
 .text.utee_unmask_cancellation
                0x0000000000003fa8       0x14 /home/test/devel/optee/optee_os/out/arm/export-ta_arm32/lib/libutee.a(utee_syscalls_a32.o)
                0x0000000000003fa8                utee_unmask_cancellation
 .text.utee_mask_cancellation
                0x0000000000003fbc       0x14 /home/test/devel/optee/optee_os/out/arm/export-ta_arm32/lib/libutee.a(utee_syscalls_a32.o)
                0x0000000000003fbc                utee_mask_cancellation
 .text.utee_wait
                0x0000000000003fd0       0x14 /home/test/devel/optee/optee_os/out/arm/export-ta_arm32/lib/libutee.a(utee_syscalls_a32.o)
                0x0000000000003fd0                utee_wait
 .text.utee_get_time
                0x0000000000003fe4       0x14 /home/test/devel/optee/optee_os/out/arm/export-ta_arm32/lib/libutee.a(utee_syscalls_a32.o)
                0x0000000000003fe4                utee_get_time
 .text.utee_set_ta_time
                0x0000000000003ff8       0x14 /home/test/devel/optee/optee_os/out/arm/export-ta_arm32/lib/libutee.a(utee_syscalls_a32.o)
                0x0000000000003ff8                utee_set_ta_time
 .text.utee_cryp_state_alloc
                0x000000000000400c       0x18 /home/test/devel/optee/optee_os/out/arm/export-ta_arm32/lib/libutee.a(utee_syscalls_a32.o)
                0x000000000000400c                utee_cryp_state_alloc
 .text.utee_cryp_state_copy
                0x0000000000004024       0x14 /home/test/devel/optee/optee_os/out/arm/export-ta_arm32/lib/libutee.a(utee_syscalls_a32.o)
                0x0000000000004024                utee_cryp_state_copy
 .text.utee_cryp_state_free
                0x0000000000004038       0x14 /home/test/devel/optee/optee_os/out/arm/export-ta_arm32/lib/libutee.a(utee_syscalls_a32.o)
                0x0000000000004038                utee_cryp_state_free
 .text.utee_hash_init
                0x000000000000404c       0x14 /home/test/devel/optee/optee_os/out/arm/export-ta_arm32/lib/libutee.a(utee_syscalls_a32.o)
                0x000000000000404c                utee_hash_init
 .text.utee_hash_update
                0x0000000000004060       0x14 /home/test/devel/optee/optee_os/out/arm/export-ta_arm32/lib/libutee.a(utee_syscalls_a32.o)
                0x0000000000004060                utee_hash_update
 .text.utee_hash_final
                0x0000000000004074       0x18 /home/test/devel/optee/optee_os/out/arm/export-ta_arm32/lib/libutee.a(utee_syscalls_a32.o)
                0x0000000000004074                utee_hash_final
 .text.utee_cipher_init
                0x000000000000408c       0x14 /home/test/devel/optee/optee_os/out/arm/export-ta_arm32/lib/libutee.a(utee_syscalls_a32.o)
                0x000000000000408c                utee_cipher_init
 .text.utee_cipher_update
                0x00000000000040a0       0x18 /home/test/devel/optee/optee_os/out/arm/export-ta_arm32/lib/libutee.a(utee_syscalls_a32.o)
                0x00000000000040a0                utee_cipher_update
 .text.utee_cipher_final
                0x00000000000040b8       0x18 /home/test/devel/optee/optee_os/out/arm/export-ta_arm32/lib/libutee.a(utee_syscalls_a32.o)
                0x00000000000040b8                utee_cipher_final
 .text.utee_cryp_obj_get_info
                0x00000000000040d0       0x14 /home/test/devel/optee/optee_os/out/arm/export-ta_arm32/lib/libutee.a(utee_syscalls_a32.o)
                0x00000000000040d0                utee_cryp_obj_get_info
 .text.utee_cryp_obj_restrict_usage
                0x00000000000040e4       0x14 /home/test/devel/optee/optee_os/out/arm/export-ta_arm32/lib/libutee.a(utee_syscalls_a32.o)
                0x00000000000040e4                utee_cryp_obj_restrict_usage
 .text.utee_cryp_obj_get_attr
                0x00000000000040f8       0x14 /home/test/devel/optee/optee_os/out/arm/export-ta_arm32/lib/libutee.a(utee_syscalls_a32.o)
                0x00000000000040f8                utee_cryp_obj_get_attr
 .text.utee_cryp_obj_alloc
                0x000000000000410c       0x14 /home/test/devel/optee/optee_os/out/arm/export-ta_arm32/lib/libutee.a(utee_syscalls_a32.o)
                0x000000000000410c                utee_cryp_obj_alloc
 .text.utee_cryp_obj_close
                0x0000000000004120       0x14 /home/test/devel/optee/optee_os/out/arm/export-ta_arm32/lib/libutee.a(utee_syscalls_a32.o)
                0x0000000000004120                utee_cryp_obj_close
 .text.utee_cryp_obj_reset
                0x0000000000004134       0x14 /home/test/devel/optee/optee_os/out/arm/export-ta_arm32/lib/libutee.a(utee_syscalls_a32.o)
                0x0000000000004134                utee_cryp_obj_reset
 .text.utee_cryp_obj_populate
                0x0000000000004148       0x14 /home/test/devel/optee/optee_os/out/arm/export-ta_arm32/lib/libutee.a(utee_syscalls_a32.o)
                0x0000000000004148                utee_cryp_obj_populate
 .text.utee_cryp_obj_copy
                0x000000000000415c       0x14 /home/test/devel/optee/optee_os/out/arm/export-ta_arm32/lib/libutee.a(utee_syscalls_a32.o)
                0x000000000000415c                utee_cryp_obj_copy
 .text.utee_cryp_derive_key
                0x0000000000004170       0x14 /home/test/devel/optee/optee_os/out/arm/export-ta_arm32/lib/libutee.a(utee_syscalls_a32.o)
                0x0000000000004170                utee_cryp_derive_key
 .text.utee_cryp_random_number_generate
                0x0000000000004184       0x14 /home/test/devel/optee/optee_os/out/arm/export-ta_arm32/lib/libutee.a(utee_syscalls_a32.o)
                0x0000000000004184                utee_cryp_random_number_generate
 .text.utee_authenc_init
                0x0000000000004198       0x18 /home/test/devel/optee/optee_os/out/arm/export-ta_arm32/lib/libutee.a(utee_syscalls_a32.o)
                0x0000000000004198                utee_authenc_init
 .text.utee_authenc_update_aad
                0x00000000000041b0       0x14 /home/test/devel/optee/optee_os/out/arm/export-ta_arm32/lib/libutee.a(utee_syscalls_a32.o)
                0x00000000000041b0                utee_authenc_update_aad
 .text.utee_authenc_update_payload
                0x00000000000041c4       0x18 /home/test/devel/optee/optee_os/out/arm/export-ta_arm32/lib/libutee.a(utee_syscalls_a32.o)
                0x00000000000041c4                utee_authenc_update_payload
 .text.utee_authenc_enc_final
                0x00000000000041dc       0x18 /home/test/devel/optee/optee_os/out/arm/export-ta_arm32/lib/libutee.a(utee_syscalls_a32.o)
                0x00000000000041dc                utee_authenc_enc_final
 .text.utee_authenc_dec_final
                0x00000000000041f4       0x18 /home/test/devel/optee/optee_os/out/arm/export-ta_arm32/lib/libutee.a(utee_syscalls_a32.o)
                0x00000000000041f4                utee_authenc_dec_final
 .text.utee_asymm_operate
                0x000000000000420c       0x18 /home/test/devel/optee/optee_os/out/arm/export-ta_arm32/lib/libutee.a(utee_syscalls_a32.o)
                0x000000000000420c                utee_asymm_operate
 .text.utee_asymm_verify
                0x0000000000004224       0x18 /home/test/devel/optee/optee_os/out/arm/export-ta_arm32/lib/libutee.a(utee_syscalls_a32.o)
                0x0000000000004224                utee_asymm_verify
 .text.utee_storage_obj_open
                0x000000000000423c       0x18 /home/test/devel/optee/optee_os/out/arm/export-ta_arm32/lib/libutee.a(utee_syscalls_a32.o)
                0x000000000000423c                utee_storage_obj_open
 .text.utee_storage_obj_create
                0x0000000000004254       0x18 /home/test/devel/optee/optee_os/out/arm/export-ta_arm32/lib/libutee.a(utee_syscalls_a32.o)
                0x0000000000004254                utee_storage_obj_create
 .text.utee_storage_obj_del
                0x000000000000426c       0x14 /home/test/devel/optee/optee_os/out/arm/export-ta_arm32/lib/libutee.a(utee_syscalls_a32.o)
                0x000000000000426c                utee_storage_obj_del
 .text.utee_storage_obj_rename
                0x0000000000004280       0x14 /home/test/devel/optee/optee_os/out/arm/export-ta_arm32/lib/libutee.a(utee_syscalls_a32.o)
                0x0000000000004280                utee_storage_obj_rename
 .text.utee_storage_alloc_enum
                0x0000000000004294       0x14 /home/test/devel/optee/optee_os/out/arm/export-ta_arm32/lib/libutee.a(utee_syscalls_a32.o)
                0x0000000000004294                utee_storage_alloc_enum
 .text.utee_storage_free_enum
                0x00000000000042a8       0x14 /home/test/devel/optee/optee_os/out/arm/export-ta_arm32/lib/libutee.a(utee_syscalls_a32.o)
                0x00000000000042a8                utee_storage_free_enum
 .text.utee_storage_reset_enum
                0x00000000000042bc       0x14 /home/test/devel/optee/optee_os/out/arm/export-ta_arm32/lib/libutee.a(utee_syscalls_a32.o)
                0x00000000000042bc                utee_storage_reset_enum
 .text.utee_storage_start_enum
                0x00000000000042d0       0x14 /home/test/devel/optee/optee_os/out/arm/export-ta_arm32/lib/libutee.a(utee_syscalls_a32.o)
                0x00000000000042d0                utee_storage_start_enum
 .text.utee_storage_next_enum
                0x00000000000042e4       0x14 /home/test/devel/optee/optee_os/out/arm/export-ta_arm32/lib/libutee.a(utee_syscalls_a32.o)
                0x00000000000042e4                utee_storage_next_enum
 .text.utee_storage_obj_read
                0x00000000000042f8       0x14 /home/test/devel/optee/optee_os/out/arm/export-ta_arm32/lib/libutee.a(utee_syscalls_a32.o)
                0x00000000000042f8                utee_storage_obj_read
 .text.utee_storage_obj_write
                0x000000000000430c       0x14 /home/test/devel/optee/optee_os/out/arm/export-ta_arm32/lib/libutee.a(utee_syscalls_a32.o)
                0x000000000000430c                utee_storage_obj_write
 .text.utee_storage_obj_trunc
                0x0000000000004320       0x14 /home/test/devel/optee/optee_os/out/arm/export-ta_arm32/lib/libutee.a(utee_syscalls_a32.o)
                0x0000000000004320                utee_storage_obj_trunc
 .text.utee_storage_obj_seek
                0x0000000000004334       0x14 /home/test/devel/optee/optee_os/out/arm/export-ta_arm32/lib/libutee.a(utee_syscalls_a32.o)
                0x0000000000004334                utee_storage_obj_seek
 .text.utee_cryp_obj_generate_key
                0x0000000000004348       0x14 /home/test/devel/optee/optee_os/out/arm/export-ta_arm32/lib/libutee.a(utee_syscalls_a32.o)
                0x0000000000004348                utee_cryp_obj_generate_key
 .text.utee_se_service_open
                0x000000000000435c       0x14 /home/test/devel/optee/optee_os/out/arm/export-ta_arm32/lib/libutee.a(utee_syscalls_a32.o)
                0x000000000000435c                utee_se_service_open
 .text.utee_se_service_close
                0x0000000000004370       0x14 /home/test/devel/optee/optee_os/out/arm/export-ta_arm32/lib/libutee.a(utee_syscalls_a32.o)
                0x0000000000004370                utee_se_service_close
 .text.utee_se_service_get_readers
                0x0000000000004384       0x14 /home/test/devel/optee/optee_os/out/arm/export-ta_arm32/lib/libutee.a(utee_syscalls_a32.o)
                0x0000000000004384                utee_se_service_get_readers
 .text.utee_se_reader_get_prop
                0x0000000000004398       0x14 /home/test/devel/optee/optee_os/out/arm/export-ta_arm32/lib/libutee.a(utee_syscalls_a32.o)
                0x0000000000004398                utee_se_reader_get_prop
 .text.utee_se_reader_get_name
                0x00000000000043ac       0x14 /home/test/devel/optee/optee_os/out/arm/export-ta_arm32/lib/libutee.a(utee_syscalls_a32.o)
                0x00000000000043ac                utee_se_reader_get_name
 .text.utee_se_reader_open_session
                0x00000000000043c0       0x14 /home/test/devel/optee/optee_os/out/arm/export-ta_arm32/lib/libutee.a(utee_syscalls_a32.o)
                0x00000000000043c0                utee_se_reader_open_session
 .text.utee_se_reader_close_sessions
                0x00000000000043d4       0x14 /home/test/devel/optee/optee_os/out/arm/export-ta_arm32/lib/libutee.a(utee_syscalls_a32.o)
                0x00000000000043d4                utee_se_reader_close_sessions
 .text.utee_se_session_is_closed
                0x00000000000043e8       0x14 /home/test/devel/optee/optee_os/out/arm/export-ta_arm32/lib/libutee.a(utee_syscalls_a32.o)
                0x00000000000043e8                utee_se_session_is_closed
 .text.utee_se_session_get_atr
                0x00000000000043fc       0x14 /home/test/devel/optee/optee_os/out/arm/export-ta_arm32/lib/libutee.a(utee_syscalls_a32.o)
                0x00000000000043fc                utee_se_session_get_atr
 .text.utee_se_session_open_channel
                0x0000000000004410       0x18 /home/test/devel/optee/optee_os/out/arm/export-ta_arm32/lib/libutee.a(utee_syscalls_a32.o)
                0x0000000000004410                utee_se_session_open_channel
 .text.utee_se_session_close
                0x0000000000004428       0x14 /home/test/devel/optee/optee_os/out/arm/export-ta_arm32/lib/libutee.a(utee_syscalls_a32.o)
                0x0000000000004428                utee_se_session_close
 .text.utee_se_channel_select_next
                0x000000000000443c       0x14 /home/test/devel/optee/optee_os/out/arm/export-ta_arm32/lib/libutee.a(utee_syscalls_a32.o)
                0x000000000000443c                utee_se_channel_select_next
 .text.utee_se_channel_get_select_resp
                0x0000000000004450       0x14 /home/test/devel/optee/optee_os/out/arm/export-ta_arm32/lib/libutee.a(utee_syscalls_a32.o)
                0x0000000000004450                utee_se_channel_get_select_resp
 .text.utee_se_channel_transmit
                0x0000000000004464       0x18 /home/test/devel/optee/optee_os/out/arm/export-ta_arm32/lib/libutee.a(utee_syscalls_a32.o)
                0x0000000000004464                utee_se_channel_transmit
 .text.utee_se_channel_close
                0x000000000000447c       0x14 /home/test/devel/optee/optee_os/out/arm/export-ta_arm32/lib/libutee.a(utee_syscalls_a32.o)
                0x000000000000447c                utee_se_channel_close
 .text.utee_cache_operation
                0x0000000000004490       0x14 /home/test/devel/optee/optee_os/out/arm/export-ta_arm32/lib/libutee.a(utee_syscalls_a32.o)
                0x0000000000004490                utee_cache_operation
 .text.__utee_mcount
                0x00000000000044a4        0xc /home/test/devel/optee/optee_os/out/arm/export-ta_arm32/lib/libutee.a(gprof_a32.o)
                0x00000000000044a4                __utee_mcount
 .text          0x00000000000044b0      0x7b4 /home/test/devel/optee/optee_os/out/arm/export-ta_arm32/lib/libutee.a(tee_user_mem.o)
                0x0000000000004828                tee_user_mem_alloc
                0x0000000000004970                tee_user_mem_realloc
                0x0000000000004a1c                tee_user_mem_free
                0x0000000000004b2c                tee_user_mem_mark_heap
                0x0000000000004b4c                tee_user_mem_check_heap
                0x0000000000004c28                tee_user_mem_garbage
 .text          0x0000000000004c64       0x5c /home/test/devel/optee/optee_os/out/arm/export-ta_arm32/lib/libutee.a(assert.o)
                0x0000000000004c64                _assert_log
                0x0000000000004cac                _assert_break
 .text          0x0000000000004cc0      0x9e4 /home/test/devel/optee/optee_os/out/arm/export-ta_arm32/lib/libutee.a(tee_api_arith.o)
                0x0000000000004ce8                _TEE_MathAPI_Init
                0x0000000000004d2c                TEE_BigIntInit
                0x0000000000004d4a                TEE_BigIntInitFMM
                0x0000000000004d8a                TEE_BigIntInitFMMContext
                0x0000000000004dd4                TEE_BigIntFMMSizeInU32
                0x0000000000004dfa                TEE_BigIntFMMContextSizeInU32
                0x0000000000004e28                TEE_BigIntConvertFromOctetString
                0x0000000000004e8e                TEE_BigIntConvertToOctetString
                0x0000000000004ef8                TEE_BigIntConvertFromS32
                0x0000000000004f1a                TEE_BigIntConvertToS32
                0x0000000000004f70                TEE_BigIntCmp
                0x0000000000004f98                TEE_BigIntCmpS32
                0x0000000000004fbc                TEE_BigIntShiftRight
                0x0000000000004fe6                TEE_BigIntGetBit
                0x0000000000005014                TEE_BigIntGetBitCount
                0x0000000000005038                TEE_BigIntAdd
                0x0000000000005070                TEE_BigIntSub
                0x00000000000050a8                TEE_BigIntNeg
                0x00000000000050ce                TEE_BigIntMul
                0x0000000000005108                TEE_BigIntSquare
                0x000000000000513c                TEE_BigIntDiv
                0x000000000000519c                TEE_BigIntMod
                0x0000000000005218                TEE_BigIntAddMod
                0x000000000000529c                TEE_BigIntSubMod
                0x0000000000005320                TEE_BigIntMulMod
                0x00000000000053dc                TEE_BigIntSquareMod
                0x0000000000005400                TEE_BigIntInvMod
                0x0000000000005468                TEE_BigIntRelativePrime
                0x00000000000054e4                TEE_BigIntComputeExtendedGcd
                0x0000000000005530                TEE_BigIntIsProbablePrime
                0x000000000000557c                TEE_BigIntConvertToFMM
                0x00000000000055c8                TEE_BigIntConvertFromFMM
                0x0000000000005658                TEE_BigIntComputeFMM
 .text          0x00000000000056a4      0x110 /home/test/devel/optee/optee_os/out/arm/export-ta_arm32/lib/libutee.a(trace_ext.o)
                0x00000000000056a4                trace_ext_puts
                0x00000000000056c8                trace_ext_get_thread_id
                0x00000000000056dc                printf
                0x0000000000005744                puts
                0x000000000000577c                putchar
 .text          0x00000000000057b4     0x182c /home/test/devel/optee/optee_os/out/arm/export-ta_arm32/lib/libutils.a(bget_malloc.o)
                0x0000000000005838                bget
                0x0000000000005aa0                bgetz
                0x0000000000005b34                bgetr
                0x0000000000005bc8                brel
                0x0000000000005f28                bpool
                0x000000000000604c                bstats
                0x00000000000061ac                malloc_reset_stats
                0x000000000000620c                malloc_get_stats
                0x0000000000006bb8                malloc
                0x0000000000006bea                free
                0x0000000000006c10                calloc
                0x0000000000006c6e                realloc
                0x0000000000006c9c                memalign
                0x0000000000006cf8                malloc_add_pool
                0x0000000000006e80                malloc_buffer_is_within_alloced
                0x0000000000006f1e                malloc_buffer_overlaps_heap
 .text          0x0000000000006fe0      0xf68 /home/test/devel/optee/optee_os/out/arm/export-ta_arm32/lib/libutils.a(snprintk.o)
                0x0000000000006fe0                snprintk
                0x0000000000007016                vsnprintk
                0x0000000000007044                __vsnprintf
 .text          0x0000000000007f48      0x3d8 /home/test/devel/optee/optee_os/out/arm/export-ta_arm32/lib/libutils.a(trace.o)
                0x0000000000007f48                trace_set_level
                0x0000000000007f90                trace_get_level
                0x0000000000008064                trace_printf
                0x0000000000008300                dhex_dump
 .text.__aeabi_ldivmod
                0x0000000000008320       0x18 /home/test/devel/optee/optee_os/out/arm/export-ta_arm32/lib/libutils.a(arm32_aeabi_ldivmod_a32.o)
                0x0000000000008320                __aeabi_ldivmod
 .text.__aeabi_uldivmod
                0x0000000000008338       0x18 /home/test/devel/optee/optee_os/out/arm/export-ta_arm32/lib/libutils.a(arm32_aeabi_ldivmod_a32.o)
                0x0000000000008338                __aeabi_uldivmod
 .text          0x0000000000008350      0x254 /home/test/devel/optee/optee_os/out/arm/export-ta_arm32/lib/libmpa.a(mpa_misc.o)
                0x0000000000008350                __mpa_set_unused_digits_to_zero
                0x0000000000008398                mpa_wipe
                0x00000000000083cc                mpa_copy
                0x0000000000008414                mpa_abs
                0x0000000000008446                mpa_highest_bit_index
                0x00000000000084c6                mpa_get_bit
                0x0000000000008530                mpa_can_hold
                0x0000000000008562                mpa_parity
                0x000000000000858c                mpa_constant_one
 .text          0x00000000000085a4      0x4ec /home/test/devel/optee/optee_os/out/arm/export-ta_arm32/lib/libmpa.a(mpa_montgomery.o)
                0x00000000000085a4                __mpa_montgomery_mul_add
                0x00000000000086d8                __mpa_montgomery_sub_ack
                0x00000000000087f2                __mpa_montgomery_mul
                0x0000000000008922                mpa_compute_fmm_context
                0x0000000000008a44                mpa_montgomery_mul
 .text          0x0000000000008a90      0x450 /home/test/devel/optee/optee_os/out/arm/export-ta_arm32/lib/libmpa.a(mpa_primetest.o)
                0x0000000000008a90                mpa_is_prob_prime
 .text          0x0000000000008ee0      0x204 /home/test/devel/optee/optee_os/out/arm/export-ta_arm32/lib/libmpa.a(mpa_random.o)
                0x0000000000008ee0                mpa_set_random_generator
                0x0000000000008f3c                mpa_get_random
                0x0000000000009078                mpa_get_random_digits
 .text          0x00000000000090e4      0x190 /home/test/devel/optee/optee_os/out/arm/export-ta_arm32/lib/libmpa.a(mpa_expmod.o)
                0x00000000000090e4                mpa_exp_mod
 .text          0x0000000000009274      0xa54 /home/test/devel/optee/optee_os/out/arm/export-ta_arm32/lib/libmpa.a(mpa_io.o)
                0x0000000000009646                mpa_get_str_size
                0x000000000000965a                mpa_set_str
                0x000000000000998c                mpa_get_str
                0x0000000000009a80                mpa_set_oct_str
                0x0000000000009bb0                mpa_get_oct_str
 .text          0x0000000000009cc8       0x14 ./user_ta_header.o
                0x0000000000009cc8                tahead_get_trace_level
 .text          0x0000000000009cdc     0x1058 /home/test/devel/optee/optee_os/out/arm/export-ta_arm32/lib/libutee.a(tee_api_objects.o)
                0x0000000000009cdc                __utee_from_attr
                0x0000000000009e32                TEE_GetObjectInfo
                0x0000000000009ea0                TEE_GetObjectInfo1
                0x0000000000009eec                TEE_RestrictObjectUsage
                0x0000000000009f38                TEE_RestrictObjectUsage1
                0x0000000000009f84                TEE_GetObjectBufferAttribute
                0x000000000000a046                TEE_GetObjectValueAttribute
                0x000000000000a124                TEE_CloseObject
                0x000000000000a156                TEE_AllocateTransientObject
                0x000000000000a1b6                TEE_FreeTransientObject
                0x000000000000a216                TEE_ResetTransientObject
                0x000000000000a276                TEE_PopulateTransientObject
                0x000000000000a3a4                TEE_InitRefAttribute
                0x000000000000a3f0                TEE_InitValueAttribute
                0x000000000000a43c                TEE_CopyObjectAttributes
                0x000000000000a488                TEE_CopyObjectAttributes1
                0x000000000000a540                TEE_GenerateKey
                0x000000000000a630                TEE_OpenPersistentObject
                0x000000000000a6f6                TEE_CreatePersistentObject
                0x000000000000a7ee                TEE_CloseAndDeletePersistentObject
                0x000000000000a820                TEE_CloseAndDeletePersistentObject1
                0x000000000000a86a                TEE_RenamePersistentObject
                0x000000000000a8fe                TEE_AllocatePersistentObjectEnumerator
                0x000000000000a95e                TEE_FreePersistentObjectEnumerator
                0x000000000000a990                TEE_ResetPersistentObjectEnumerator
                0x000000000000a9c2                TEE_StartPersistentObjectEnumerator
                0x000000000000aa1c                TEE_GetNextPersistentObject
                0x000000000000aad6                TEE_ReadObjectData
                0x000000000000ab5e                TEE_WriteObjectData
                0x000000000000abdc                TEE_TruncateObjectData
                0x000000000000ac48                TEE_SeekObjectData
 .text          0x000000000000ad34       0x1a /home/test/devel/optee/optee_os/out/arm/export-ta_arm32/lib/libutee.a(tee_api_panic.o)
                0x000000000000ad34                TEE_Panic
 .text          0x000000000000ad4e       0xaa /home/test/devel/optee/optee_os/out/arm/export-ta_arm32/lib/libutee.a(utee_misc.o)
                0x000000000000ad4e                utee_get_ta_exec_id
                0x000000000000ad62                utee_malloc
                0x000000000000ad7e                utee_realloc
                0x000000000000ad9e                utee_calloc
                0x000000000000adbe                utee_free
                0x000000000000add8                get_rng_array
 .text          0x000000000000adf8       0x6a /home/test/devel/optee/optee_os/out/arm/export-ta_arm32/lib/libutils.a(snprintf.o)
                0x000000000000adf8                snprintf
                0x000000000000ae34                vsnprintf
 .text          0x000000000000ae62       0xb8 /home/test/devel/optee/optee_os/out/arm/export-ta_arm32/lib/libutils.a(memcmp.o)
                0x000000000000ae62                memcmp
 .text          0x000000000000af1a       0xf2 /home/test/devel/optee/optee_os/out/arm/export-ta_arm32/lib/libutils.a(memcpy.o)
                0x000000000000af1a                memcpy
 .text          0x000000000000b00c      0x13e /home/test/devel/optee/optee_os/out/arm/export-ta_arm32/lib/libutils.a(memmove.o)
                0x000000000000b00c                memmove
 .text          0x000000000000b14a      0x11c /home/test/devel/optee/optee_os/out/arm/export-ta_arm32/lib/libutils.a(memset.o)
                0x000000000000b14a                memset
 .text          0x000000000000b266       0x8a /home/test/devel/optee/optee_os/out/arm/export-ta_arm32/lib/libutils.a(strlen.o)
                0x000000000000b266                strlen
 .text          0x000000000000b2f0       0x94 /home/test/devel/optee/optee_os/out/arm/export-ta_arm32/lib/libutils.a(buf_compare_ct.o)
                0x000000000000b2f0                buf_compare_ct
 .text          0x000000000000b384       0x30 /home/test/devel/optee/optee_os/out/arm/export-ta_arm32/lib/libutils.a(aeabi_unwind.o)
                0x000000000000b384                __aeabi_unwind_cpp_pr0
                0x000000000000b394                __aeabi_unwind_cpp_pr1
                0x000000000000b3a4                __aeabi_unwind_cpp_pr2
 .text          0x000000000000b3b4      0x114 /home/test/devel/optee/optee_os/out/arm/export-ta_arm32/lib/libutils.a(memchr.o)
                0x000000000000b3b4                memchr
 .text          0x000000000000b4c8      0x2b0 /home/test/devel/optee/optee_os/out/arm/export-ta_arm32/lib/libutils.a(arm32_aeabi_ldivmod.o)
                0x000000000000b620                __ul_divmod
                0x000000000000b692                __l_divmod
 .text          0x000000000000b778      0x146 /home/test/devel/optee/optee_os/out/arm/export-ta_arm32/lib/libmpa.a(mpa_conv.o)
                0x000000000000b778                mpa_set_S32
                0x000000000000b7c4                mpa_get_S32
                0x000000000000b85a                mpa_set_word
                0x000000000000b88c                mpa_get_word
 .text          0x000000000000b8be      0xa9c /home/test/devel/optee/optee_os/out/arm/export-ta_arm32/lib/libmpa.a(mpa_div.o)
                0x000000000000b996                __mpa_div_dword
                0x000000000000c008                __mpa_div_q_r_internal_word
                0x000000000000c13a                __mpa_div_q_r
                0x000000000000c284                mpa_div
 .text          0x000000000000c35a      0x7dc /home/test/devel/optee/optee_os/out/arm/export-ta_arm32/lib/libmpa.a(mpa_gcd.o)
                0x000000000000c870                mpa_gcd
                0x000000000000c95c                mpa_extended_gcd
 .text          0x000000000000cb36      0x264 /home/test/devel/optee/optee_os/out/arm/export-ta_arm32/lib/libmpa.a(mpa_mem_static.o)
                0x000000000000cb36                mpa_init_scratch_mem_sync
                0x000000000000cb7e                mpa_init_scratch_mem
                0x000000000000cbb0                mpa_alloc_static_temp_var_size
                0x000000000000cce4                mpa_alloc_static_temp_var
                0x000000000000cd0a                mpa_free_static_temp_var
 .text          0x000000000000cd9a      0x42a /home/test/devel/optee/optee_os/out/arm/export-ta_arm32/lib/libmpa.a(mpa_mul.o)
                0x000000000000cd9a                __mpa_mul_add_word
                0x000000000000ce14                __mpa_mul_add_word_cum
                0x000000000000ce9c                __mpa_abs_mul_word
                0x000000000000cf4a                __mpa_abs_mul
                0x000000000000d056                mpa_mul
                0x000000000000d11a                mpa_mul_word
 .text          0x000000000000d1c4      0x56c /home/test/devel/optee/optee_os/out/arm/export-ta_arm32/lib/libmpa.a(mpa_shift.o)
                0x000000000000d1c4                __mpa_shift_words_left
                0x000000000000d276                __mpa_shift_words_right
                0x000000000000d32a                mpa_shift_left
                0x000000000000d552                mpa_shift_right
 .text          0x000000000000d730      0xab4 /home/test/devel/optee/optee_os/out/arm/export-ta_arm32/lib/libmpa.a(mpa_addsub.o)
                0x000000000000d730                __mpa_full_adder
                0x000000000000d794                __mpa_full_sub
                0x000000000000d7fc                __mpa_full_adder_ackum
                0x000000000000d860                __mpa_abs_add
                0x000000000000d974                __mpa_abs_add_ackum
                0x000000000000da5a                __mpa_abs_sub
                0x000000000000db46                mpa_add
                0x000000000000dd20                mpa_sub
                0x000000000000df22                mpa_neg
                0x000000000000df4c                mpa_add_word
                0x000000000000e096                mpa_sub_word
 .text          0x000000000000e1e4      0x280 /home/test/devel/optee/optee_os/out/arm/export-ta_arm32/lib/libmpa.a(mpa_cmp.o)
                0x000000000000e1e4                __mpa_abs_cmp
                0x000000000000e2e2                __mpa_abs_greater_than
                0x000000000000e30c                __mpa_abs_less_than
                0x000000000000e332                mpa_cmp
                0x000000000000e3bc                mpa_cmp_short
 .text          0x000000000000e464       0xe8 /home/test/devel/optee/optee_os/out/arm/export-ta_arm32/lib/libmpa.a(mpa_init.o)
                0x000000000000e464                mpa_init_static
                0x000000000000e4b0                mpa_init_static_fmm_context
 .text          0x000000000000e54c      0x204 /home/test/devel/optee/optee_os/out/arm/export-ta_arm32/lib/libmpa.a(mpa_modulus.o)
                0x000000000000e54c                mpa_mod
                0x000000000000e578                mpa_add_mod
                0x000000000000e5c8                mpa_sub_mod
                0x000000000000e618                mpa_mul_mod
                0x000000000000e668                mpa_inv_mod
 .text          0x000000000000e750        0x0 /home/test/devel/optee/optee_os/out/arm/export-ta_arm32/lib/libutee.a(gprof_a32.o)
 .text          0x000000000000e750        0x0 /home/test/devel/optee/optee_os/out/arm/export-ta_arm32/lib/libutils.a(arm32_aeabi_ldivmod_a32.o)
 *(SORT(.stub))
 *(SORT(.glue_7))
 .glue_7        0x000000000000e750        0x0 linker stubs
 *(SORT(.glue_7t))
 .glue_7t       0x000000000000e750        0x0 linker stubs
 *(SORT(.gnu.linkonce.t.*))
 *(SORT(.vfp11_veneer))
 .vfp11_veneer  0x000000000000e750        0x0 linker stubs
                [!provide]                        PROVIDE (__gnu_mcount_nc, __utee_mcount)
                0x000000000000e750                __text_end = .

.v4_bx          0x000000000000e750        0x0
 .v4_bx         0x000000000000e750        0x0 linker stubs

.iplt           0x000000000000e750        0x0
 .iplt          0x000000000000e750        0x0 ./aes_ta.o

.eh_frame
 *(SORT(.eh_frame))

.rodata         0x000000000000e750     0x18f8
 *(SORT(.gnu.linkonce.r.*))
 *(SORT(.rodata) SORT(.rodata.*))
 .rodata.aes_ta.c
                0x000000000000e750      0x29f ./aes_ta.o
 *fill*         0x000000000000e9ef        0x1 
 .rodata.user_ta_header.c
                0x000000000000e9f0      0x120 ./user_ta_header.o
                0x000000000000e9f0                trace_ext_prefix
                0x000000000000e9f4                ta_heap_size
                0x000000000000eb0c                ta_num_props
 .rodata.lib/libutee/tee_api.c
                0x000000000000eb10        0x4 /home/test/devel/optee/optee_os/out/arm/export-ta_arm32/lib/libutee.a(tee_api.o)
 .rodata.lib/libutee/tee_user_mem.c
                0x000000000000eb14      0x184 /home/test/devel/optee/optee_os/out/arm/export-ta_arm32/lib/libutee.a(tee_user_mem.o)
 .rodata.lib/libutee/assert.c
                0x000000000000ec98       0x27 /home/test/devel/optee/optee_os/out/arm/export-ta_arm32/lib/libutee.a(assert.o)
 *fill*         0x000000000000ecbf        0x1 
 .rodata.lib/libutee/tee_api_arith.c
                0x000000000000ecc0       0x5f /home/test/devel/optee/optee_os/out/arm/export-ta_arm32/lib/libutee.a(tee_api_arith.o)
 *fill*         0x000000000000ed1f        0x1 
 .rodata.lib/libutee/trace_ext.c
                0x000000000000ed20        0x2 /home/test/devel/optee/optee_os/out/arm/export-ta_arm32/lib/libutee.a(trace_ext.o)
 *fill*         0x000000000000ed22        0x2 
 .rodata.lib/libutils/isoc/bget_malloc.c
                0x000000000000ed24      0x4a4 /home/test/devel/optee/optee_os/out/arm/export-ta_arm32/lib/libutils.a(bget_malloc.o)
 .rodata.lib/libutils/ext/snprintk.c
                0x000000000000f1c8       0x7d /home/test/devel/optee/optee_os/out/arm/export-ta_arm32/lib/libutils.a(snprintk.o)
 *fill*         0x000000000000f245        0x3 
 .rodata.lib/libutils/ext/trace.c
                0x000000000000f248       0x29 /home/test/devel/optee/optee_os/out/arm/export-ta_arm32/lib/libutils.a(trace.o)
 *fill*         0x000000000000f271        0x3 
 .rodata.lib/libmpa/mpa_misc.c
                0x000000000000f274       0x28 /home/test/devel/optee/optee_os/out/arm/export-ta_arm32/lib/libmpa.a(mpa_misc.o)
                0x000000000000f274                const_largest_deci_base
                0x000000000000f280                Const_1_LShift_Base
                0x000000000000f290                const_one
 .rodata.lib/libmpa/mpa_primetest.c
                0x000000000000f29c      0xd30 /home/test/devel/optee/optee_os/out/arm/export-ta_arm32/lib/libmpa.a(mpa_primetest.o)
                0x000000000000f29c                MAX_TABULATED_PRIME
                0x000000000000f2a0                NR_STORED_PRIMES
                0x000000000000f2a4                PRIME_TABLE
 .rodata.lib/libmpa/mpa_io.c
                0x000000000000ffcc       0x7c /home/test/devel/optee/optee_os/out/arm/export-ta_arm32/lib/libmpa.a(mpa_io.o)

.ARM.extab      0x0000000000010048      0xdd8
 .ARM.extab     0x0000000000010048       0x78 ./aes_ta.o
 .ARM.extab     0x00000000000100c0        0x0 ./user_ta_header.o
 .ARM.extab     0x00000000000100c0      0x120 /home/test/devel/optee/optee_os/out/arm/export-ta_arm32/lib/libutee.a(tee_api.o)
 .ARM.extab     0x00000000000101e0      0x15c /home/test/devel/optee/optee_os/out/arm/export-ta_arm32/lib/libutee.a(tee_api_objects.o)
 .ARM.extab     0x000000000001033c      0x12c /home/test/devel/optee/optee_os/out/arm/export-ta_arm32/lib/libutee.a(tee_api_operations.o)
 .ARM.extab     0x0000000000010468        0xc /home/test/devel/optee/optee_os/out/arm/export-ta_arm32/lib/libutee.a(tee_api_panic.o)
 .ARM.extab     0x0000000000010474       0x60 /home/test/devel/optee/optee_os/out/arm/export-ta_arm32/lib/libutee.a(user_ta_entry.o)
 .ARM.extab     0x00000000000104d4       0xb4 /home/test/devel/optee/optee_os/out/arm/export-ta_arm32/lib/libutee.a(tee_user_mem.o)
 .ARM.extab     0x0000000000010588        0xc /home/test/devel/optee/optee_os/out/arm/export-ta_arm32/lib/libutee.a(assert.o)
 .ARM.extab     0x0000000000010594      0x198 /home/test/devel/optee/optee_os/out/arm/export-ta_arm32/lib/libutee.a(tee_api_arith.o)
 .ARM.extab     0x000000000001072c       0x3c /home/test/devel/optee/optee_os/out/arm/export-ta_arm32/lib/libutee.a(utee_misc.o)
 .ARM.extab     0x0000000000010768       0x34 /home/test/devel/optee/optee_os/out/arm/export-ta_arm32/lib/libutee.a(trace_ext.o)
 .ARM.extab     0x000000000001079c      0x1a4 /home/test/devel/optee/optee_os/out/arm/export-ta_arm32/lib/libutils.a(bget_malloc.o)
 .ARM.extab     0x0000000000010940       0x18 /home/test/devel/optee/optee_os/out/arm/export-ta_arm32/lib/libutils.a(snprintf.o)
 .ARM.extab     0x0000000000010958        0xc /home/test/devel/optee/optee_os/out/arm/export-ta_arm32/lib/libutils.a(memcmp.o)
 .ARM.extab     0x0000000000010964        0xc /home/test/devel/optee/optee_os/out/arm/export-ta_arm32/lib/libutils.a(memcpy.o)
 .ARM.extab     0x0000000000010970        0xc /home/test/devel/optee/optee_os/out/arm/export-ta_arm32/lib/libutils.a(memmove.o)
 .ARM.extab     0x000000000001097c        0xc /home/test/devel/optee/optee_os/out/arm/export-ta_arm32/lib/libutils.a(memset.o)
 .ARM.extab     0x0000000000010988        0xc /home/test/devel/optee/optee_os/out/arm/export-ta_arm32/lib/libutils.a(strlen.o)
 .ARM.extab     0x0000000000010994       0x24 /home/test/devel/optee/optee_os/out/arm/export-ta_arm32/lib/libutils.a(snprintk.o)
 .ARM.extab     0x00000000000109b8        0xc /home/test/devel/optee/optee_os/out/arm/export-ta_arm32/lib/libutils.a(buf_compare_ct.o)
 .ARM.extab     0x00000000000109c4       0x3c /home/test/devel/optee/optee_os/out/arm/export-ta_arm32/lib/libutils.a(trace.o)
 .ARM.extab     0x0000000000010a00        0x0 /home/test/devel/optee/optee_os/out/arm/export-ta_arm32/lib/libutils.a(aeabi_unwind.o)
 .ARM.extab     0x0000000000010a00        0xc /home/test/devel/optee/optee_os/out/arm/export-ta_arm32/lib/libutils.a(memchr.o)
 .ARM.extab     0x0000000000010a0c       0x30 /home/test/devel/optee/optee_os/out/arm/export-ta_arm32/lib/libutils.a(arm32_aeabi_ldivmod.o)
 .ARM.extab     0x0000000000010a3c       0x60 /home/test/devel/optee/optee_os/out/arm/export-ta_arm32/lib/libmpa.a(mpa_misc.o)
 .ARM.extab     0x0000000000010a9c       0x24 /home/test/devel/optee/optee_os/out/arm/export-ta_arm32/lib/libmpa.a(mpa_montgomery.o)
 .ARM.extab     0x0000000000010ac0       0x30 /home/test/devel/optee/optee_os/out/arm/export-ta_arm32/lib/libmpa.a(mpa_primetest.o)
 .ARM.extab     0x0000000000010af0       0x30 /home/test/devel/optee/optee_os/out/arm/export-ta_arm32/lib/libmpa.a(mpa_conv.o)
 .ARM.extab     0x0000000000010b20       0x48 /home/test/devel/optee/optee_os/out/arm/export-ta_arm32/lib/libmpa.a(mpa_div.o)
 .ARM.extab     0x0000000000010b68       0x3c /home/test/devel/optee/optee_os/out/arm/export-ta_arm32/lib/libmpa.a(mpa_gcd.o)
 .ARM.extab     0x0000000000010ba4       0x3c /home/test/devel/optee/optee_os/out/arm/export-ta_arm32/lib/libmpa.a(mpa_mem_static.o)
 .ARM.extab     0x0000000000010be0       0x30 /home/test/devel/optee/optee_os/out/arm/export-ta_arm32/lib/libmpa.a(mpa_mul.o)
 .ARM.extab     0x0000000000010c10       0x30 /home/test/devel/optee/optee_os/out/arm/export-ta_arm32/lib/libmpa.a(mpa_random.o)
 .ARM.extab     0x0000000000010c40       0x30 /home/test/devel/optee/optee_os/out/arm/export-ta_arm32/lib/libmpa.a(mpa_shift.o)
 .ARM.extab     0x0000000000010c70       0x60 /home/test/devel/optee/optee_os/out/arm/export-ta_arm32/lib/libmpa.a(mpa_addsub.o)
 .ARM.extab     0x0000000000010cd0       0x3c /home/test/devel/optee/optee_os/out/arm/export-ta_arm32/lib/libmpa.a(mpa_cmp.o)
 .ARM.extab     0x0000000000010d0c        0xc /home/test/devel/optee/optee_os/out/arm/export-ta_arm32/lib/libmpa.a(mpa_expmod.o)
 .ARM.extab     0x0000000000010d18       0x18 /home/test/devel/optee/optee_os/out/arm/export-ta_arm32/lib/libmpa.a(mpa_init.o)
 .ARM.extab     0x0000000000010d30       0xb4 /home/test/devel/optee/optee_os/out/arm/export-ta_arm32/lib/libmpa.a(mpa_io.o)
 .ARM.extab     0x0000000000010de4       0x3c /home/test/devel/optee/optee_os/out/arm/export-ta_arm32/lib/libmpa.a(mpa_modulus.o)

.gnu.version_d  0x0000000000010e20        0x0
 .gnu.version_d
                0x0000000000010e20        0x0 ./aes_ta.o

.gnu.version    0x0000000000010e20        0x0
 .gnu.version   0x0000000000010e20        0x0 ./aes_ta.o

.gnu.version_r  0x0000000000010e20        0x0
 .gnu.version_r
                0x0000000000010e20        0x0 ./aes_ta.o

.ARM.extab.text.utee_panic
                0x0000000000010e20        0xc
 .ARM.extab.text.utee_panic
                0x0000000000010e20        0xc /home/test/devel/optee/optee_os/out/arm/export-ta_arm32/lib/libutee.a(utee_syscalls_a32.o)

.ARM.extab.text.utee_return
                0x0000000000010e2c        0x0
 .ARM.extab.text.utee_return
                0x0000000000010e2c        0x0 /home/test/devel/optee/optee_os/out/arm/export-ta_arm32/lib/libutee.a(utee_syscalls_a32.o)

.ARM.extab.text.utee_log
                0x0000000000010e2c        0x0
 .ARM.extab.text.utee_log
                0x0000000000010e2c        0x0 /home/test/devel/optee/optee_os/out/arm/export-ta_arm32/lib/libutee.a(utee_syscalls_a32.o)

.ARM.extab.text.__utee_panic
                0x0000000000010e2c        0x0
 .ARM.extab.text.__utee_panic
                0x0000000000010e2c        0x0 /home/test/devel/optee/optee_os/out/arm/export-ta_arm32/lib/libutee.a(utee_syscalls_a32.o)

.ARM.extab.text.utee_get_property
                0x0000000000010e2c        0x0
 .ARM.extab.text.utee_get_property
                0x0000000000010e2c        0x0 /home/test/devel/optee/optee_os/out/arm/export-ta_arm32/lib/libutee.a(utee_syscalls_a32.o)

.ARM.extab.text.utee_get_property_name_to_index
                0x0000000000010e2c        0x0
 .ARM.extab.text.utee_get_property_name_to_index
                0x0000000000010e2c        0x0 /home/test/devel/optee/optee_os/out/arm/export-ta_arm32/lib/libutee.a(utee_syscalls_a32.o)

.ARM.extab.text.utee_open_ta_session
                0x0000000000010e2c        0x0
 .ARM.extab.text.utee_open_ta_session
                0x0000000000010e2c        0x0 /home/test/devel/optee/optee_os/out/arm/export-ta_arm32/lib/libutee.a(utee_syscalls_a32.o)

.ARM.extab.text.utee_close_ta_session
                0x0000000000010e2c        0x0
 .ARM.extab.text.utee_close_ta_session
                0x0000000000010e2c        0x0 /home/test/devel/optee/optee_os/out/arm/export-ta_arm32/lib/libutee.a(utee_syscalls_a32.o)

.ARM.extab.text.utee_invoke_ta_command
                0x0000000000010e2c        0x0
 .ARM.extab.text.utee_invoke_ta_command
                0x0000000000010e2c        0x0 /home/test/devel/optee/optee_os/out/arm/export-ta_arm32/lib/libutee.a(utee_syscalls_a32.o)

.ARM.extab.text.utee_get_cancellation_flag
                0x0000000000010e2c        0x0
 .ARM.extab.text.utee_get_cancellation_flag
                0x0000000000010e2c        0x0 /home/test/devel/optee/optee_os/out/arm/export-ta_arm32/lib/libutee.a(utee_syscalls_a32.o)

.ARM.extab.text.utee_check_access_rights
                0x0000000000010e2c        0x0
 .ARM.extab.text.utee_check_access_rights
                0x0000000000010e2c        0x0 /home/test/devel/optee/optee_os/out/arm/export-ta_arm32/lib/libutee.a(utee_syscalls_a32.o)

.ARM.extab.text.utee_unmask_cancellation
                0x0000000000010e2c        0x0
 .ARM.extab.text.utee_unmask_cancellation
                0x0000000000010e2c        0x0 /home/test/devel/optee/optee_os/out/arm/export-ta_arm32/lib/libutee.a(utee_syscalls_a32.o)

.ARM.extab.text.utee_mask_cancellation
                0x0000000000010e2c        0x0
 .ARM.extab.text.utee_mask_cancellation
                0x0000000000010e2c        0x0 /home/test/devel/optee/optee_os/out/arm/export-ta_arm32/lib/libutee.a(utee_syscalls_a32.o)

.ARM.extab.text.utee_wait
                0x0000000000010e2c        0x0
 .ARM.extab.text.utee_wait
                0x0000000000010e2c        0x0 /home/test/devel/optee/optee_os/out/arm/export-ta_arm32/lib/libutee.a(utee_syscalls_a32.o)

.ARM.extab.text.utee_get_time
                0x0000000000010e2c        0x0
 .ARM.extab.text.utee_get_time
                0x0000000000010e2c        0x0 /home/test/devel/optee/optee_os/out/arm/export-ta_arm32/lib/libutee.a(utee_syscalls_a32.o)

.ARM.extab.text.utee_set_ta_time
                0x0000000000010e2c        0x0
 .ARM.extab.text.utee_set_ta_time
                0x0000000000010e2c        0x0 /home/test/devel/optee/optee_os/out/arm/export-ta_arm32/lib/libutee.a(utee_syscalls_a32.o)

.ARM.extab.text.utee_cryp_state_alloc
                0x0000000000010e2c        0x0
 .ARM.extab.text.utee_cryp_state_alloc
                0x0000000000010e2c        0x0 /home/test/devel/optee/optee_os/out/arm/export-ta_arm32/lib/libutee.a(utee_syscalls_a32.o)

.ARM.extab.text.utee_cryp_state_copy
                0x0000000000010e2c        0x0
 .ARM.extab.text.utee_cryp_state_copy
                0x0000000000010e2c        0x0 /home/test/devel/optee/optee_os/out/arm/export-ta_arm32/lib/libutee.a(utee_syscalls_a32.o)

.ARM.extab.text.utee_cryp_state_free
                0x0000000000010e2c        0x0
 .ARM.extab.text.utee_cryp_state_free
                0x0000000000010e2c        0x0 /home/test/devel/optee/optee_os/out/arm/export-ta_arm32/lib/libutee.a(utee_syscalls_a32.o)

.ARM.extab.text.utee_hash_init
                0x0000000000010e2c        0x0
 .ARM.extab.text.utee_hash_init
                0x0000000000010e2c        0x0 /home/test/devel/optee/optee_os/out/arm/export-ta_arm32/lib/libutee.a(utee_syscalls_a32.o)

.ARM.extab.text.utee_hash_update
                0x0000000000010e2c        0x0
 .ARM.extab.text.utee_hash_update
                0x0000000000010e2c        0x0 /home/test/devel/optee/optee_os/out/arm/export-ta_arm32/lib/libutee.a(utee_syscalls_a32.o)

.ARM.extab.text.utee_hash_final
                0x0000000000010e2c        0x0
 .ARM.extab.text.utee_hash_final
                0x0000000000010e2c        0x0 /home/test/devel/optee/optee_os/out/arm/export-ta_arm32/lib/libutee.a(utee_syscalls_a32.o)

.ARM.extab.text.utee_cipher_init
                0x0000000000010e2c        0x0
 .ARM.extab.text.utee_cipher_init
                0x0000000000010e2c        0x0 /home/test/devel/optee/optee_os/out/arm/export-ta_arm32/lib/libutee.a(utee_syscalls_a32.o)

.ARM.extab.text.utee_cipher_update
                0x0000000000010e2c        0x0
 .ARM.extab.text.utee_cipher_update
                0x0000000000010e2c        0x0 /home/test/devel/optee/optee_os/out/arm/export-ta_arm32/lib/libutee.a(utee_syscalls_a32.o)

.ARM.extab.text.utee_cipher_final
                0x0000000000010e2c        0x0
 .ARM.extab.text.utee_cipher_final
                0x0000000000010e2c        0x0 /home/test/devel/optee/optee_os/out/arm/export-ta_arm32/lib/libutee.a(utee_syscalls_a32.o)

.ARM.extab.text.utee_cryp_obj_get_info
                0x0000000000010e2c        0x0
 .ARM.extab.text.utee_cryp_obj_get_info
                0x0000000000010e2c        0x0 /home/test/devel/optee/optee_os/out/arm/export-ta_arm32/lib/libutee.a(utee_syscalls_a32.o)

.ARM.extab.text.utee_cryp_obj_restrict_usage
                0x0000000000010e2c        0x0
 .ARM.extab.text.utee_cryp_obj_restrict_usage
                0x0000000000010e2c        0x0 /home/test/devel/optee/optee_os/out/arm/export-ta_arm32/lib/libutee.a(utee_syscalls_a32.o)

.ARM.extab.text.utee_cryp_obj_get_attr
                0x0000000000010e2c        0x0
 .ARM.extab.text.utee_cryp_obj_get_attr
                0x0000000000010e2c        0x0 /home/test/devel/optee/optee_os/out/arm/export-ta_arm32/lib/libutee.a(utee_syscalls_a32.o)

.ARM.extab.text.utee_cryp_obj_alloc
                0x0000000000010e2c        0x0
 .ARM.extab.text.utee_cryp_obj_alloc
                0x0000000000010e2c        0x0 /home/test/devel/optee/optee_os/out/arm/export-ta_arm32/lib/libutee.a(utee_syscalls_a32.o)

.ARM.extab.text.utee_cryp_obj_close
                0x0000000000010e2c        0x0
 .ARM.extab.text.utee_cryp_obj_close
                0x0000000000010e2c        0x0 /home/test/devel/optee/optee_os/out/arm/export-ta_arm32/lib/libutee.a(utee_syscalls_a32.o)

.ARM.extab.text.utee_cryp_obj_reset
                0x0000000000010e2c        0x0
 .ARM.extab.text.utee_cryp_obj_reset
                0x0000000000010e2c        0x0 /home/test/devel/optee/optee_os/out/arm/export-ta_arm32/lib/libutee.a(utee_syscalls_a32.o)

.ARM.extab.text.utee_cryp_obj_populate
                0x0000000000010e2c        0x0
 .ARM.extab.text.utee_cryp_obj_populate
                0x0000000000010e2c        0x0 /home/test/devel/optee/optee_os/out/arm/export-ta_arm32/lib/libutee.a(utee_syscalls_a32.o)

.ARM.extab.text.utee_cryp_obj_copy
                0x0000000000010e2c        0x0
 .ARM.extab.text.utee_cryp_obj_copy
                0x0000000000010e2c        0x0 /home/test/devel/optee/optee_os/out/arm/export-ta_arm32/lib/libutee.a(utee_syscalls_a32.o)

.ARM.extab.text.utee_cryp_derive_key
                0x0000000000010e2c        0x0
 .ARM.extab.text.utee_cryp_derive_key
                0x0000000000010e2c        0x0 /home/test/devel/optee/optee_os/out/arm/export-ta_arm32/lib/libutee.a(utee_syscalls_a32.o)

.ARM.extab.text.utee_cryp_random_number_generate
                0x0000000000010e2c        0x0
 .ARM.extab.text.utee_cryp_random_number_generate
                0x0000000000010e2c        0x0 /home/test/devel/optee/optee_os/out/arm/export-ta_arm32/lib/libutee.a(utee_syscalls_a32.o)

.ARM.extab.text.utee_authenc_init
                0x0000000000010e2c        0x0
 .ARM.extab.text.utee_authenc_init
                0x0000000000010e2c        0x0 /home/test/devel/optee/optee_os/out/arm/export-ta_arm32/lib/libutee.a(utee_syscalls_a32.o)

.ARM.extab.text.utee_authenc_update_aad
                0x0000000000010e2c        0x0
 .ARM.extab.text.utee_authenc_update_aad
                0x0000000000010e2c        0x0 /home/test/devel/optee/optee_os/out/arm/export-ta_arm32/lib/libutee.a(utee_syscalls_a32.o)

.ARM.extab.text.utee_authenc_update_payload
                0x0000000000010e2c        0x0
 .ARM.extab.text.utee_authenc_update_payload
                0x0000000000010e2c        0x0 /home/test/devel/optee/optee_os/out/arm/export-ta_arm32/lib/libutee.a(utee_syscalls_a32.o)

.ARM.extab.text.utee_authenc_enc_final
                0x0000000000010e2c        0x0
 .ARM.extab.text.utee_authenc_enc_final
                0x0000000000010e2c        0x0 /home/test/devel/optee/optee_os/out/arm/export-ta_arm32/lib/libutee.a(utee_syscalls_a32.o)

.ARM.extab.text.utee_authenc_dec_final
                0x0000000000010e2c        0x0
 .ARM.extab.text.utee_authenc_dec_final
                0x0000000000010e2c        0x0 /home/test/devel/optee/optee_os/out/arm/export-ta_arm32/lib/libutee.a(utee_syscalls_a32.o)

.ARM.extab.text.utee_asymm_operate
                0x0000000000010e2c        0x0
 .ARM.extab.text.utee_asymm_operate
                0x0000000000010e2c        0x0 /home/test/devel/optee/optee_os/out/arm/export-ta_arm32/lib/libutee.a(utee_syscalls_a32.o)

.ARM.extab.text.utee_asymm_verify
                0x0000000000010e2c        0x0
 .ARM.extab.text.utee_asymm_verify
                0x0000000000010e2c        0x0 /home/test/devel/optee/optee_os/out/arm/export-ta_arm32/lib/libutee.a(utee_syscalls_a32.o)

.ARM.extab.text.utee_storage_obj_open
                0x0000000000010e2c        0x0
 .ARM.extab.text.utee_storage_obj_open
                0x0000000000010e2c        0x0 /home/test/devel/optee/optee_os/out/arm/export-ta_arm32/lib/libutee.a(utee_syscalls_a32.o)

.ARM.extab.text.utee_storage_obj_create
                0x0000000000010e2c        0x0
 .ARM.extab.text.utee_storage_obj_create
                0x0000000000010e2c        0x0 /home/test/devel/optee/optee_os/out/arm/export-ta_arm32/lib/libutee.a(utee_syscalls_a32.o)

.ARM.extab.text.utee_storage_obj_del
                0x0000000000010e2c        0x0
 .ARM.extab.text.utee_storage_obj_del
                0x0000000000010e2c        0x0 /home/test/devel/optee/optee_os/out/arm/export-ta_arm32/lib/libutee.a(utee_syscalls_a32.o)

.ARM.extab.text.utee_storage_obj_rename
                0x0000000000010e2c        0x0
 .ARM.extab.text.utee_storage_obj_rename
                0x0000000000010e2c        0x0 /home/test/devel/optee/optee_os/out/arm/export-ta_arm32/lib/libutee.a(utee_syscalls_a32.o)

.ARM.extab.text.utee_storage_alloc_enum
                0x0000000000010e2c        0x0
 .ARM.extab.text.utee_storage_alloc_enum
                0x0000000000010e2c        0x0 /home/test/devel/optee/optee_os/out/arm/export-ta_arm32/lib/libutee.a(utee_syscalls_a32.o)

.ARM.extab.text.utee_storage_free_enum
                0x0000000000010e2c        0x0
 .ARM.extab.text.utee_storage_free_enum
                0x0000000000010e2c        0x0 /home/test/devel/optee/optee_os/out/arm/export-ta_arm32/lib/libutee.a(utee_syscalls_a32.o)

.ARM.extab.text.utee_storage_reset_enum
                0x0000000000010e2c        0x0
 .ARM.extab.text.utee_storage_reset_enum
                0x0000000000010e2c        0x0 /home/test/devel/optee/optee_os/out/arm/export-ta_arm32/lib/libutee.a(utee_syscalls_a32.o)

.ARM.extab.text.utee_storage_start_enum
                0x0000000000010e2c        0x0
 .ARM.extab.text.utee_storage_start_enum
                0x0000000000010e2c        0x0 /home/test/devel/optee/optee_os/out/arm/export-ta_arm32/lib/libutee.a(utee_syscalls_a32.o)

.ARM.extab.text.utee_storage_next_enum
                0x0000000000010e2c        0x0
 .ARM.extab.text.utee_storage_next_enum
                0x0000000000010e2c        0x0 /home/test/devel/optee/optee_os/out/arm/export-ta_arm32/lib/libutee.a(utee_syscalls_a32.o)

.ARM.extab.text.utee_storage_obj_read
                0x0000000000010e2c        0x0
 .ARM.extab.text.utee_storage_obj_read
                0x0000000000010e2c        0x0 /home/test/devel/optee/optee_os/out/arm/export-ta_arm32/lib/libutee.a(utee_syscalls_a32.o)

.ARM.extab.text.utee_storage_obj_write
                0x0000000000010e2c        0x0
 .ARM.extab.text.utee_storage_obj_write
                0x0000000000010e2c        0x0 /home/test/devel/optee/optee_os/out/arm/export-ta_arm32/lib/libutee.a(utee_syscalls_a32.o)

.ARM.extab.text.utee_storage_obj_trunc
                0x0000000000010e2c        0x0
 .ARM.extab.text.utee_storage_obj_trunc
                0x0000000000010e2c        0x0 /home/test/devel/optee/optee_os/out/arm/export-ta_arm32/lib/libutee.a(utee_syscalls_a32.o)

.ARM.extab.text.utee_storage_obj_seek
                0x0000000000010e2c        0x0
 .ARM.extab.text.utee_storage_obj_seek
                0x0000000000010e2c        0x0 /home/test/devel/optee/optee_os/out/arm/export-ta_arm32/lib/libutee.a(utee_syscalls_a32.o)

.ARM.extab.text.utee_cryp_obj_generate_key
                0x0000000000010e2c        0x0
 .ARM.extab.text.utee_cryp_obj_generate_key
                0x0000000000010e2c        0x0 /home/test/devel/optee/optee_os/out/arm/export-ta_arm32/lib/libutee.a(utee_syscalls_a32.o)

.ARM.extab.text.utee_se_service_open
                0x0000000000010e2c        0x0
 .ARM.extab.text.utee_se_service_open
                0x0000000000010e2c        0x0 /home/test/devel/optee/optee_os/out/arm/export-ta_arm32/lib/libutee.a(utee_syscalls_a32.o)

.ARM.extab.text.utee_se_service_close
                0x0000000000010e2c        0x0
 .ARM.extab.text.utee_se_service_close
                0x0000000000010e2c        0x0 /home/test/devel/optee/optee_os/out/arm/export-ta_arm32/lib/libutee.a(utee_syscalls_a32.o)

.ARM.extab.text.utee_se_service_get_readers
                0x0000000000010e2c        0x0
 .ARM.extab.text.utee_se_service_get_readers
                0x0000000000010e2c        0x0 /home/test/devel/optee/optee_os/out/arm/export-ta_arm32/lib/libutee.a(utee_syscalls_a32.o)

.ARM.extab.text.utee_se_reader_get_prop
                0x0000000000010e2c        0x0
 .ARM.extab.text.utee_se_reader_get_prop
                0x0000000000010e2c        0x0 /home/test/devel/optee/optee_os/out/arm/export-ta_arm32/lib/libutee.a(utee_syscalls_a32.o)

.ARM.extab.text.utee_se_reader_get_name
                0x0000000000010e2c        0x0
 .ARM.extab.text.utee_se_reader_get_name
                0x0000000000010e2c        0x0 /home/test/devel/optee/optee_os/out/arm/export-ta_arm32/lib/libutee.a(utee_syscalls_a32.o)

.ARM.extab.text.utee_se_reader_open_session
                0x0000000000010e2c        0x0
 .ARM.extab.text.utee_se_reader_open_session
                0x0000000000010e2c        0x0 /home/test/devel/optee/optee_os/out/arm/export-ta_arm32/lib/libutee.a(utee_syscalls_a32.o)

.ARM.extab.text.utee_se_reader_close_sessions
                0x0000000000010e2c        0x0
 .ARM.extab.text.utee_se_reader_close_sessions
                0x0000000000010e2c        0x0 /home/test/devel/optee/optee_os/out/arm/export-ta_arm32/lib/libutee.a(utee_syscalls_a32.o)

.ARM.extab.text.utee_se_session_is_closed
                0x0000000000010e2c        0x0
 .ARM.extab.text.utee_se_session_is_closed
                0x0000000000010e2c        0x0 /home/test/devel/optee/optee_os/out/arm/export-ta_arm32/lib/libutee.a(utee_syscalls_a32.o)

.ARM.extab.text.utee_se_session_get_atr
                0x0000000000010e2c        0x0
 .ARM.extab.text.utee_se_session_get_atr
                0x0000000000010e2c        0x0 /home/test/devel/optee/optee_os/out/arm/export-ta_arm32/lib/libutee.a(utee_syscalls_a32.o)

.ARM.extab.text.utee_se_session_open_channel
                0x0000000000010e2c        0x0
 .ARM.extab.text.utee_se_session_open_channel
                0x0000000000010e2c        0x0 /home/test/devel/optee/optee_os/out/arm/export-ta_arm32/lib/libutee.a(utee_syscalls_a32.o)

.ARM.extab.text.utee_se_session_close
                0x0000000000010e2c        0x0
 .ARM.extab.text.utee_se_session_close
                0x0000000000010e2c        0x0 /home/test/devel/optee/optee_os/out/arm/export-ta_arm32/lib/libutee.a(utee_syscalls_a32.o)

.ARM.extab.text.utee_se_channel_select_next
                0x0000000000010e2c        0x0
 .ARM.extab.text.utee_se_channel_select_next
                0x0000000000010e2c        0x0 /home/test/devel/optee/optee_os/out/arm/export-ta_arm32/lib/libutee.a(utee_syscalls_a32.o)

.ARM.extab.text.utee_se_channel_get_select_resp
                0x0000000000010e2c        0x0
 .ARM.extab.text.utee_se_channel_get_select_resp
                0x0000000000010e2c        0x0 /home/test/devel/optee/optee_os/out/arm/export-ta_arm32/lib/libutee.a(utee_syscalls_a32.o)

.ARM.extab.text.utee_se_channel_transmit
                0x0000000000010e2c        0x0
 .ARM.extab.text.utee_se_channel_transmit
                0x0000000000010e2c        0x0 /home/test/devel/optee/optee_os/out/arm/export-ta_arm32/lib/libutee.a(utee_syscalls_a32.o)

.ARM.extab.text.utee_se_channel_close
                0x0000000000010e2c        0x0
 .ARM.extab.text.utee_se_channel_close
                0x0000000000010e2c        0x0 /home/test/devel/optee/optee_os/out/arm/export-ta_arm32/lib/libutee.a(utee_syscalls_a32.o)

.ARM.extab.text.utee_cache_operation
                0x0000000000010e2c        0x0
 .ARM.extab.text.utee_cache_operation
                0x0000000000010e2c        0x0 /home/test/devel/optee/optee_os/out/arm/export-ta_arm32/lib/libutee.a(utee_syscalls_a32.o)

.ARM.extab.text.__aeabi_ldivmod
                0x0000000000010e2c        0xc
 .ARM.extab.text.__aeabi_ldivmod
                0x0000000000010e2c        0xc /home/test/devel/optee/optee_os/out/arm/export-ta_arm32/lib/libutils.a(arm32_aeabi_ldivmod_a32.o)

.ARM.extab.text.__aeabi_uldivmod
                0x0000000000010e38        0xc
 .ARM.extab.text.__aeabi_uldivmod
                0x0000000000010e38        0xc /home/test/devel/optee/optee_os/out/arm/export-ta_arm32/lib/libutils.a(arm32_aeabi_ldivmod_a32.o)

.ARM.exidx      0x0000000000010e44      0xa50
 *(SORT(.ARM.exidx*) SORT(.gnu.linkonce.armexidx.*))
 .ARM.exidx     0x0000000000010e44       0x58 ./aes_ta.o
                                         0x60 (size before relaxing)
 .ARM.exidx     0x0000000000011554        0x8 ./user_ta_header.o
 .ARM.exidx     0x0000000000010e9c       0xc8 /home/test/devel/optee/optee_os/out/arm/export-ta_arm32/lib/libutee.a(tee_api.o)
 .ARM.exidx     0x000000000001155c       0xf8 /home/test/devel/optee/optee_os/out/arm/export-ta_arm32/lib/libutee.a(tee_api_objects.o)
 .ARM.exidx     0x0000000000010f64       0xe0 /home/test/devel/optee/optee_os/out/arm/export-ta_arm32/lib/libutee.a(tee_api_operations.o)
                                         0xf0 (size before relaxing)
 .ARM.exidx     0x0000000000011654        0x8 /home/test/devel/optee/optee_os/out/arm/export-ta_arm32/lib/libutee.a(tee_api_panic.o)
 .ARM.exidx     0x0000000000011044       0x58 /home/test/devel/optee/optee_os/out/arm/export-ta_arm32/lib/libutee.a(user_ta_entry.o)
                                         0x60 (size before relaxing)
 .ARM.exidx.text.utee_panic
                0x000000000001109c        0x8 /home/test/devel/optee/optee_os/out/arm/export-ta_arm32/lib/libutee.a(utee_syscalls_a32.o)
 .ARM.exidx.text.utee_return
                0x00000000000110a4        0x8 /home/test/devel/optee/optee_os/out/arm/export-ta_arm32/lib/libutee.a(utee_syscalls_a32.o)
 .ARM.exidx.text.utee_log
                0x00000000000110ac        0x0 /home/test/devel/optee/optee_os/out/arm/export-ta_arm32/lib/libutee.a(utee_syscalls_a32.o)
                                          0x8 (size before relaxing)
 .ARM.exidx.text.__utee_panic
                0x00000000000110ac        0x0 /home/test/devel/optee/optee_os/out/arm/export-ta_arm32/lib/libutee.a(utee_syscalls_a32.o)
                                          0x8 (size before relaxing)
 .ARM.exidx.text.utee_get_property
                0x00000000000110ac        0x0 /home/test/devel/optee/optee_os/out/arm/export-ta_arm32/lib/libutee.a(utee_syscalls_a32.o)
                                          0x8 (size before relaxing)
 .ARM.exidx.text.utee_get_property_name_to_index
                0x00000000000110ac        0x0 /home/test/devel/optee/optee_os/out/arm/export-ta_arm32/lib/libutee.a(utee_syscalls_a32.o)
                                          0x8 (size before relaxing)
 .ARM.exidx.text.utee_open_ta_session
                0x00000000000110ac        0x0 /home/test/devel/optee/optee_os/out/arm/export-ta_arm32/lib/libutee.a(utee_syscalls_a32.o)
                                          0x8 (size before relaxing)
 .ARM.exidx.text.utee_close_ta_session
                0x00000000000110ac        0x0 /home/test/devel/optee/optee_os/out/arm/export-ta_arm32/lib/libutee.a(utee_syscalls_a32.o)
                                          0x8 (size before relaxing)
 .ARM.exidx.text.utee_invoke_ta_command
                0x00000000000110ac        0x0 /home/test/devel/optee/optee_os/out/arm/export-ta_arm32/lib/libutee.a(utee_syscalls_a32.o)
                                          0x8 (size before relaxing)
 .ARM.exidx.text.utee_get_cancellation_flag
                0x00000000000110ac        0x0 /home/test/devel/optee/optee_os/out/arm/export-ta_arm32/lib/libutee.a(utee_syscalls_a32.o)
                                          0x8 (size before relaxing)
 .ARM.exidx.text.utee_check_access_rights
                0x00000000000110ac        0x0 /home/test/devel/optee/optee_os/out/arm/export-ta_arm32/lib/libutee.a(utee_syscalls_a32.o)
                                          0x8 (size before relaxing)
 .ARM.exidx.text.utee_unmask_cancellation
                0x00000000000110ac        0x0 /home/test/devel/optee/optee_os/out/arm/export-ta_arm32/lib/libutee.a(utee_syscalls_a32.o)
                                          0x8 (size before relaxing)
 .ARM.exidx.text.utee_mask_cancellation
                0x00000000000110ac        0x0 /home/test/devel/optee/optee_os/out/arm/export-ta_arm32/lib/libutee.a(utee_syscalls_a32.o)
                                          0x8 (size before relaxing)
 .ARM.exidx.text.utee_wait
                0x00000000000110ac        0x0 /home/test/devel/optee/optee_os/out/arm/export-ta_arm32/lib/libutee.a(utee_syscalls_a32.o)
                                          0x8 (size before relaxing)
 .ARM.exidx.text.utee_get_time
                0x00000000000110ac        0x0 /home/test/devel/optee/optee_os/out/arm/export-ta_arm32/lib/libutee.a(utee_syscalls_a32.o)
                                          0x8 (size before relaxing)
 .ARM.exidx.text.utee_set_ta_time
                0x00000000000110ac        0x0 /home/test/devel/optee/optee_os/out/arm/export-ta_arm32/lib/libutee.a(utee_syscalls_a32.o)
                                          0x8 (size before relaxing)
 .ARM.exidx.text.utee_cryp_state_alloc
                0x00000000000110ac        0x0 /home/test/devel/optee/optee_os/out/arm/export-ta_arm32/lib/libutee.a(utee_syscalls_a32.o)
                                          0x8 (size before relaxing)
 .ARM.exidx.text.utee_cryp_state_copy
                0x00000000000110ac        0x0 /home/test/devel/optee/optee_os/out/arm/export-ta_arm32/lib/libutee.a(utee_syscalls_a32.o)
                                          0x8 (size before relaxing)
 .ARM.exidx.text.utee_cryp_state_free
                0x00000000000110ac        0x0 /home/test/devel/optee/optee_os/out/arm/export-ta_arm32/lib/libutee.a(utee_syscalls_a32.o)
                                          0x8 (size before relaxing)
 .ARM.exidx.text.utee_hash_init
                0x00000000000110ac        0x0 /home/test/devel/optee/optee_os/out/arm/export-ta_arm32/lib/libutee.a(utee_syscalls_a32.o)
                                          0x8 (size before relaxing)
 .ARM.exidx.text.utee_hash_update
                0x00000000000110ac        0x0 /home/test/devel/optee/optee_os/out/arm/export-ta_arm32/lib/libutee.a(utee_syscalls_a32.o)
                                          0x8 (size before relaxing)
 .ARM.exidx.text.utee_hash_final
                0x00000000000110ac        0x0 /home/test/devel/optee/optee_os/out/arm/export-ta_arm32/lib/libutee.a(utee_syscalls_a32.o)
                                          0x8 (size before relaxing)
 .ARM.exidx.text.utee_cipher_init
                0x00000000000110ac        0x0 /home/test/devel/optee/optee_os/out/arm/export-ta_arm32/lib/libutee.a(utee_syscalls_a32.o)
                                          0x8 (size before relaxing)
 .ARM.exidx.text.utee_cipher_update
                0x00000000000110ac        0x0 /home/test/devel/optee/optee_os/out/arm/export-ta_arm32/lib/libutee.a(utee_syscalls_a32.o)
                                          0x8 (size before relaxing)
 .ARM.exidx.text.utee_cipher_final
                0x00000000000110ac        0x0 /home/test/devel/optee/optee_os/out/arm/export-ta_arm32/lib/libutee.a(utee_syscalls_a32.o)
                                          0x8 (size before relaxing)
 .ARM.exidx.text.utee_cryp_obj_get_info
                0x00000000000110ac        0x0 /home/test/devel/optee/optee_os/out/arm/export-ta_arm32/lib/libutee.a(utee_syscalls_a32.o)
                                          0x8 (size before relaxing)
 .ARM.exidx.text.utee_cryp_obj_restrict_usage
                0x00000000000110ac        0x0 /home/test/devel/optee/optee_os/out/arm/export-ta_arm32/lib/libutee.a(utee_syscalls_a32.o)
                                          0x8 (size before relaxing)
 .ARM.exidx.text.utee_cryp_obj_get_attr
                0x00000000000110ac        0x0 /home/test/devel/optee/optee_os/out/arm/export-ta_arm32/lib/libutee.a(utee_syscalls_a32.o)
                                          0x8 (size before relaxing)
 .ARM.exidx.text.utee_cryp_obj_alloc
                0x00000000000110ac        0x0 /home/test/devel/optee/optee_os/out/arm/export-ta_arm32/lib/libutee.a(utee_syscalls_a32.o)
                                          0x8 (size before relaxing)
 .ARM.exidx.text.utee_cryp_obj_close
                0x00000000000110ac        0x0 /home/test/devel/optee/optee_os/out/arm/export-ta_arm32/lib/libutee.a(utee_syscalls_a32.o)
                                          0x8 (size before relaxing)
 .ARM.exidx.text.utee_cryp_obj_reset
                0x00000000000110ac        0x0 /home/test/devel/optee/optee_os/out/arm/export-ta_arm32/lib/libutee.a(utee_syscalls_a32.o)
                                          0x8 (size before relaxing)
 .ARM.exidx.text.utee_cryp_obj_populate
                0x00000000000110ac        0x0 /home/test/devel/optee/optee_os/out/arm/export-ta_arm32/lib/libutee.a(utee_syscalls_a32.o)
                                          0x8 (size before relaxing)
 .ARM.exidx.text.utee_cryp_obj_copy
                0x00000000000110ac        0x0 /home/test/devel/optee/optee_os/out/arm/export-ta_arm32/lib/libutee.a(utee_syscalls_a32.o)
                                          0x8 (size before relaxing)
 .ARM.exidx.text.utee_cryp_derive_key
                0x00000000000110ac        0x0 /home/test/devel/optee/optee_os/out/arm/export-ta_arm32/lib/libutee.a(utee_syscalls_a32.o)
                                          0x8 (size before relaxing)
 .ARM.exidx.text.utee_cryp_random_number_generate
                0x00000000000110ac        0x0 /home/test/devel/optee/optee_os/out/arm/export-ta_arm32/lib/libutee.a(utee_syscalls_a32.o)
                                          0x8 (size before relaxing)
 .ARM.exidx.text.utee_authenc_init
                0x00000000000110ac        0x0 /home/test/devel/optee/optee_os/out/arm/export-ta_arm32/lib/libutee.a(utee_syscalls_a32.o)
                                          0x8 (size before relaxing)
 .ARM.exidx.text.utee_authenc_update_aad
                0x00000000000110ac        0x0 /home/test/devel/optee/optee_os/out/arm/export-ta_arm32/lib/libutee.a(utee_syscalls_a32.o)
                                          0x8 (size before relaxing)
 .ARM.exidx.text.utee_authenc_update_payload
                0x00000000000110ac        0x0 /home/test/devel/optee/optee_os/out/arm/export-ta_arm32/lib/libutee.a(utee_syscalls_a32.o)
                                          0x8 (size before relaxing)
 .ARM.exidx.text.utee_authenc_enc_final
                0x00000000000110ac        0x0 /home/test/devel/optee/optee_os/out/arm/export-ta_arm32/lib/libutee.a(utee_syscalls_a32.o)
                                          0x8 (size before relaxing)
 .ARM.exidx.text.utee_authenc_dec_final
                0x00000000000110ac        0x0 /home/test/devel/optee/optee_os/out/arm/export-ta_arm32/lib/libutee.a(utee_syscalls_a32.o)
                                          0x8 (size before relaxing)
 .ARM.exidx.text.utee_asymm_operate
                0x00000000000110ac        0x0 /home/test/devel/optee/optee_os/out/arm/export-ta_arm32/lib/libutee.a(utee_syscalls_a32.o)
                                          0x8 (size before relaxing)
 .ARM.exidx.text.utee_asymm_verify
                0x00000000000110ac        0x0 /home/test/devel/optee/optee_os/out/arm/export-ta_arm32/lib/libutee.a(utee_syscalls_a32.o)
                                          0x8 (size before relaxing)
 .ARM.exidx.text.utee_storage_obj_open
                0x00000000000110ac        0x0 /home/test/devel/optee/optee_os/out/arm/export-ta_arm32/lib/libutee.a(utee_syscalls_a32.o)
                                          0x8 (size before relaxing)
 .ARM.exidx.text.utee_storage_obj_create
                0x00000000000110ac        0x0 /home/test/devel/optee/optee_os/out/arm/export-ta_arm32/lib/libutee.a(utee_syscalls_a32.o)
                                          0x8 (size before relaxing)
 .ARM.exidx.text.utee_storage_obj_del
                0x00000000000110ac        0x0 /home/test/devel/optee/optee_os/out/arm/export-ta_arm32/lib/libutee.a(utee_syscalls_a32.o)
                                          0x8 (size before relaxing)
 .ARM.exidx.text.utee_storage_obj_rename
                0x00000000000110ac        0x0 /home/test/devel/optee/optee_os/out/arm/export-ta_arm32/lib/libutee.a(utee_syscalls_a32.o)
                                          0x8 (size before relaxing)
 .ARM.exidx.text.utee_storage_alloc_enum
                0x00000000000110ac        0x0 /home/test/devel/optee/optee_os/out/arm/export-ta_arm32/lib/libutee.a(utee_syscalls_a32.o)
                                          0x8 (size before relaxing)
 .ARM.exidx.text.utee_storage_free_enum
                0x00000000000110ac        0x0 /home/test/devel/optee/optee_os/out/arm/export-ta_arm32/lib/libutee.a(utee_syscalls_a32.o)
                                          0x8 (size before relaxing)
 .ARM.exidx.text.utee_storage_reset_enum
                0x00000000000110ac        0x0 /home/test/devel/optee/optee_os/out/arm/export-ta_arm32/lib/libutee.a(utee_syscalls_a32.o)
                                          0x8 (size before relaxing)
 .ARM.exidx.text.utee_storage_start_enum
                0x00000000000110ac        0x0 /home/test/devel/optee/optee_os/out/arm/export-ta_arm32/lib/libutee.a(utee_syscalls_a32.o)
                                          0x8 (size before relaxing)
 .ARM.exidx.text.utee_storage_next_enum
                0x00000000000110ac        0x0 /home/test/devel/optee/optee_os/out/arm/export-ta_arm32/lib/libutee.a(utee_syscalls_a32.o)
                                          0x8 (size before relaxing)
 .ARM.exidx.text.utee_storage_obj_read
                0x00000000000110ac        0x0 /home/test/devel/optee/optee_os/out/arm/export-ta_arm32/lib/libutee.a(utee_syscalls_a32.o)
                                          0x8 (size before relaxing)
 .ARM.exidx.text.utee_storage_obj_write
                0x00000000000110ac        0x0 /home/test/devel/optee/optee_os/out/arm/export-ta_arm32/lib/libutee.a(utee_syscalls_a32.o)
                                          0x8 (size before relaxing)
 .ARM.exidx.text.utee_storage_obj_trunc
                0x00000000000110ac        0x0 /home/test/devel/optee/optee_os/out/arm/export-ta_arm32/lib/libutee.a(utee_syscalls_a32.o)
                                          0x8 (size before relaxing)
 .ARM.exidx.text.utee_storage_obj_seek
                0x00000000000110ac        0x0 /home/test/devel/optee/optee_os/out/arm/export-ta_arm32/lib/libutee.a(utee_syscalls_a32.o)
                                          0x8 (size before relaxing)
 .ARM.exidx.text.utee_cryp_obj_generate_key
                0x00000000000110ac        0x0 /home/test/devel/optee/optee_os/out/arm/export-ta_arm32/lib/libutee.a(utee_syscalls_a32.o)
                                          0x8 (size before relaxing)
 .ARM.exidx.text.utee_se_service_open
                0x00000000000110ac        0x0 /home/test/devel/optee/optee_os/out/arm/export-ta_arm32/lib/libutee.a(utee_syscalls_a32.o)
                                          0x8 (size before relaxing)
 .ARM.exidx.text.utee_se_service_close
                0x00000000000110ac        0x0 /home/test/devel/optee/optee_os/out/arm/export-ta_arm32/lib/libutee.a(utee_syscalls_a32.o)
                                          0x8 (size before relaxing)
 .ARM.exidx.text.utee_se_service_get_readers
                0x00000000000110ac        0x0 /home/test/devel/optee/optee_os/out/arm/export-ta_arm32/lib/libutee.a(utee_syscalls_a32.o)
                                          0x8 (size before relaxing)
 .ARM.exidx.text.utee_se_reader_get_prop
                0x00000000000110ac        0x0 /home/test/devel/optee/optee_os/out/arm/export-ta_arm32/lib/libutee.a(utee_syscalls_a32.o)
                                          0x8 (size before relaxing)
 .ARM.exidx.text.utee_se_reader_get_name
                0x00000000000110ac        0x0 /home/test/devel/optee/optee_os/out/arm/export-ta_arm32/lib/libutee.a(utee_syscalls_a32.o)
                                          0x8 (size before relaxing)
 .ARM.exidx.text.utee_se_reader_open_session
                0x00000000000110ac        0x0 /home/test/devel/optee/optee_os/out/arm/export-ta_arm32/lib/libutee.a(utee_syscalls_a32.o)
                                          0x8 (size before relaxing)
 .ARM.exidx.text.utee_se_reader_close_sessions
                0x00000000000110ac        0x0 /home/test/devel/optee/optee_os/out/arm/export-ta_arm32/lib/libutee.a(utee_syscalls_a32.o)
                                          0x8 (size before relaxing)
 .ARM.exidx.text.utee_se_session_is_closed
                0x00000000000110ac        0x0 /home/test/devel/optee/optee_os/out/arm/export-ta_arm32/lib/libutee.a(utee_syscalls_a32.o)
                                          0x8 (size before relaxing)
 .ARM.exidx.text.utee_se_session_get_atr
                0x00000000000110ac        0x0 /home/test/devel/optee/optee_os/out/arm/export-ta_arm32/lib/libutee.a(utee_syscalls_a32.o)
                                          0x8 (size before relaxing)
 .ARM.exidx.text.utee_se_session_open_channel
                0x00000000000110ac        0x0 /home/test/devel/optee/optee_os/out/arm/export-ta_arm32/lib/libutee.a(utee_syscalls_a32.o)
                                          0x8 (size before relaxing)
 .ARM.exidx.text.utee_se_session_close
                0x00000000000110ac        0x0 /home/test/devel/optee/optee_os/out/arm/export-ta_arm32/lib/libutee.a(utee_syscalls_a32.o)
                                          0x8 (size before relaxing)
 .ARM.exidx.text.utee_se_channel_select_next
                0x00000000000110ac        0x0 /home/test/devel/optee/optee_os/out/arm/export-ta_arm32/lib/libutee.a(utee_syscalls_a32.o)
                                          0x8 (size before relaxing)
 .ARM.exidx.text.utee_se_channel_get_select_resp
                0x00000000000110ac        0x0 /home/test/devel/optee/optee_os/out/arm/export-ta_arm32/lib/libutee.a(utee_syscalls_a32.o)
                                          0x8 (size before relaxing)
 .ARM.exidx.text.utee_se_channel_transmit
                0x00000000000110ac        0x0 /home/test/devel/optee/optee_os/out/arm/export-ta_arm32/lib/libutee.a(utee_syscalls_a32.o)
                                          0x8 (size before relaxing)
 .ARM.exidx.text.utee_se_channel_close
                0x00000000000110ac        0x0 /home/test/devel/optee/optee_os/out/arm/export-ta_arm32/lib/libutee.a(utee_syscalls_a32.o)
                                          0x8 (size before relaxing)
 .ARM.exidx.text.utee_cache_operation
                0x00000000000110ac        0x8 /home/test/devel/optee/optee_os/out/arm/export-ta_arm32/lib/libutee.a(utee_syscalls_a32.o)
 .ARM.exidx     0x00000000000110b4       0x88 /home/test/devel/optee/optee_os/out/arm/export-ta_arm32/lib/libutee.a(tee_user_mem.o)
 .ARM.exidx     0x000000000001113c       0x10 /home/test/devel/optee/optee_os/out/arm/export-ta_arm32/lib/libutee.a(assert.o)
 .ARM.exidx     0x000000000001114c      0x110 /home/test/devel/optee/optee_os/out/arm/export-ta_arm32/lib/libutee.a(tee_api_arith.o)
 .ARM.exidx     0x000000000001165c       0x30 /home/test/devel/optee/optee_os/out/arm/export-ta_arm32/lib/libutee.a(utee_misc.o)
 .ARM.exidx     0x000000000001125c       0x28 /home/test/devel/optee/optee_os/out/arm/export-ta_arm32/lib/libutee.a(trace_ext.o)
 .ARM.exidx     0x0000000000011284      0x128 /home/test/devel/optee/optee_os/out/arm/export-ta_arm32/lib/libutils.a(bget_malloc.o)
 .ARM.exidx     0x000000000001168c       0x10 /home/test/devel/optee/optee_os/out/arm/export-ta_arm32/lib/libutils.a(snprintf.o)
 .ARM.exidx     0x000000000001169c        0x8 /home/test/devel/optee/optee_os/out/arm/export-ta_arm32/lib/libutils.a(memcmp.o)
 .ARM.exidx     0x00000000000116a4        0x8 /home/test/devel/optee/optee_os/out/arm/export-ta_arm32/lib/libutils.a(memcpy.o)
 .ARM.exidx     0x00000000000116ac        0x8 /home/test/devel/optee/optee_os/out/arm/export-ta_arm32/lib/libutils.a(memmove.o)
 .ARM.exidx     0x00000000000116b4        0x8 /home/test/devel/optee/optee_os/out/arm/export-ta_arm32/lib/libutils.a(memset.o)
 .ARM.exidx     0x00000000000116bc        0x8 /home/test/devel/optee/optee_os/out/arm/export-ta_arm32/lib/libutils.a(strlen.o)
 .ARM.exidx     0x00000000000113ac       0x28 /home/test/devel/optee/optee_os/out/arm/export-ta_arm32/lib/libutils.a(snprintk.o)
 .ARM.exidx     0x00000000000116c4        0x8 /home/test/devel/optee/optee_os/out/arm/export-ta_arm32/lib/libutils.a(buf_compare_ct.o)
 .ARM.exidx     0x00000000000113d4       0x30 /home/test/devel/optee/optee_os/out/arm/export-ta_arm32/lib/libutils.a(trace.o)
 .ARM.exidx     0x00000000000116cc        0x8 /home/test/devel/optee/optee_os/out/arm/export-ta_arm32/lib/libutils.a(aeabi_unwind.o)
                                         0x18 (size before relaxing)
 .ARM.exidx     0x00000000000116d4        0x8 /home/test/devel/optee/optee_os/out/arm/export-ta_arm32/lib/libutils.a(memchr.o)
 .ARM.exidx.text.__aeabi_ldivmod
                0x0000000000011404        0x8 /home/test/devel/optee/optee_os/out/arm/export-ta_arm32/lib/libutils.a(arm32_aeabi_ldivmod_a32.o)
 .ARM.exidx.text.__aeabi_uldivmod
                0x000000000001140c        0x8 /home/test/devel/optee/optee_os/out/arm/export-ta_arm32/lib/libutils.a(arm32_aeabi_ldivmod_a32.o)
 .ARM.exidx     0x00000000000116dc       0x20 /home/test/devel/optee/optee_os/out/arm/export-ta_arm32/lib/libutils.a(arm32_aeabi_ldivmod.o)
 .ARM.exidx     0x0000000000011414       0x48 /home/test/devel/optee/optee_os/out/arm/export-ta_arm32/lib/libmpa.a(mpa_misc.o)
 .ARM.exidx     0x000000000001145c       0x28 /home/test/devel/optee/optee_os/out/arm/export-ta_arm32/lib/libmpa.a(mpa_montgomery.o)
 .ARM.exidx     0x0000000000011484       0x28 /home/test/devel/optee/optee_os/out/arm/export-ta_arm32/lib/libmpa.a(mpa_primetest.o)
 .ARM.exidx     0x00000000000116fc       0x20 /home/test/devel/optee/optee_os/out/arm/export-ta_arm32/lib/libmpa.a(mpa_conv.o)
 .ARM.exidx     0x000000000001171c       0x30 /home/test/devel/optee/optee_os/out/arm/export-ta_arm32/lib/libmpa.a(mpa_div.o)
 .ARM.exidx     0x000000000001174c       0x28 /home/test/devel/optee/optee_os/out/arm/export-ta_arm32/lib/libmpa.a(mpa_gcd.o)
 .ARM.exidx     0x0000000000011774       0x28 /home/test/devel/optee/optee_os/out/arm/export-ta_arm32/lib/libmpa.a(mpa_mem_static.o)
 .ARM.exidx     0x000000000001179c       0x28 /home/test/devel/optee/optee_os/out/arm/export-ta_arm32/lib/libmpa.a(mpa_mul.o)
                                         0x30 (size before relaxing)
 .ARM.exidx     0x00000000000114ac       0x20 /home/test/devel/optee/optee_os/out/arm/export-ta_arm32/lib/libmpa.a(mpa_random.o)
 .ARM.exidx     0x00000000000117c4       0x20 /home/test/devel/optee/optee_os/out/arm/export-ta_arm32/lib/libmpa.a(mpa_shift.o)
 .ARM.exidx     0x00000000000117e4       0x48 /home/test/devel/optee/optee_os/out/arm/export-ta_arm32/lib/libmpa.a(mpa_addsub.o)
                                         0x58 (size before relaxing)
 .ARM.exidx     0x000000000001182c       0x28 /home/test/devel/optee/optee_os/out/arm/export-ta_arm32/lib/libmpa.a(mpa_cmp.o)
 .ARM.exidx     0x00000000000114cc        0x8 /home/test/devel/optee/optee_os/out/arm/export-ta_arm32/lib/libmpa.a(mpa_expmod.o)
 .ARM.exidx     0x0000000000011854       0x10 /home/test/devel/optee/optee_os/out/arm/export-ta_arm32/lib/libmpa.a(mpa_init.o)
 .ARM.exidx     0x00000000000114d4       0x80 /home/test/devel/optee/optee_os/out/arm/export-ta_arm32/lib/libmpa.a(mpa_io.o)
 .ARM.exidx     0x0000000000011864       0x30 /home/test/devel/optee/optee_os/out/arm/export-ta_arm32/lib/libmpa.a(mpa_modulus.o)
                                         0x28 (size before relaxing)

.ctors
 *(SORT(.ctors))

.dtors
 *(SORT(.dtors))

.plt            0x0000000000011894        0x0
 *(SORT(.plt))
 .plt           0x0000000000011894        0x0 ./aes_ta.o

.got            0x0000000000011894       0x34
 *(SORT(.got.plt))
 .got.plt       0x0000000000011894        0xc ./aes_ta.o
                0x0000000000011894                _GLOBAL_OFFSET_TABLE_
 *(SORT(.got))
 .got           0x00000000000118a0       0x28 ./aes_ta.o

.rel.text       0x00000000000118c8        0x0
 *(SORT(.rel.text))
 .rel.text      0x00000000000118c8        0x0 ./aes_ta.o
 *(SORT(.rel.gnu.linkonce.t*))

.rela.text
 *(SORT(.rela.text))
 *(SORT(.rela.gnu.linkonce.t*))

.rel.data
 *(SORT(.rel.data))
 *(SORT(.rel.gnu.linkonce.d*))

.rela.data
 *(SORT(.rela.data))
 *(SORT(.rela.gnu.linkonce.d*))

.rel.rodata
 *(SORT(.rel.rodata))
 *(SORT(.rel.gnu.linkonce.r*))

.rela.rodata
 *(SORT(.rela.rodata))
 *(SORT(.rela.gnu.linkonce.r*))

.rel.dyn        0x00000000000118c8       0xc8
 *(SORT(.rel.dyn))
 .rel.iplt      0x00000000000118c8        0x0 ./aes_ta.o
 .rel.ta_head   0x00000000000118c8        0x8 ./aes_ta.o
 .rel.data.rel.ro.local
                0x00000000000118d0       0x90 ./aes_ta.o
 .rel.data.rel  0x0000000000011960        0x8 ./aes_ta.o
 .rel.data.rel.local
                0x0000000000011968       0x28 ./aes_ta.o

.rel.got        0x0000000000011990       0x50
 *(SORT(.rel.got))
 .rel.got       0x0000000000011990       0x50 ./aes_ta.o

.rela.got
 *(SORT(.rela.got))

.rel.ctors
 *(SORT(.rel.ctors))

.rela.ctors
 *(SORT(.rela.ctors))

.rel.dtors
 *(SORT(.rel.dtors))

.rela.dtors
 *(SORT(.rela.dtors))

.rel.init
 *(SORT(.rel.init))

.rela.init
 *(SORT(.rela.init))

.rel.fini
 *(SORT(.rel.fini))

.rela.fini
 *(SORT(.rela.fini))

.rel.bss
 *(SORT(.rel.bss))

.rela.bss
 *(SORT(.rela.bss))

.rel.plt        0x00000000000119e0        0x0
 *(SORT(.rel.plt))