Archive member included to satisfy reference by file (symbol)

/home/test/devel/optee/optee_os/out/arm/export-ta_arm32/lib/libutee.a(tee_api_operations.o)
                              ./random_example_ta.o (TEE_GenerateRandom)
/home/test/devel/optee/optee_os/out/arm/export-ta_arm32/lib/libutee.a(tee_api_panic.o)
                              /home/test/devel/optee/optee_os/out/arm/export-ta_arm32/lib/libutee.a(tee_api_operations.o) (TEE_Panic)
/home/test/devel/optee/optee_os/out/arm/export-ta_arm32/lib/libutee.a(user_ta_entry.o)
                              ./user_ta_header.o (__utee_entry)
/home/test/devel/optee/optee_os/out/arm/export-ta_arm32/lib/libutee.a(utee_syscalls_a32.o)
                              /home/test/devel/optee/optee_os/out/arm/export-ta_arm32/lib/libutee.a(tee_api_panic.o) (utee_panic)
/home/test/devel/optee/optee_os/out/arm/export-ta_arm32/lib/libutee.a(gprof_a32.o)
                              /home/test/devel/optee/optee_os/out/arm/export-ta_arm32/lib/libutee.a(user_ta_entry.o) (__utee_mcount)
/home/test/devel/optee/optee_os/out/arm/export-ta_arm32/lib/libutee.a(tee_api_arith.o)
                              /home/test/devel/optee/optee_os/out/arm/export-ta_arm32/lib/libutee.a(user_ta_entry.o) (_TEE_MathAPI_Init)
/home/test/devel/optee/optee_os/out/arm/export-ta_arm32/lib/libutee.a(tee_api.o)
                              /home/test/devel/optee/optee_os/out/arm/export-ta_arm32/lib/libutee.a(user_ta_entry.o) (__utee_from_param)
/home/test/devel/optee/optee_os/out/arm/export-ta_arm32/lib/libutee.a(tee_api_objects.o)
                              /home/test/devel/optee/optee_os/out/arm/export-ta_arm32/lib/libutee.a(tee_api_operations.o) (__utee_from_attr)
/home/test/devel/optee/optee_os/out/arm/export-ta_arm32/lib/libutee.a(utee_misc.o)
                              /home/test/devel/optee/optee_os/out/arm/export-ta_arm32/lib/libutee.a(tee_api_arith.o) (get_rng_array)
/home/test/devel/optee/optee_os/out/arm/export-ta_arm32/lib/libutee.a(tee_user_mem.o)
                              /home/test/devel/optee/optee_os/out/arm/export-ta_arm32/lib/libutee.a(tee_api.o) (tee_user_mem_alloc)
/home/test/devel/optee/optee_os/out/arm/export-ta_arm32/lib/libutee.a(trace_ext.o)
                              /home/test/devel/optee/optee_os/out/arm/export-ta_arm32/lib/libutee.a(tee_api_arith.o) (printf)
/home/test/devel/optee/optee_os/out/arm/export-ta_arm32/lib/libutee.a(assert.o)
                              /home/test/devel/optee/optee_os/out/arm/export-ta_arm32/lib/libutee.a(tee_user_mem.o) (_assert_log)
/home/test/devel/optee/optee_os/out/arm/export-ta_arm32/lib/libutils.a(bget_malloc.o)
                              /home/test/devel/optee/optee_os/out/arm/export-ta_arm32/lib/libutee.a(utee_misc.o) (malloc)
/home/test/devel/optee/optee_os/out/arm/export-ta_arm32/lib/libutils.a(snprintf.o)
                              /home/test/devel/optee/optee_os/out/arm/export-ta_arm32/lib/libutee.a(trace_ext.o) (vsnprintf)
/home/test/devel/optee/optee_os/out/arm/export-ta_arm32/lib/libutils.a(memcmp.o)
                              /home/test/devel/optee/optee_os/out/arm/export-ta_arm32/lib/libutee.a(tee_api.o) (memcmp)
/home/test/devel/optee/optee_os/out/arm/export-ta_arm32/lib/libutils.a(memcpy.o)
                              /home/test/devel/optee/optee_os/out/arm/export-ta_arm32/lib/libutee.a(tee_api_operations.o) (memcpy)
/home/test/devel/optee/optee_os/out/arm/export-ta_arm32/lib/libutils.a(memmove.o)
                              /home/test/devel/optee/optee_os/out/arm/export-ta_arm32/lib/libutee.a(tee_api.o) (memmove)
/home/test/devel/optee/optee_os/out/arm/export-ta_arm32/lib/libutils.a(memset.o)
                              /home/test/devel/optee/optee_os/out/arm/export-ta_arm32/lib/libutee.a(user_ta_entry.o) (memset)
/home/test/devel/optee/optee_os/out/arm/export-ta_arm32/lib/libutils.a(strlen.o)
                              /home/test/devel/optee/optee_os/out/arm/export-ta_arm32/lib/libutee.a(trace_ext.o) (strlen)
/home/test/devel/optee/optee_os/out/arm/export-ta_arm32/lib/libutils.a(snprintk.o)
                              /home/test/devel/optee/optee_os/out/arm/export-ta_arm32/lib/libutils.a(snprintf.o) (__vsnprintf)
/home/test/devel/optee/optee_os/out/arm/export-ta_arm32/lib/libutils.a(buf_compare_ct.o)
                              /home/test/devel/optee/optee_os/out/arm/export-ta_arm32/lib/libutee.a(tee_api_operations.o) (buf_compare_ct)
/home/test/devel/optee/optee_os/out/arm/export-ta_arm32/lib/libutils.a(trace.o)
                              /home/test/devel/optee/optee_os/out/arm/export-ta_arm32/lib/libutee.a(user_ta_entry.o) (trace_set_level)
/home/test/devel/optee/optee_os/out/arm/export-ta_arm32/lib/libutils.a(aeabi_unwind.o)
                              ./random_example_ta.o (__aeabi_unwind_cpp_pr0)
/home/test/devel/optee/optee_os/out/arm/export-ta_arm32/lib/libutils.a(memchr.o)
[...]
Memory Configuration

Name             Origin             Length             Attributes
*default*        0x0000000000000000 0xffffffffffffffff

Linker script and memory map


.ta_head        0x0000000000000000       0x20
 *(SORT(.ta_head))
 .ta_head       0x0000000000000000       0x20 ./user_ta_header.o
                0x0000000000000000                ta_head

.text           0x0000000000000020     0xe048
                0x0000000000000020                __text_start = .
 *(SORT(.text) SORT(.text.*))
 .text          0x0000000000000020      0x134 ./random_example_ta.o
                0x0000000000000020                TA_CreateEntryPoint
                0x0000000000000034                TA_DestroyEntryPoint
                0x0000000000000044                TA_OpenSessionEntryPoint
                0x000000000000007c                TA_CloseSessionEntryPoint
                0x0000000000000120                TA_InvokeCommandEntryPoint
 .text          0x0000000000000154     0x2b1c /home/test/devel/optee/optee_os/out/arm/export-ta_arm32/lib/libutee.a(tee_api_operations.o)
                0x0000000000000154                TEE_AllocateOperation
                0x0000000000000a94                TEE_FreeOperation
                0x0000000000000ade                TEE_GetOperationInfo
                0x0000000000000b34                TEE_GetOperationInfoMultiple
                0x0000000000000cd4                TEE_ResetOperation
                0x0000000000000d54                TEE_SetOperationKey
                0x0000000000000e98                TEE_SetOperationKey2
                0x00000000000010c8                TEE_CopyOperation
                0x0000000000001238                TEE_DigestUpdate
                0x0000000000001294                TEE_DigestDoFinal
                0x0000000000001354                TEE_CipherInit
                0x00000000000016fc                TEE_CipherUpdate
                0x00000000000018b8                TEE_CipherDoFinal
                0x0000000000001b08                TEE_MACInit
                0x0000000000001b7a                TEE_MACUpdate
                0x0000000000001bfc                TEE_MACComputeFinal
                0x0000000000001cf2                TEE_MACCompareFinal
                0x0000000000001dcc                TEE_AEInit
                0x0000000000001eb2                TEE_AEUpdateAAD
                0x0000000000001f2c                TEE_AEUpdate
                0x00000000000020b0                TEE_AEEncryptFinal
                0x00000000000022ac                TEE_AEDecryptFinal
                0x0000000000002490                TEE_AsymmetricEncrypt
                0x0000000000002626                TEE_AsymmetricDecrypt
                0x00000000000027bc                TEE_AsymmetricSignDigest
                0x000000000000293c                TEE_AsymmetricVerifyDigest
                0x0000000000002aa4                TEE_DeriveKey
                0x0000000000002c44                TEE_GenerateRandom
 .text          0x0000000000002c70      0x430 /home/test/devel/optee/optee_os/out/arm/export-ta_arm32/lib/libutee.a(user_ta_entry.o)
                0x000000000000303a                __utee_entry
 .text          0x00000000000030a0        0x0 /home/test/devel/optee/optee_os/out/arm/export-ta_arm32/lib/libutee.a(utee_syscalls_a32.o)
 .text.utee_panic
                0x00000000000030a0       0x14 /home/test/devel/optee/optee_os/out/arm/export-ta_arm32/lib/libutee.a(utee_syscalls_a32.o)
                0x00000000000030a0                utee_panic
 .text.utee_return
                0x00000000000030b4       0x14 /home/test/devel/optee/optee_os/out/arm/export-ta_arm32/lib/libutee.a(utee_syscalls_a32.o)
                0x00000000000030b4                utee_return
 .text.utee_log
                0x00000000000030c8       0x14 /home/test/devel/optee/optee_os/out/arm/export-ta_arm32/lib/libutee.a(utee_syscalls_a32.o)
                0x00000000000030c8                utee_log
 .text.__utee_panic
                0x00000000000030dc       0x14 /home/test/devel/optee/optee_os/out/arm/export-ta_arm32/lib/libutee.a(utee_syscalls_a32.o)
                0x00000000000030dc                __utee_panic
 .text.utee_get_property
                0x00000000000030f0       0x18 /home/test/devel/optee/optee_os/out/arm/export-ta_arm32/lib/libutee.a(utee_syscalls_a32.o)
                0x00000000000030f0                utee_get_property
 .text.utee_get_property_name_to_index
                0x0000000000003108       0x14 /home/test/devel/optee/optee_os/out/arm/export-ta_arm32/lib/libutee.a(utee_syscalls_a32.o)
                0x0000000000003108                utee_get_property_name_to_index
 .text.utee_open_ta_session
                0x000000000000311c       0x18 /home/test/devel/optee/optee_os/out/arm/export-ta_arm32/lib/libutee.a(utee_syscalls_a32.o)
                0x000000000000311c                utee_open_ta_session
 .text.utee_close_ta_session
                0x0000000000003134       0x14 /home/test/devel/optee/optee_os/out/arm/export-ta_arm32/lib/libutee.a(utee_syscalls_a32.o)
                0x0000000000003134                utee_close_ta_session
 .text.utee_invoke_ta_command
                0x0000000000003148       0x18 /home/test/devel/optee/optee_os/out/arm/export-ta_arm32/lib/libutee.a(utee_syscalls_a32.o)
                0x0000000000003148                utee_invoke_ta_command
 .text.utee_get_cancellation_flag
                0x0000000000003160       0x14 /home/test/devel/optee/optee_os/out/arm/export-ta_arm32/lib/libutee.a(utee_syscalls_a32.o)
                0x0000000000003160                utee_get_cancellation_flag
 .text.utee_check_access_rights
                0x0000000000003174       0x14 /home/test/devel/optee/optee_os/out/arm/export-ta_arm32/lib/libutee.a(utee_syscalls_a32.o)
                0x0000000000003174                utee_check_access_rights
 .text.utee_unmask_cancellation
                0x0000000000003188       0x14 /home/test/devel/optee/optee_os/out/arm/export-ta_arm32/lib/libutee.a(utee_syscalls_a32.o)
                0x0000000000003188                utee_unmask_cancellation
 .text.utee_mask_cancellation
                0x000000000000319c       0x14 /home/test/devel/optee/optee_os/out/arm/export-ta_arm32/lib/libutee.a(utee_syscalls_a32.o)
                0x000000000000319c                utee_mask_cancellation
 .text.utee_wait
                0x00000000000031b0       0x14 /home/test/devel/optee/optee_os/out/arm/export-ta_arm32/lib/libutee.a(utee_syscalls_a32.o)
                0x00000000000031b0                utee_wait
 .text.utee_get_time
                0x00000000000031c4       0x14 /home/test/devel/optee/optee_os/out/arm/export-ta_arm32/lib/libutee.a(utee_syscalls_a32.o)
                0x00000000000031c4                utee_get_time
 .text.utee_set_ta_time
                0x00000000000031d8       0x14 /home/test/devel/optee/optee_os/out/arm/export-ta_arm32/lib/libutee.a(utee_syscalls_a32.o)
                0x00000000000031d8                utee_set_ta_time
 .text.utee_cryp_state_alloc
                0x00000000000031ec       0x18 /home/test/devel/optee/optee_os/out/arm/export-ta_arm32/lib/libutee.a(utee_syscalls_a32.o)
                0x00000000000031ec                utee_cryp_state_alloc
 .text.utee_cryp_state_copy
                0x0000000000003204       0x14 /home/test/devel/optee/optee_os/out/arm/export-ta_arm32/lib/libutee.a(utee_syscalls_a32.o)
                0x0000000000003204                utee_cryp_state_copy
 .text.utee_cryp_state_free
                0x0000000000003218       0x14 /home/test/devel/optee/optee_os/out/arm/export-ta_arm32/lib/libutee.a(utee_syscalls_a32.o)
                0x0000000000003218                utee_cryp_state_free
 .text.utee_hash_init
                0x000000000000322c       0x14 /home/test/devel/optee/optee_os/out/arm/export-ta_arm32/lib/libutee.a(utee_syscalls_a32.o)
                0x000000000000322c                utee_hash_init
 .text.utee_hash_update
                0x0000000000003240       0x14 /home/test/devel/optee/optee_os/out/arm/export-ta_arm32/lib/libutee.a(utee_syscalls_a32.o)
                0x0000000000003240                utee_hash_update
 .text.utee_hash_final
                0x0000000000003254       0x18 /home/test/devel/optee/optee_os/out/arm/export-ta_arm32/lib/libutee.a(utee_syscalls_a32.o)
                0x0000000000003254                utee_hash_final
 .text.utee_cipher_init
                0x000000000000326c       0x14 /home/test/devel/optee/optee_os/out/arm/export-ta_arm32/lib/libutee.a(utee_syscalls_a32.o)
                0x000000000000326c                utee_cipher_init
 .text.utee_cipher_update
                0x0000000000003280       0x18 /home/test/devel/optee/optee_os/out/arm/export-ta_arm32/lib/libutee.a(utee_syscalls_a32.o)
                0x0000000000003280                utee_cipher_update
 .text.utee_cipher_final
                0x0000000000003298       0x18 /home/test/devel/optee/optee_os/out/arm/export-ta_arm32/lib/libutee.a(utee_syscalls_a32.o)
                0x0000000000003298                utee_cipher_final
 .text.utee_cryp_obj_get_info
                0x00000000000032b0       0x14 /home/test/devel/optee/optee_os/out/arm/export-ta_arm32/lib/libutee.a(utee_syscalls_a32.o)
                0x00000000000032b0                utee_cryp_obj_get_info
 .text.utee_cryp_obj_restrict_usage
                0x00000000000032c4       0x14 /home/test/devel/optee/optee_os/out/arm/export-ta_arm32/lib/libutee.a(utee_syscalls_a32.o)
                0x00000000000032c4                utee_cryp_obj_restrict_usage
 .text.utee_cryp_obj_get_attr
                0x00000000000032d8       0x14 /home/test/devel/optee/optee_os/out/arm/export-ta_arm32/lib/libutee.a(utee_syscalls_a32.o)
                0x00000000000032d8                utee_cryp_obj_get_attr
 .text.utee_cryp_obj_alloc
                0x00000000000032ec       0x14 /home/test/devel/optee/optee_os/out/arm/export-ta_arm32/lib/libutee.a(utee_syscalls_a32.o)
                0x00000000000032ec                utee_cryp_obj_alloc
 .text.utee_cryp_obj_close
                0x0000000000003300       0x14 /home/test/devel/optee/optee_os/out/arm/export-ta_arm32/lib/libutee.a(utee_syscalls_a32.o)
                0x0000000000003300                utee_cryp_obj_close
 .text.utee_cryp_obj_reset
                0x0000000000003314       0x14 /home/test/devel/optee/optee_os/out/arm/export-ta_arm32/lib/libutee.a(utee_syscalls_a32.o)
                0x0000000000003314                utee_cryp_obj_reset
 .text.utee_cryp_obj_populate
                0x0000000000003328       0x14 /home/test/devel/optee/optee_os/out/arm/export-ta_arm32/lib/libutee.a(utee_syscalls_a32.o)
                0x0000000000003328                utee_cryp_obj_populate
 .text.utee_cryp_obj_copy
                0x000000000000333c       0x14 /home/test/devel/optee/optee_os/out/arm/export-ta_arm32/lib/libutee.a(utee_syscalls_a32.o)
                0x000000000000333c                utee_cryp_obj_copy
 .text.utee_cryp_derive_key
                0x0000000000003350       0x14 /home/test/devel/optee/optee_os/out/arm/export-ta_arm32/lib/libutee.a(utee_syscalls_a32.o)
                0x0000000000003350                utee_cryp_derive_key
 .text.utee_cryp_random_number_generate
                0x0000000000003364       0x14 /home/test/devel/optee/optee_os/out/arm/export-ta_arm32/lib/libutee.a(utee_syscalls_a32.o)
                0x0000000000003364                utee_cryp_random_number_generate
 .text.utee_authenc_init
                0x0000000000003378       0x18 /home/test/devel/optee/optee_os/out/arm/export-ta_arm32/lib/libutee.a(utee_syscalls_a32.o)
                0x0000000000003378                utee_authenc_init
 .text.utee_authenc_update_aad
                0x0000000000003390       0x14 /home/test/devel/optee/optee_os/out/arm/export-ta_arm32/lib/libutee.a(utee_syscalls_a32.o)
                0x0000000000003390                utee_authenc_update_aad
 .text.utee_authenc_update_payload
                0x00000000000033a4       0x18 /home/test/devel/optee/optee_os/out/arm/export-ta_arm32/lib/libutee.a(utee_syscalls_a32.o)
                0x00000000000033a4                utee_authenc_update_payload
 .text.utee_authenc_enc_final
                0x00000000000033bc       0x18 /home/test/devel/optee/optee_os/out/arm/export-ta_arm32/lib/libutee.a(utee_syscalls_a32.o)
                0x00000000000033bc                utee_authenc_enc_final
 .text.utee_authenc_dec_final
                0x00000000000033d4       0x18 /home/test/devel/optee/optee_os/out/arm/export-ta_arm32/lib/libutee.a(utee_syscalls_a32.o)
                0x00000000000033d4                utee_authenc_dec_final
 .text.utee_asymm_operate
                0x00000000000033ec       0x18 /home/test/devel/optee/optee_os/out/arm/export-ta_arm32/lib/libutee.a(utee_syscalls_a32.o)
                0x00000000000033ec                utee_asymm_operate
 .text.utee_asymm_verify
                0x0000000000003404       0x18 /home/test/devel/optee/optee_os/out/arm/export-ta_arm32/lib/libutee.a(utee_syscalls_a32.o)
                0x0000000000003404                utee_asymm_verify
 .text.utee_storage_obj_open
                0x000000000000341c       0x18 /home/test/devel/optee/optee_os/out/arm/export-ta_arm32/lib/libutee.a(utee_syscalls_a32.o)
                0x000000000000341c                utee_storage_obj_open
 .text.utee_storage_obj_create
                0x0000000000003434       0x18 /home/test/devel/optee/optee_os/out/arm/export-ta_arm32/lib/libutee.a(utee_syscalls_a32.o)
                0x0000000000003434                utee_storage_obj_create
 .text.utee_storage_obj_del
                0x000000000000344c       0x14 /home/test/devel/optee/optee_os/out/arm/export-ta_arm32/lib/libutee.a(utee_syscalls_a32.o)
                0x000000000000344c                utee_storage_obj_del
 .text.utee_storage_obj_rename
                0x0000000000003460       0x14 /home/test/devel/optee/optee_os/out/arm/export-ta_arm32/lib/libutee.a(utee_syscalls_a32.o)
                0x0000000000003460                utee_storage_obj_rename
 .text.utee_storage_alloc_enum
                0x0000000000003474       0x14 /home/test/devel/optee/optee_os/out/arm/export-ta_arm32/lib/libutee.a(utee_syscalls_a32.o)
                0x0000000000003474                utee_storage_alloc_enum
 .text.utee_storage_free_enum
                0x0000000000003488       0x14 /home/test/devel/optee/optee_os/out/arm/export-ta_arm32/lib/libutee.a(utee_syscalls_a32.o)
                0x0000000000003488                utee_storage_free_enum
 .text.utee_storage_reset_enum
                0x000000000000349c       0x14 /home/test/devel/optee/optee_os/out/arm/export-ta_arm32/lib/libutee.a(utee_syscalls_a32.o)
                0x000000000000349c                utee_storage_reset_enum
 .text.utee_storage_start_enum
                0x00000000000034b0       0x14 /home/test/devel/optee/optee_os/out/arm/export-ta_arm32/lib/libutee.a(utee_syscalls_a32.o)
                0x00000000000034b0                utee_storage_start_enum
 .text.utee_storage_next_enum
                0x00000000000034c4       0x14 /home/test/devel/optee/optee_os/out/arm/export-ta_arm32/lib/libutee.a(utee_syscalls_a32.o)
                0x00000000000034c4                utee_storage_next_enum
 .text.utee_storage_obj_read
                0x00000000000034d8       0x14 /home/test/devel/optee/optee_os/out/arm/export-ta_arm32/lib/libutee.a(utee_syscalls_a32.o)
                0x00000000000034d8                utee_storage_obj_read
 .text.utee_storage_obj_write
                0x00000000000034ec       0x14 /home/test/devel/optee/optee_os/out/arm/export-ta_arm32/lib/libutee.a(utee_syscalls_a32.o)
                0x00000000000034ec                utee_storage_obj_write
 .text.utee_storage_obj_trunc
                0x0000000000003500       0x14 /home/test/devel/optee/optee_os/out/arm/export-ta_arm32/lib/libutee.a(utee_syscalls_a32.o)
                0x0000000000003500                utee_storage_obj_trunc
 .text.utee_storage_obj_seek
                0x0000000000003514       0x14 /home/test/devel/optee/optee_os/out/arm/export-ta_arm32/lib/libutee.a(utee_syscalls_a32.o)
                0x0000000000003514                utee_storage_obj_seek
 .text.utee_cryp_obj_generate_key
                0x0000000000003528       0x14 /home/test/devel/optee/optee_os/out/arm/export-ta_arm32/lib/libutee.a(utee_syscalls_a32.o)
                0x0000000000003528                utee_cryp_obj_generate_key
 .text.utee_se_service_open
                0x000000000000353c       0x14 /home/test/devel/optee/optee_os/out/arm/export-ta_arm32/lib/libutee.a(utee_syscalls_a32.o)
                0x000000000000353c                utee_se_service_open
 .text.utee_se_service_close
                0x0000000000003550       0x14 /home/test/devel/optee/optee_os/out/arm/export-ta_arm32/lib/libutee.a(utee_syscalls_a32.o)
                0x0000000000003550                utee_se_service_close
 .text.utee_se_service_get_readers
                0x0000000000003564       0x14 /home/test/devel/optee/optee_os/out/arm/export-ta_arm32/lib/libutee.a(utee_syscalls_a32.o)
                0x0000000000003564                utee_se_service_get_readers
 .text.utee_se_reader_get_prop
                0x0000000000003578       0x14 /home/test/devel/optee/optee_os/out/arm/export-ta_arm32/lib/libutee.a(utee_syscalls_a32.o)
                0x0000000000003578                utee_se_reader_get_prop
 .text.utee_se_reader_get_name
                0x000000000000358c       0x14 /home/test/devel/optee/optee_os/out/arm/export-ta_arm32/lib/libutee.a(utee_syscalls_a32.o)
                0x000000000000358c                utee_se_reader_get_name
 .text.utee_se_reader_open_session
                0x00000000000035a0       0x14 /home/test/devel/optee/optee_os/out/arm/export-ta_arm32/lib/libutee.a(utee_syscalls_a32.o)
                0x00000000000035a0                utee_se_reader_open_session
 .text.utee_se_reader_close_sessions
                0x00000000000035b4       0x14 /home/test/devel/optee/optee_os/out/arm/export-ta_arm32/lib/libutee.a(utee_syscalls_a32.o)
                0x00000000000035b4                utee_se_reader_close_sessions
 .text.utee_se_session_is_closed
                0x00000000000035c8       0x14 /home/test/devel/optee/optee_os/out/arm/export-ta_arm32/lib/libutee.a(utee_syscalls_a32.o)
                0x00000000000035c8                utee_se_session_is_closed
 .text.utee_se_session_get_atr
                0x00000000000035dc       0x14 /home/test/devel/optee/optee_os/out/arm/export-ta_arm32/lib/libutee.a(utee_syscalls_a32.o)
                0x00000000000035dc                utee_se_session_get_atr
 .text.utee_se_session_open_channel
                0x00000000000035f0       0x18 /home/test/devel/optee/optee_os/out/arm/export-ta_arm32/lib/libutee.a(utee_syscalls_a32.o)
                0x00000000000035f0                utee_se_session_open_channel
 .text.utee_se_session_close
                0x0000000000003608       0x14 /home/test/devel/optee/optee_os/out/arm/export-ta_arm32/lib/libutee.a(utee_syscalls_a32.o)
                0x0000000000003608                utee_se_session_close
 .text.utee_se_channel_select_next
                0x000000000000361c       0x14 /home/test/devel/optee/optee_os/out/arm/export-ta_arm32/lib/libutee.a(utee_syscalls_a32.o)
                0x000000000000361c                utee_se_channel_select_next
 .text.utee_se_channel_get_select_resp
                0x0000000000003630       0x14 /home/test/devel/optee/optee_os/out/arm/export-ta_arm32/lib/libutee.a(utee_syscalls_a32.o)
                0x0000000000003630                utee_se_channel_get_select_resp
 .text.utee_se_channel_transmit
                0x0000000000003644       0x18 /home/test/devel/optee/optee_os/out/arm/export-ta_arm32/lib/libutee.a(utee_syscalls_a32.o)
                0x0000000000003644                utee_se_channel_transmit
 .text.utee_se_channel_close
                0x000000000000365c       0x14 /home/test/devel/optee/optee_os/out/arm/export-ta_arm32/lib/libutee.a(utee_syscalls_a32.o)
                0x000000000000365c                utee_se_channel_close
 .text.utee_cache_operation
                0x0000000000003670       0x14 /home/test/devel/optee/optee_os/out/arm/export-ta_arm32/lib/libutee.a(utee_syscalls_a32.o)
                0x0000000000003670                utee_cache_operation
 .text.__utee_mcount
                0x0000000000003684        0xc /home/test/devel/optee/optee_os/out/arm/export-ta_arm32/lib/libutee.a(gprof_a32.o)
                0x0000000000003684                __utee_mcount
 .text          0x0000000000003690      0x9e4 /home/test/devel/optee/optee_os/out/arm/export-ta_arm32/lib/libutee.a(tee_api_arith.o)
                0x00000000000036b8                _TEE_MathAPI_Init
                0x00000000000036fc                TEE_BigIntInit
                0x000000000000371a                TEE_BigIntInitFMM
                0x000000000000375a                TEE_BigIntInitFMMContext
                0x00000000000037a4                TEE_BigIntFMMSizeInU32
                0x00000000000037ca                TEE_BigIntFMMContextSizeInU32
                0x00000000000037f8                TEE_BigIntConvertFromOctetString
                0x000000000000385e                TEE_BigIntConvertToOctetString
                0x00000000000038c8                TEE_BigIntConvertFromS32
                0x00000000000038ea                TEE_BigIntConvertToS32
                0x0000000000003940                TEE_BigIntCmp
                0x0000000000003968                TEE_BigIntCmpS32
                0x000000000000398c                TEE_BigIntShiftRight
                0x00000000000039b6                TEE_BigIntGetBit
                0x00000000000039e4                TEE_BigIntGetBitCount
                0x0000000000003a08                TEE_BigIntAdd
                0x0000000000003a40                TEE_BigIntSub
                0x0000000000003a78                TEE_BigIntNeg
                0x0000000000003a9e                TEE_BigIntMul
                0x0000000000003ad8                TEE_BigIntSquare
                0x0000000000003b0c                TEE_BigIntDiv
                0x0000000000003b6c                TEE_BigIntMod
                0x0000000000003be8                TEE_BigIntAddMod
                0x0000000000003c6c                TEE_BigIntSubMod
                0x0000000000003cf0                TEE_BigIntMulMod
                0x0000000000003dac                TEE_BigIntSquareMod
                0x0000000000003dd0                TEE_BigIntInvMod
                0x0000000000003e38                TEE_BigIntRelativePrime
                0x0000000000003eb4                TEE_BigIntComputeExtendedGcd
                0x0000000000003f00                TEE_BigIntIsProbablePrime
                0x0000000000003f4c                TEE_BigIntConvertToFMM
                0x0000000000003f98                TEE_BigIntConvertFromFMM
                0x0000000000004028                TEE_BigIntComputeFMM
 .text          0x0000000000004074      0x738 /home/test/devel/optee/optee_os/out/arm/export-ta_arm32/lib/libutee.a(tee_api.o)
                0x0000000000004074                __utee_from_param
                0x00000000000041da                __utee_to_param
                0x00000000000042d4                TEE_OpenTASession
                0x000000000000433a                TEE_CloseTASession
                0x000000000000436a                TEE_InvokeTACommand
                0x00000000000043fa                TEE_GetCancellationFlag
                0x000000000000442e                TEE_UnmaskCancellation
                0x0000000000004462                TEE_MaskCancellation
                0x0000000000004496                TEE_CheckMemoryAccessRights
                0x00000000000044d8                TEE_SetInstanceData
                0x0000000000004500                TEE_GetInstanceData
                0x000000000000451c                TEE_MemMove
                0x0000000000004540                TEE_MemCompare
                0x0000000000004564                TEE_MemFill
                0x000000000000458a                TEE_GetSystemTime
                0x00000000000045b6                TEE_Wait
                0x00000000000045ee                TEE_GetTAPersistentTime
                0x0000000000004672                TEE_SetTAPersistentTime
                0x00000000000046b8                TEE_GetREETime
                0x00000000000046e4                TEE_Malloc
                0x0000000000004704                TEE_Realloc
                0x0000000000004724                TEE_Free
                0x000000000000473e                TEE_CacheClean
                0x0000000000004762                TEE_CacheFlush
                0x0000000000004786                TEE_CacheInvalidate
 .text          0x00000000000047ac      0x7b4 /home/test/devel/optee/optee_os/out/arm/export-ta_arm32/lib/libutee.a(tee_user_mem.o)
                0x0000000000004b24                tee_user_mem_alloc
                0x0000000000004c6c                tee_user_mem_realloc
                0x0000000000004d18                tee_user_mem_free
                0x0000000000004e28                tee_user_mem_mark_heap
                0x0000000000004e48                tee_user_mem_check_heap
                0x0000000000004f24                tee_user_mem_garbage
 .text          0x0000000000004f60      0x110 /home/test/devel/optee/optee_os/out/arm/export-ta_arm32/lib/libutee.a(trace_ext.o)
                0x0000000000004f60                trace_ext_puts
                0x0000000000004f84                trace_ext_get_thread_id
                0x0000000000004f98                printf
                0x0000000000005000                puts
                0x0000000000005038                putchar
 .text          0x0000000000005070       0x5c /home/test/devel/optee/optee_os/out/arm/export-ta_arm32/lib/libutee.a(assert.o)
                0x0000000000005070                _assert_log
                0x00000000000050b8                _assert_break
 .text          0x00000000000050cc     0x182c /home/test/devel/optee/optee_os/out/arm/export-ta_arm32/lib/libutils.a(bget_malloc.o)
                0x0000000000005150                bget
                0x00000000000053b8                bgetz
                0x000000000000544c                bgetr
                0x00000000000054e0                brel
                0x0000000000005840                bpool
                0x0000000000005964                bstats
                0x0000000000005ac4                malloc_reset_stats
                0x0000000000005b24                malloc_get_stats
                0x00000000000064d0                malloc
                0x0000000000006502                free
                0x0000000000006528                calloc
                0x0000000000006586                realloc
                0x00000000000065b4                memalign
                0x0000000000006610                malloc_add_pool
                0x0000000000006798                malloc_buffer_is_within_alloced
                0x0000000000006836                malloc_buffer_overlaps_heap
 .text          0x00000000000068f8      0xf68 /home/test/devel/optee/optee_os/out/arm/export-ta_arm32/lib/libutils.a(snprintk.o)
                0x00000000000068f8                snprintk
                0x000000000000692e                vsnprintk
                0x000000000000695c                __vsnprintf
 .text          0x0000000000007860      0x3d8 /home/test/devel/optee/optee_os/out/arm/export-ta_arm32/lib/libutils.a(trace.o)
                0x0000000000007860                trace_set_level
                0x00000000000078a8                trace_get_level
                0x000000000000797c                trace_printf
                0x0000000000007c18                dhex_dump
 .text.__aeabi_ldivmod
                0x0000000000007c38       0x18 /home/test/devel/optee/optee_os/out/arm/export-ta_arm32/lib/libutils.a(arm32_aeabi_ldivmod_a32.o)
                0x0000000000007c38                __aeabi_ldivmod
 .text.__aeabi_uldivmod
                0x0000000000007c50       0x18 /home/test/devel/optee/optee_os/out/arm/export-ta_arm32/lib/libutils.a(arm32_aeabi_ldivmod_a32.o)
                0x0000000000007c50                __aeabi_uldivmod
 .text          0x0000000000007c68      0x254 /home/test/devel/optee/optee_os/out/arm/export-ta_arm32/lib/libmpa.a(mpa_misc.o)
                0x0000000000007c68                __mpa_set_unused_digits_to_zero
                0x0000000000007cb0                mpa_wipe
                0x0000000000007ce4                mpa_copy
                0x0000000000007d2c                mpa_abs
                0x0000000000007d5e                mpa_highest_bit_index
                0x0000000000007dde                mpa_get_bit
                0x0000000000007e48                mpa_can_hold
                0x0000000000007e7a                mpa_parity
                0x0000000000007ea4                mpa_constant_one
 .text          0x0000000000007ebc      0x4ec /home/test/devel/optee/optee_os/out/arm/export-ta_arm32/lib/libmpa.a(mpa_montgomery.o)
                0x0000000000007ebc                __mpa_montgomery_mul_add
                0x0000000000007ff0                __mpa_montgomery_sub_ack
                0x000000000000810a                __mpa_montgomery_mul
                0x000000000000823a                mpa_compute_fmm_context
                0x000000000000835c                mpa_montgomery_mul
 .text          0x00000000000083a8      0x450 /home/test/devel/optee/optee_os/out/arm/export-ta_arm32/lib/libmpa.a(mpa_primetest.o)
                0x00000000000083a8                mpa_is_prob_prime
 .text          0x00000000000087f8      0x204 /home/test/devel/optee/optee_os/out/arm/export-ta_arm32/lib/libmpa.a(mpa_random.o)
                0x00000000000087f8                mpa_set_random_generator
                0x0000000000008854                mpa_get_random
                0x0000000000008990                mpa_get_random_digits
 .text          0x00000000000089fc      0x190 /home/test/devel/optee/optee_os/out/arm/export-ta_arm32/lib/libmpa.a(mpa_expmod.o)
                0x00000000000089fc                mpa_exp_mod
 .text          0x0000000000008b8c      0xa54 /home/test/devel/optee/optee_os/out/arm/export-ta_arm32/lib/libmpa.a(mpa_io.o)
                0x0000000000008f5e                mpa_get_str_size
                0x0000000000008f72                mpa_set_str
                0x00000000000092a4                mpa_get_str
                0x0000000000009398                mpa_set_oct_str
                0x00000000000094c8                mpa_get_oct_str
 .text          0x00000000000095e0       0x14 ./user_ta_header.o
                0x00000000000095e0                tahead_get_trace_level
 .text          0x00000000000095f4       0x1a /home/test/devel/optee/optee_os/out/arm/export-ta_arm32/lib/libutee.a(tee_api_panic.o)
                0x00000000000095f4                TEE_Panic
 .text          0x000000000000960e     0x1058 /home/test/devel/optee/optee_os/out/arm/export-ta_arm32/lib/libutee.a(tee_api_objects.o)
                0x000000000000960e                __utee_from_attr
                0x0000000000009764                TEE_GetObjectInfo
                0x00000000000097d2                TEE_GetObjectInfo1
                0x000000000000981e                TEE_RestrictObjectUsage
                0x000000000000986a                TEE_RestrictObjectUsage1
                0x00000000000098b6                TEE_GetObjectBufferAttribute
                0x0000000000009978                TEE_GetObjectValueAttribute
                0x0000000000009a56                TEE_CloseObject
                0x0000000000009a88                TEE_AllocateTransientObject
                0x0000000000009ae8                TEE_FreeTransientObject
                0x0000000000009b48                TEE_ResetTransientObject
                0x0000000000009ba8                TEE_PopulateTransientObject
                0x0000000000009cd6                TEE_InitRefAttribute
                0x0000000000009d22                TEE_InitValueAttribute
                0x0000000000009d6e                TEE_CopyObjectAttributes
                0x0000000000009dba                TEE_CopyObjectAttributes1
                0x0000000000009e72                TEE_GenerateKey
                0x0000000000009f62                TEE_OpenPersistentObject
                0x000000000000a028                TEE_CreatePersistentObject
                0x000000000000a120                TEE_CloseAndDeletePersistentObject
                0x000000000000a152                TEE_CloseAndDeletePersistentObject1
                0x000000000000a19c                TEE_RenamePersistentObject
                0x000000000000a230                TEE_AllocatePersistentObjectEnumerator
                0x000000000000a290                TEE_FreePersistentObjectEnumerator
                0x000000000000a2c2                TEE_ResetPersistentObjectEnumerator
                0x000000000000a2f4                TEE_StartPersistentObjectEnumerator
                0x000000000000a34e                TEE_GetNextPersistentObject
                0x000000000000a408                TEE_ReadObjectData
                0x000000000000a490                TEE_WriteObjectData
                0x000000000000a50e                TEE_TruncateObjectData
                0x000000000000a57a                TEE_SeekObjectData
 .text          0x000000000000a666       0xaa /home/test/devel/optee/optee_os/out/arm/export-ta_arm32/lib/libutee.a(utee_misc.o)
                0x000000000000a666                utee_get_ta_exec_id
                0x000000000000a67a                utee_malloc
                0x000000000000a696                utee_realloc
                0x000000000000a6b6                utee_calloc
                0x000000000000a6d6                utee_free
                0x000000000000a6f0                get_rng_array
 .text          0x000000000000a710       0x6a /home/test/devel/optee/optee_os/out/arm/export-ta_arm32/lib/libutils.a(snprintf.o)
                0x000000000000a710                snprintf
                0x000000000000a74c                vsnprintf
 .text          0x000000000000a77a       0xb8 /home/test/devel/optee/optee_os/out/arm/export-ta_arm32/lib/libutils.a(memcmp.o)
                0x000000000000a77a                memcmp
 .text          0x000000000000a832       0xf2 /home/test/devel/optee/optee_os/out/arm/export-ta_arm32/lib/libutils.a(memcpy.o)
                0x000000000000a832                memcpy
 .text          0x000000000000a924      0x13e /home/test/devel/optee/optee_os/out/arm/export-ta_arm32/lib/libutils.a(memmove.o)
                0x000000000000a924                memmove
 .text          0x000000000000aa62      0x11c /home/test/devel/optee/optee_os/out/arm/export-ta_arm32/lib/libutils.a(memset.o)
                0x000000000000aa62                memset
 .text          0x000000000000ab7e       0x8a /home/test/devel/optee/optee_os/out/arm/export-ta_arm32/lib/libutils.a(strlen.o)
                0x000000000000ab7e                strlen
 .text          0x000000000000ac08       0x94 /home/test/devel/optee/optee_os/out/arm/export-ta_arm32/lib/libutils.a(buf_compare_ct.o)
                0x000000000000ac08                buf_compare_ct
 .text          0x000000000000ac9c       0x30 /home/test/devel/optee/optee_os/out/arm/export-ta_arm32/lib/libutils.a(aeabi_unwind.o)
                0x000000000000ac9c                __aeabi_unwind_cpp_pr0
                0x000000000000acac                __aeabi_unwind_cpp_pr1
                0x000000000000acbc                __aeabi_unwind_cpp_pr2
 .text          0x000000000000accc      0x114 /home/test/devel/optee/optee_os/out/arm/export-ta_arm32/lib/libutils.a(memchr.o)
                0x000000000000accc                memchr
 .text          0x000000000000ade0      0x2b0 /home/test/devel/optee/optee_os/out/arm/export-ta_arm32/lib/libutils.a(arm32_aeabi_ldivmod.o)
                0x000000000000af38                __ul_divmod
                0x000000000000afaa                __l_divmod
 .text          0x000000000000b090      0x146 /home/test/devel/optee/optee_os/out/arm/export-ta_arm32/lib/libmpa.a(mpa_conv.o)
                0x000000000000b090                mpa_set_S32
                0x000000000000b0dc                mpa_get_S32
                0x000000000000b172                mpa_set_word
                0x000000000000b1a4                mpa_get_word
 .text          0x000000000000b1d6      0xa9c /home/test/devel/optee/optee_os/out/arm/export-ta_arm32/lib/libmpa.a(mpa_div.o)
                0x000000000000b2ae                __mpa_div_dword
                0x000000000000b920                __mpa_div_q_r_internal_word
                0x000000000000ba52                __mpa_div_q_r
                0x000000000000bb9c                mpa_div
 .text          0x000000000000bc72      0x7dc /home/test/devel/optee/optee_os/out/arm/export-ta_arm32/lib/libmpa.a(mpa_gcd.o)
                0x000000000000c188                mpa_gcd
                0x000000000000c274                mpa_extended_gcd
 .text          0x000000000000c44e      0x264 /home/test/devel/optee/optee_os/out/arm/export-ta_arm32/lib/libmpa.a(mpa_mem_static.o)
                0x000000000000c44e                mpa_init_scratch_mem_sync
                0x000000000000c496                mpa_init_scratch_mem
                0x000000000000c4c8                mpa_alloc_static_temp_var_size
                0x000000000000c5fc                mpa_alloc_static_temp_var
                0x000000000000c622                mpa_free_static_temp_var
 .text          0x000000000000c6b2      0x42a /home/test/devel/optee/optee_os/out/arm/export-ta_arm32/lib/libmpa.a(mpa_mul.o)
                0x000000000000c6b2                __mpa_mul_add_word
                0x000000000000c72c                __mpa_mul_add_word_cum
                0x000000000000c7b4                __mpa_abs_mul_word
                0x000000000000c862                __mpa_abs_mul
                0x000000000000c96e                mpa_mul
                0x000000000000ca32                mpa_mul_word
 .text          0x000000000000cadc      0x56c /home/test/devel/optee/optee_os/out/arm/export-ta_arm32/lib/libmpa.a(mpa_shift.o)
                0x000000000000cadc                __mpa_shift_words_left
                0x000000000000cb8e                __mpa_shift_words_right
                0x000000000000cc42                mpa_shift_left
                0x000000000000ce6a                mpa_shift_right
 .text          0x000000000000d048      0xab4 /home/test/devel/optee/optee_os/out/arm/export-ta_arm32/lib/libmpa.a(mpa_addsub.o)
                0x000000000000d048                __mpa_full_adder
                0x000000000000d0ac                __mpa_full_sub
                0x000000000000d114                __mpa_full_adder_ackum
                0x000000000000d178                __mpa_abs_add
                0x000000000000d28c                __mpa_abs_add_ackum
                0x000000000000d372                __mpa_abs_sub
                0x000000000000d45e                mpa_add
                0x000000000000d638                mpa_sub
                0x000000000000d83a                mpa_neg
                0x000000000000d864                mpa_add_word
                0x000000000000d9ae                mpa_sub_word
 .text          0x000000000000dafc      0x280 /home/test/devel/optee/optee_os/out/arm/export-ta_arm32/lib/libmpa.a(mpa_cmp.o)
                0x000000000000dafc                __mpa_abs_cmp
                0x000000000000dbfa                __mpa_abs_greater_than
                0x000000000000dc24                __mpa_abs_less_than
                0x000000000000dc4a                mpa_cmp
                0x000000000000dcd4                mpa_cmp_short
 .text          0x000000000000dd7c       0xe8 /home/test/devel/optee/optee_os/out/arm/export-ta_arm32/lib/libmpa.a(mpa_init.o)
                0x000000000000dd7c                mpa_init_static
                0x000000000000ddc8                mpa_init_static_fmm_context
 .text          0x000000000000de64      0x204 /home/test/devel/optee/optee_os/out/arm/export-ta_arm32/lib/libmpa.a(mpa_modulus.o)
                0x000000000000de64                mpa_mod
                0x000000000000de90                mpa_add_mod
                0x000000000000dee0                mpa_sub_mod
                0x000000000000df30                mpa_mul_mod
                0x000000000000df80                mpa_inv_mod
 .text          0x000000000000e068        0x0 /home/test/devel/optee/optee_os/out/arm/export-ta_arm32/lib/libutee.a(gprof_a32.o)
 .text          0x000000000000e068        0x0 /home/test/devel/optee/optee_os/out/arm/export-ta_arm32/lib/libutils.a(arm32_aeabi_ldivmod_a32.o)
 *(SORT(.stub))
 *(SORT(.glue_7))
 .glue_7        0x000000000000e068        0x0 linker stubs
 *(SORT(.glue_7t))
 .glue_7t       0x000000000000e068        0x0 linker stubs
 *(SORT(.gnu.linkonce.t.*))
 *(SORT(.vfp11_veneer))
 .vfp11_veneer  0x000000000000e068        0x0 linker stubs
                [!provide]                        PROVIDE (__gnu_mcount_nc, __utee_mcount)
                0x000000000000e068                __text_end = .

.v4_bx          0x000000000000e068        0x0
 .v4_bx         0x000000000000e068        0x0 linker stubs

.iplt           0x000000000000e068        0x0
 .iplt          0x000000000000e068        0x0 ./random_example_ta.o

.eh_frame
 *(SORT(.eh_frame))

.rodata         0x000000000000e068     0x16c4
 *(SORT(.gnu.linkonce.r.*))
 *(SORT(.rodata) SORT(.rodata.*))
 .rodata.random_example_ta.c
                0x000000000000e068       0x4f ./random_example_ta.o
 *fill*         0x000000000000e0b7        0x1 
 .rodata.user_ta_header.c
                0x000000000000e0b8      0x13c ./user_ta_header.o
                0x000000000000e0b8                trace_ext_prefix
                0x000000000000e0bc                ta_heap_size
                0x000000000000e1f0                ta_num_props
 .rodata.lib/libutee/tee_api_arith.c
                0x000000000000e1f4       0x5f /home/test/devel/optee/optee_os/out/arm/export-ta_arm32/lib/libutee.a(tee_api_arith.o)
 *fill*         0x000000000000e253        0x1 
 .rodata.lib/libutee/tee_api.c
                0x000000000000e254        0x4 /home/test/devel/optee/optee_os/out/arm/export-ta_arm32/lib/libutee.a(tee_api.o)
 .rodata.lib/libutee/tee_user_mem.c
                0x000000000000e258      0x184 /home/test/devel/optee/optee_os/out/arm/export-ta_arm32/lib/libutee.a(tee_user_mem.o)
 .rodata.lib/libutee/trace_ext.c
                0x000000000000e3dc        0x2 /home/test/devel/optee/optee_os/out/arm/export-ta_arm32/lib/libutee.a(trace_ext.o)
 *fill*         0x000000000000e3de        0x2 
 .rodata.lib/libutee/assert.c
                0x000000000000e3e0       0x27 /home/test/devel/optee/optee_os/out/arm/export-ta_arm32/lib/libutee.a(assert.o)
 *fill*         0x000000000000e407        0x1 
 .rodata.lib/libutils/isoc/bget_malloc.c
                0x000000000000e408      0x4a4 /home/test/devel/optee/optee_os/out/arm/export-ta_arm32/lib/libutils.a(bget_malloc.o)
 .rodata.lib/libutils/ext/snprintk.c
                0x000000000000e8ac       0x7d /home/test/devel/optee/optee_os/out/arm/export-ta_arm32/lib/libutils.a(snprintk.o)
 *fill*         0x000000000000e929        0x3 
 .rodata.lib/libutils/ext/trace.c
                0x000000000000e92c       0x29 /home/test/devel/optee/optee_os/out/arm/export-ta_arm32/lib/libutils.a(trace.o)
 *fill*         0x000000000000e955        0x3 
 .rodata.lib/libmpa/mpa_misc.c
                0x000000000000e958       0x28 /home/test/devel/optee/optee_os/out/arm/export-ta_arm32/lib/libmpa.a(mpa_misc.o)
                0x000000000000e958                const_largest_deci_base
                0x000000000000e964                Const_1_LShift_Base
                0x000000000000e974                const_one
 .rodata.lib/libmpa/mpa_primetest.c
                0x000000000000e980      0xd30 /home/test/devel/optee/optee_os/out/arm/export-ta_arm32/lib/libmpa.a(mpa_primetest.o)
                0x000000000000e980                MAX_TABULATED_PRIME
                0x000000000000e984                NR_STORED_PRIMES
                0x000000000000e988                PRIME_TABLE
 .rodata.lib/libmpa/mpa_io.c
                0x000000000000f6b0       0x7c /home/test/devel/optee/optee_os/out/arm/export-ta_arm32/lib/libmpa.a(mpa_io.o)

.ARM.extab      0x000000000000f72c      0xd90
 .ARM.extab     0x000000000000f72c       0x30 ./random_example_ta.o
 .ARM.extab     0x000000000000f75c        0x0 ./user_ta_header.o
 .ARM.extab     0x000000000000f75c      0x12c /home/test/devel/optee/optee_os/out/arm/export-ta_arm32/lib/libutee.a(tee_api_operations.o)
 .ARM.extab     0x000000000000f888        0xc /home/test/devel/optee/optee_os/out/arm/export-ta_arm32/lib/libutee.a(tee_api_panic.o)
 .ARM.extab     0x000000000000f894       0x60 /home/test/devel/optee/optee_os/out/arm/export-ta_arm32/lib/libutee.a(user_ta_entry.o)
 .ARM.extab     0x000000000000f8f4      0x198 /home/test/devel/optee/optee_os/out/arm/export-ta_arm32/lib/libutee.a(tee_api_arith.o)
 .ARM.extab     0x000000000000fa8c      0x120 /home/test/devel/optee/optee_os/out/arm/export-ta_arm32/lib/libutee.a(tee_api.o)
 .ARM.extab     0x000000000000fbac      0x15c /home/test/devel/optee/optee_os/out/arm/export-ta_arm32/lib/libutee.a(tee_api_objects.o)
 .ARM.extab     0x000000000000fd08       0x3c /home/test/devel/optee/optee_os/out/arm/export-ta_arm32/lib/libutee.a(utee_misc.o)
 .ARM.extab     0x000000000000fd44       0xb4 /home/test/devel/optee/optee_os/out/arm/export-ta_arm32/lib/libutee.a(tee_user_mem.o)
 .ARM.extab     0x000000000000fdf8       0x34 /home/test/devel/optee/optee_os/out/arm/export-ta_arm32/lib/libutee.a(trace_ext.o)
 .ARM.extab     0x000000000000fe2c        0xc /home/test/devel/optee/optee_os/out/arm/export-ta_arm32/lib/libutee.a(assert.o)
 .ARM.extab     0x000000000000fe38      0x1a4 /home/test/devel/optee/optee_os/out/arm/export-ta_arm32/lib/libutils.a(bget_malloc.o)
 .ARM.extab     0x000000000000ffdc       0x18 /home/test/devel/optee/optee_os/out/arm/export-ta_arm32/lib/libutils.a(snprintf.o)
 .ARM.extab     0x000000000000fff4        0xc /home/test/devel/optee/optee_os/out/arm/export-ta_arm32/lib/libutils.a(memcmp.o)
 .ARM.extab     0x0000000000010000        0xc /home/test/devel/optee/optee_os/out/arm/export-ta_arm32/lib/libutils.a(memcpy.o)
 .ARM.extab     0x000000000001000c        0xc /home/test/devel/optee/optee_os/out/arm/export-ta_arm32/lib/libutils.a(memmove.o)
 .ARM.extab     0x0000000000010018        0xc /home/test/devel/optee/optee_os/out/arm/export-ta_arm32/lib/libutils.a(memset.o)
 .ARM.extab     0x0000000000010024        0xc /home/test/devel/optee/optee_os/out/arm/export-ta_arm32/lib/libutils.a(strlen.o)
 .ARM.extab     0x0000000000010030       0x24 /home/test/devel/optee/optee_os/out/arm/export-ta_arm32/lib/libutils.a(snprintk.o)
 .ARM.extab     0x0000000000010054        0xc /home/test/devel/optee/optee_os/out/arm/export-ta_arm32/lib/libutils.a(buf_compare_ct.o)
 .ARM.extab     0x0000000000010060       0x3c /home/test/devel/optee/optee_os/out/arm/export-ta_arm32/lib/libutils.a(trace.o)
 .ARM.extab     0x000000000001009c        0x0 /home/test/devel/optee/optee_os/out/arm/export-ta_arm32/lib/libutils.a(aeabi_unwind.o)
 .ARM.extab     0x000000000001009c        0xc /home/test/devel/optee/optee_os/out/arm/export-ta_arm32/lib/libutils.a(memchr.o)
 .ARM.extab     0x00000000000100a8       0x30 /home/test/devel/optee/optee_os/out/arm/export-ta_arm32/lib/libutils.a(arm32_aeabi_ldivmod.o)
 .ARM.extab     0x00000000000100d8       0x60 /home/test/devel/optee/optee_os/out/arm/export-ta_arm32/lib/libmpa.a(mpa_misc.o)
 .ARM.extab     0x0000000000010138       0x24 /home/test/devel/optee/optee_os/out/arm/export-ta_arm32/lib/libmpa.a(mpa_montgomery.o)
 .ARM.extab     0x000000000001015c       0x30 /home/test/devel/optee/optee_os/out/arm/export-ta_arm32/lib/libmpa.a(mpa_primetest.o)
 .ARM.extab     0x000000000001018c       0x30 /home/test/devel/optee/optee_os/out/arm/export-ta_arm32/lib/libmpa.a(mpa_conv.o)
 .ARM.extab     0x00000000000101bc       0x48 /home/test/devel/optee/optee_os/out/arm/export-ta_arm32/lib/libmpa.a(mpa_div.o)
 .ARM.extab     0x0000000000010204       0x3c /home/test/devel/optee/optee_os/out/arm/export-ta_arm32/lib/libmpa.a(mpa_gcd.o)
 .ARM.extab     0x0000000000010240       0x3c /home/test/devel/optee/optee_os/out/arm/export-ta_arm32/lib/libmpa.a(mpa_mem_static.o)
 .ARM.extab     0x000000000001027c       0x30 /home/test/devel/optee/optee_os/out/arm/export-ta_arm32/lib/libmpa.a(mpa_mul.o)
 .ARM.extab     0x00000000000102ac       0x30 /home/test/devel/optee/optee_os/out/arm/export-ta_arm32/lib/libmpa.a(mpa_random.o)
 .ARM.extab     0x00000000000102dc       0x30 /home/test/devel/optee/optee_os/out/arm/export-ta_arm32/lib/libmpa.a(mpa_shift.o)
 .ARM.extab     0x000000000001030c       0x60 /home/test/devel/optee/optee_os/out/arm/export-ta_arm32/lib/libmpa.a(mpa_addsub.o)
 .ARM.extab     0x000000000001036c       0x3c /home/test/devel/optee/optee_os/out/arm/export-ta_arm32/lib/libmpa.a(mpa_cmp.o)
 .ARM.extab     0x00000000000103a8        0xc /home/test/devel/optee/optee_os/out/arm/export-ta_arm32/lib/libmpa.a(mpa_expmod.o)
 .ARM.extab     0x00000000000103b4       0x18 /home/test/devel/optee/optee_os/out/arm/export-ta_arm32/lib/libmpa.a(mpa_init.o)
 .ARM.extab     0x00000000000103cc       0xb4 /home/test/devel/optee/optee_os/out/arm/export-ta_arm32/lib/libmpa.a(mpa_io.o)
 .ARM.extab     0x0000000000010480       0x3c /home/test/devel/optee/optee_os/out/arm/export-ta_arm32/lib/libmpa.a(mpa_modulus.o)

.gnu.version_d  0x00000000000104bc        0x0
 .gnu.version_d
                0x00000000000104bc        0x0 ./random_example_ta.o

.gnu.version    0x00000000000104bc        0x0
 .gnu.version   0x00000000000104bc        0x0 ./random_example_ta.o

.gnu.version_r  0x00000000000104bc        0x0
 .gnu.version_r
                0x00000000000104bc        0x0 ./random_example_ta.o

.ARM.extab.text.utee_panic
                0x00000000000104bc        0xc
 .ARM.extab.text.utee_panic
                0x00000000000104bc        0xc /home/test/devel/optee/optee_os/out/arm/export-ta_arm32/lib/libutee.a(utee_syscalls_a32.o)

.ARM.extab.text.utee_return
                0x00000000000104c8        0x0
 .ARM.extab.text.utee_return
                0x00000000000104c8        0x0 /home/test/devel/optee/optee_os/out/arm/export-ta_arm32/lib/libutee.a(utee_syscalls_a32.o)

.ARM.extab.text.utee_log
                0x00000000000104c8        0x0
 .ARM.extab.text.utee_log
                0x00000000000104c8        0x0 /home/test/devel/optee/optee_os/out/arm/export-ta_arm32/lib/libutee.a(utee_syscalls_a32.o)

.ARM.extab.text.__utee_panic
                0x00000000000104c8        0x0
 .ARM.extab.text.__utee_panic
                0x00000000000104c8        0x0 /home/test/devel/optee/optee_os/out/arm/export-ta_arm32/lib/libutee.a(utee_syscalls_a32.o)

.ARM.extab.text.utee_get_property
                0x00000000000104c8        0x0
 .ARM.extab.text.utee_get_property
                0x00000000000104c8        0x0 /home/test/devel/optee/optee_os/out/arm/export-ta_arm32/lib/libutee.a(utee_syscalls_a32.o)

.ARM.extab.text.utee_get_property_name_to_index
                0x00000000000104c8        0x0
 .ARM.extab.text.utee_get_property_name_to_index
                0x00000000000104c8        0x0 /home/test/devel/optee/optee_os/out/arm/export-ta_arm32/lib/libutee.a(utee_syscalls_a32.o)

.ARM.extab.text.utee_open_ta_session
                0x00000000000104c8        0x0
 .ARM.extab.text.utee_open_ta_session
                0x00000000000104c8        0x0 /home/test/devel/optee/optee_os/out/arm/export-ta_arm32/lib/libutee.a(utee_syscalls_a32.o)

.ARM.extab.text.utee_close_ta_session
                0x00000000000104c8        0x0
 .ARM.extab.text.utee_close_ta_session
                0x00000000000104c8        0x0 /home/test/devel/optee/optee_os/out/arm/export-ta_arm32/lib/libutee.a(utee_syscalls_a32.o)

.ARM.extab.text.utee_invoke_ta_command
                0x00000000000104c8        0x0
 .ARM.extab.text.utee_invoke_ta_command
                0x00000000000104c8        0x0 /home/test/devel/optee/optee_os/out/arm/export-ta_arm32/lib/libutee.a(utee_syscalls_a32.o)

.ARM.extab.text.utee_get_cancellation_flag
                0x00000000000104c8        0x0
 .ARM.extab.text.utee_get_cancellation_flag
                0x00000000000104c8        0x0 /home/test/devel/optee/optee_os/out/arm/export-ta_arm32/lib/libutee.a(utee_syscalls_a32.o)

.ARM.extab.text.utee_check_access_rights
                0x00000000000104c8        0x0
 .ARM.extab.text.utee_check_access_rights
                0x00000000000104c8        0x0 /home/test/devel/optee/optee_os/out/arm/export-ta_arm32/lib/libutee.a(utee_syscalls_a32.o)

.ARM.extab.text.utee_unmask_cancellation
                0x00000000000104c8        0x0
 .ARM.extab.text.utee_unmask_cancellation
                0x00000000000104c8        0x0 /home/test/devel/optee/optee_os/out/arm/export-ta_arm32/lib/libutee.a(utee_syscalls_a32.o)

.ARM.extab.text.utee_mask_cancellation
                0x00000000000104c8        0x0
 .ARM.extab.text.utee_mask_cancellation
                0x00000000000104c8        0x0 /home/test/devel/optee/optee_os/out/arm/export-ta_arm32/lib/libutee.a(utee_syscalls_a32.o)

.ARM.extab.text.utee_wait
                0x00000000000104c8        0x0
 .ARM.extab.text.utee_wait
                0x00000000000104c8        0x0 /home/test/devel/optee/optee_os/out/arm/export-ta_arm32/lib/libutee.a(utee_syscalls_a32.o)

.ARM.extab.text.utee_get_time
                0x00000000000104c8        0x0
 .ARM.extab.text.utee_get_time
                0x00000000000104c8        0x0 /home/test/devel/optee/optee_os/out/arm/export-ta_arm32/lib/libutee.a(utee_syscalls_a32.o)

.ARM.extab.text.utee_set_ta_time
                0x00000000000104c8        0x0
 .ARM.extab.text.utee_set_ta_time
                0x00000000000104c8        0x0 /home/test/devel/optee/optee_os/out/arm/export-ta_arm32/lib/libutee.a(utee_syscalls_a32.o)

.ARM.extab.text.utee_cryp_state_alloc
                0x00000000000104c8        0x0
 .ARM.extab.text.utee_cryp_state_alloc
                0x00000000000104c8        0x0 /home/test/devel/optee/optee_os/out/arm/export-ta_arm32/lib/libutee.a(utee_syscalls_a32.o)

.ARM.extab.text.utee_cryp_state_copy
                0x00000000000104c8        0x0
 .ARM.extab.text.utee_cryp_state_copy
                0x00000000000104c8        0x0 /home/test/devel/optee/optee_os/out/arm/export-ta_arm32/lib/libutee.a(utee_syscalls_a32.o)

.ARM.extab.text.utee_cryp_state_free
                0x00000000000104c8        0x0
 .ARM.extab.text.utee_cryp_state_free
                0x00000000000104c8        0x0 /home/test/devel/optee/optee_os/out/arm/export-ta_arm32/lib/libutee.a(utee_syscalls_a32.o)

.ARM.extab.text.utee_hash_init
                0x00000000000104c8        0x0
 .ARM.extab.text.utee_hash_init
                0x00000000000104c8        0x0 /home/test/devel/optee/optee_os/out/arm/export-ta_arm32/lib/libutee.a(utee_syscalls_a32.o)

.ARM.extab.text.utee_hash_update
                0x00000000000104c8        0x0
 .ARM.extab.text.utee_hash_update
                0x00000000000104c8        0x0 /home/test/devel/optee/optee_os/out/arm/export-ta_arm32/lib/libutee.a(utee_syscalls_a32.o)

.ARM.extab.text.utee_hash_final
                0x00000000000104c8        0x0
 .ARM.extab.text.utee_hash_final
                0x00000000000104c8        0x0 /home/test/devel/optee/optee_os/out/arm/export-ta_arm32/lib/libutee.a(utee_syscalls_a32.o)

.ARM.extab.text.utee_cipher_init
                0x00000000000104c8        0x0
 .ARM.extab.text.utee_cipher_init
                0x00000000000104c8        0x0 /home/test/devel/optee/optee_os/out/arm/export-ta_arm32/lib/libutee.a(utee_syscalls_a32.o)

.ARM.extab.text.utee_cipher_update
                0x00000000000104c8        0x0
 .ARM.extab.text.utee_cipher_update
                0x00000000000104c8        0x0 /home/test/devel/optee/optee_os/out/arm/export-ta_arm32/lib/libutee.a(utee_syscalls_a32.o)

.ARM.extab.text.utee_cipher_final
                0x00000000000104c8        0x0
 .ARM.extab.text.utee_cipher_final
                0x00000000000104c8        0x0 /home/test/devel/optee/optee_os/out/arm/export-ta_arm32/lib/libutee.a(utee_syscalls_a32.o)

.ARM.extab.text.utee_cryp_obj_get_info
                0x00000000000104c8        0x0
 .ARM.extab.text.utee_cryp_obj_get_info
                0x00000000000104c8        0x0 /home/test/devel/optee/optee_os/out/arm/export-ta_arm32/lib/libutee.a(utee_syscalls_a32.o)

.ARM.extab.text.utee_cryp_obj_restrict_usage
                0x00000000000104c8        0x0
 .ARM.extab.text.utee_cryp_obj_restrict_usage
                0x00000000000104c8        0x0 /home/test/devel/optee/optee_os/out/arm/export-ta_arm32/lib/libutee.a(utee_syscalls_a32.o)

.ARM.extab.text.utee_cryp_obj_get_attr
                0x00000000000104c8        0x0
 .ARM.extab.text.utee_cryp_obj_get_attr
                0x00000000000104c8        0x0 /home/test/devel/optee/optee_os/out/arm/export-ta_arm32/lib/libutee.a(utee_syscalls_a32.o)

.ARM.extab.text.utee_cryp_obj_alloc
                0x00000000000104c8        0x0
 .ARM.extab.text.utee_cryp_obj_alloc
                0x00000000000104c8        0x0 /home/test/devel/optee/optee_os/out/arm/export-ta_arm32/lib/libutee.a(utee_syscalls_a32.o)

.ARM.extab.text.utee_cryp_obj_close
                0x00000000000104c8        0x0
 .ARM.extab.text.utee_cryp_obj_close
                0x00000000000104c8        0x0 /home/test/devel/optee/optee_os/out/arm/export-ta_arm32/lib/libutee.a(utee_syscalls_a32.o)

.ARM.extab.text.utee_cryp_obj_reset
                0x00000000000104c8        0x0
 .ARM.extab.text.utee_cryp_obj_reset
                0x00000000000104c8        0x0 /home/test/devel/optee/optee_os/out/arm/export-ta_arm32/lib/libutee.a(utee_syscalls_a32.o)

.ARM.extab.text.utee_cryp_obj_populate
                0x00000000000104c8        0x0
 .ARM.extab.text.utee_cryp_obj_populate
                0x00000000000104c8        0x0 /home/test/devel/optee/optee_os/out/arm/export-ta_arm32/lib/libutee.a(utee_syscalls_a32.o)

.ARM.extab.text.utee_cryp_obj_copy
                0x00000000000104c8        0x0
 .ARM.extab.text.utee_cryp_obj_copy
                0x00000000000104c8        0x0 /home/test/devel/optee/optee_os/out/arm/export-ta_arm32/lib/libutee.a(utee_syscalls_a32.o)

.ARM.extab.text.utee_cryp_derive_key
                0x00000000000104c8        0x0
 .ARM.extab.text.utee_cryp_derive_key
                0x00000000000104c8        0x0 /home/test/devel/optee/optee_os/out/arm/export-ta_arm32/lib/libutee.a(utee_syscalls_a32.o)

.ARM.extab.text.utee_cryp_random_number_generate
                0x00000000000104c8        0x0
 .ARM.extab.text.utee_cryp_random_number_generate
                0x00000000000104c8        0x0 /home/test/devel/optee/optee_os/out/arm/export-ta_arm32/lib/libutee.a(utee_syscalls_a32.o)

.ARM.extab.text.utee_authenc_init
                0x00000000000104c8        0x0
 .ARM.extab.text.utee_authenc_init
                0x00000000000104c8        0x0 /home/test/devel/optee/optee_os/out/arm/export-ta_arm32/lib/libutee.a(utee_syscalls_a32.o)

.ARM.extab.text.utee_authenc_update_aad
                0x00000000000104c8        0x0
 .ARM.extab.text.utee_authenc_update_aad
                0x00000000000104c8        0x0 /home/test/devel/optee/optee_os/out/arm/export-ta_arm32/lib/libutee.a(utee_syscalls_a32.o)

.ARM.extab.text.utee_authenc_update_payload
                0x00000000000104c8        0x0
 .ARM.extab.text.utee_authenc_update_payload
                0x00000000000104c8        0x0 /home/test/devel/optee/optee_os/out/arm/export-ta_arm32/lib/libutee.a(utee_syscalls_a32.o)

.ARM.extab.text.utee_authenc_enc_final
                0x00000000000104c8        0x0
 .ARM.extab.text.utee_authenc_enc_final
                0x00000000000104c8        0x0 /home/test/devel/optee/optee_os/out/arm/export-ta_arm32/lib/libutee.a(utee_syscalls_a32.o)

.ARM.extab.text.utee_authenc_dec_final
                0x00000000000104c8        0x0
 .ARM.extab.text.utee_authenc_dec_final
                0x00000000000104c8        0x0 /home/test/devel/optee/optee_os/out/arm/export-ta_arm32/lib/libutee.a(utee_syscalls_a32.o)

.ARM.extab.text.utee_asymm_operate
                0x00000000000104c8        0x0
 .ARM.extab.text.utee_asymm_operate
                0x00000000000104c8        0x0 /home/test/devel/optee/optee_os/out/arm/export-ta_arm32/lib/libutee.a(utee_syscalls_a32.o)

.ARM.extab.text.utee_asymm_verify
                0x00000000000104c8        0x0
 .ARM.extab.text.utee_asymm_verify
                0x00000000000104c8        0x0 /home/test/devel/optee/optee_os/out/arm/export-ta_arm32/lib/libutee.a(utee_syscalls_a32.o)

.ARM.extab.text.utee_storage_obj_open
                0x00000000000104c8        0x0
 .ARM.extab.text.utee_storage_obj_open
                0x00000000000104c8        0x0 /home/test/devel/optee/optee_os/out/arm/export-ta_arm32/lib/libutee.a(utee_syscalls_a32.o)

.ARM.extab.text.utee_storage_obj_create
                0x00000000000104c8        0x0
 .ARM.extab.text.utee_storage_obj_create
                0x00000000000104c8        0x0 /home/test/devel/optee/optee_os/out/arm/export-ta_arm32/lib/libutee.a(utee_syscalls_a32.o)

.ARM.extab.text.utee_storage_obj_del
                0x00000000000104c8        0x0
 .ARM.extab.text.utee_storage_obj_del
                0x00000000000104c8        0x0 /home/test/devel/optee/optee_os/out/arm/export-ta_arm32/lib/libutee.a(utee_syscalls_a32.o)

.ARM.extab.text.utee_storage_obj_rename
                0x00000000000104c8        0x0
 .ARM.extab.text.utee_storage_obj_rename
                0x00000000000104c8        0x0 /home/test/devel/optee/optee_os/out/arm/export-ta_arm32/lib/libutee.a(utee_syscalls_a32.o)

.ARM.extab.text.utee_storage_alloc_enum
                0x00000000000104c8        0x0
 .ARM.extab.text.utee_storage_alloc_enum
                0x00000000000104c8        0x0 /home/test/devel/optee/optee_os/out/arm/export-ta_arm32/lib/libutee.a(utee_syscalls_a32.o)

.ARM.extab.text.utee_storage_free_enum
                0x00000000000104c8        0x0
 .ARM.extab.text.utee_storage_free_enum
                0x00000000000104c8        0x0 /home/test/devel/optee/optee_os/out/arm/export-ta_arm32/lib/libutee.a(utee_syscalls_a32.o)

.ARM.extab.text.utee_storage_reset_enum
                0x00000000000104c8        0x0
 .ARM.extab.text.utee_storage_reset_enum
                0x00000000000104c8        0x0 /home/test/devel/optee/optee_os/out/arm/export-ta_arm32/lib/libutee.a(utee_syscalls_a32.o)

.ARM.extab.text.utee_storage_start_enum
                0x00000000000104c8        0x0
 .ARM.extab.text.utee_storage_start_enum
                0x00000000000104c8        0x0 /home/test/devel/optee/optee_os/out/arm/export-ta_arm32/lib/libutee.a(utee_syscalls_a32.o)

.ARM.extab.text.utee_storage_next_enum
                0x00000000000104c8        0x0
 .ARM.extab.text.utee_storage_next_enum
                0x00000000000104c8        0x0 /home/test/devel/optee/optee_os/out/arm/export-ta_arm32/lib/libutee.a(utee_syscalls_a32.o)

.ARM.extab.text.utee_storage_obj_read
                0x00000000000104c8        0x0
 .ARM.extab.text.utee_storage_obj_read
                0x00000000000104c8        0x0 /home/test/devel/optee/optee_os/out/arm/export-ta_arm32/lib/libutee.a(utee_syscalls_a32.o)

.ARM.extab.text.utee_storage_obj_write
                0x00000000000104c8        0x0
 .ARM.extab.text.utee_storage_obj_write
                0x00000000000104c8        0x0 /home/test/devel/optee/optee_os/out/arm/export-ta_arm32/lib/libutee.a(utee_syscalls_a32.o)

.ARM.extab.text.utee_storage_obj_trunc
                0x00000000000104c8        0x0
 .ARM.extab.text.utee_storage_obj_trunc
                0x00000000000104c8        0x0 /home/test/devel/optee/optee_os/out/arm/export-ta_arm32/lib/libutee.a(utee_syscalls_a32.o)

.ARM.extab.text.utee_storage_obj_seek
                0x00000000000104c8        0x0
 .ARM.extab.text.utee_storage_obj_seek
                0x00000000000104c8        0x0 /home/test/devel/optee/optee_os/out/arm/export-ta_arm32/lib/libutee.a(utee_syscalls_a32.o)

.ARM.extab.text.utee_cryp_obj_generate_key
                0x00000000000104c8        0x0
 .ARM.extab.text.utee_cryp_obj_generate_key
                0x00000000000104c8        0x0 /home/test/devel/optee/optee_os/out/arm/export-ta_arm32/lib/libutee.a(utee_syscalls_a32.o)

.ARM.extab.text.utee_se_service_open
                0x00000000000104c8        0x0
 .ARM.extab.text.utee_se_service_open
                0x00000000000104c8        0x0 /home/test/devel/optee/optee_os/out/arm/export-ta_arm32/lib/libutee.a(utee_syscalls_a32.o)

.ARM.extab.text.utee_se_service_close
                0x00000000000104c8        0x0
 .ARM.extab.text.utee_se_service_close
                0x00000000000104c8        0x0 /home/test/devel/optee/optee_os/out/arm/export-ta_arm32/lib/libutee.a(utee_syscalls_a32.o)

.ARM.extab.text.utee_se_service_get_readers
                0x00000000000104c8        0x0
 .ARM.extab.text.utee_se_service_get_readers
                0x00000000000104c8        0x0 /home/test/devel/optee/optee_os/out/arm/export-ta_arm32/lib/libutee.a(utee_syscalls_a32.o)

.ARM.extab.text.utee_se_reader_get_prop
                0x00000000000104c8        0x0
 .ARM.extab.text.utee_se_reader_get_prop
                0x00000000000104c8        0x0 /home/test/devel/optee/optee_os/out/arm/export-ta_arm32/lib/libutee.a(utee_syscalls_a32.o)

.ARM.extab.text.utee_se_reader_get_name
                0x00000000000104c8        0x0
 .ARM.extab.text.utee_se_reader_get_name
                0x00000000000104c8        0x0 /home/test/devel/optee/optee_os/out/arm/export-ta_arm32/lib/libutee.a(utee_syscalls_a32.o)

.ARM.extab.text.utee_se_reader_open_session
                0x00000000000104c8        0x0
 .ARM.extab.text.utee_se_reader_open_session
                0x00000000000104c8        0x0 /home/test/devel/optee/optee_os/out/arm/export-ta_arm32/lib/libutee.a(utee_syscalls_a32.o)

.ARM.extab.text.utee_se_reader_close_sessions
                0x00000000000104c8        0x0
 .ARM.extab.text.utee_se_reader_close_sessions
                0x00000000000104c8        0x0 /home/test/devel/optee/optee_os/out/arm/export-ta_arm32/lib/libutee.a(utee_syscalls_a32.o)

.ARM.extab.text.utee_se_session_is_closed
                0x00000000000104c8        0x0
 .ARM.extab.text.utee_se_session_is_closed
                0x00000000000104c8        0x0 /home/test/devel/optee/optee_os/out/arm/export-ta_arm32/lib/libutee.a(utee_syscalls_a32.o)

.ARM.extab.text.utee_se_session_get_atr
                0x00000000000104c8        0x0
 .ARM.extab.text.utee_se_session_get_atr
                0x00000000000104c8        0x0 /home/test/devel/optee/optee_os/out/arm/export-ta_arm32/lib/libutee.a(utee_syscalls_a32.o)

.ARM.extab.text.utee_se_session_open_channel
                0x00000000000104c8        0x0
 .ARM.extab.text.utee_se_session_open_channel
                0x00000000000104c8        0x0 /home/test/devel/optee/optee_os/out/arm/export-ta_arm32/lib/libutee.a(utee_syscalls_a32.o)

.ARM.extab.text.utee_se_session_close
                0x00000000000104c8        0x0
 .ARM.extab.text.utee_se_session_close
                0x00000000000104c8        0x0 /home/test/devel/optee/optee_os/out/arm/export-ta_arm32/lib/libutee.a(utee_syscalls_a32.o)

.ARM.extab.text.utee_se_channel_select_next
                0x00000000000104c8        0x0
 .ARM.extab.text.utee_se_channel_select_next
                0x00000000000104c8        0x0 /home/test/devel/optee/optee_os/out/arm/export-ta_arm32/lib/libutee.a(utee_syscalls_a32.o)

.ARM.extab.text.utee_se_channel_get_select_resp
                0x00000000000104c8        0x0
 .ARM.extab.text.utee_se_channel_get_select_resp
                0x00000000000104c8        0x0 /home/test/devel/optee/optee_os/out/arm/export-ta_arm32/lib/libutee.a(utee_syscalls_a32.o)

.ARM.extab.text.utee_se_channel_transmit
                0x00000000000104c8        0x0
 .ARM.extab.text.utee_se_channel_transmit
                0x00000000000104c8        0x0 /home/test/devel/optee/optee_os/out/arm/export-ta_arm32/lib/libutee.a(utee_syscalls_a32.o)

.ARM.extab.text.utee_se_channel_close
                0x00000000000104c8        0x0
 .ARM.extab.text.utee_se_channel_close
                0x00000000000104c8        0x0 /home/test/devel/optee/optee_os/out/arm/export-ta_arm32/lib/libutee.a(utee_syscalls_a32.o)

.ARM.extab.text.utee_cache_operation
                0x00000000000104c8        0x0
 .ARM.extab.text.utee_cache_operation
                0x00000000000104c8        0x0 /home/test/devel/optee/optee_os/out/arm/export-ta_arm32/lib/libutee.a(utee_syscalls_a32.o)

.ARM.extab.text.__aeabi_ldivmod
                0x00000000000104c8        0xc
 .ARM.extab.text.__aeabi_ldivmod
                0x00000000000104c8        0xc /home/test/devel/optee/optee_os/out/arm/export-ta_arm32/lib/libutils.a(arm32_aeabi_ldivmod_a32.o)

.ARM.extab.text.__aeabi_uldivmod
                0x00000000000104d4        0xc
 .ARM.extab.text.__aeabi_uldivmod
                0x00000000000104d4        0xc /home/test/devel/optee/optee_os/out/arm/export-ta_arm32/lib/libutils.a(arm32_aeabi_ldivmod_a32.o)

.ARM.exidx      0x00000000000104e0      0xa20
 *(SORT(.ARM.exidx*) SORT(.gnu.linkonce.armexidx.*))
 .ARM.exidx     0x00000000000104e0       0x28 ./random_example_ta.o
                                         0x30 (size before relaxing)
 .ARM.exidx     0x0000000000010bc0        0x8 ./user_ta_header.o
 .ARM.exidx     0x0000000000010508       0xe0 /home/test/devel/optee/optee_os/out/arm/export-ta_arm32/lib/libutee.a(tee_api_operations.o)
                                         0xf0 (size before relaxing)
 .ARM.exidx     0x0000000000010bc8        0x8 /home/test/devel/optee/optee_os/out/arm/export-ta_arm32/lib/libutee.a(tee_api_panic.o)
 .ARM.exidx     0x00000000000105e8       0x58 /home/test/devel/optee/optee_os/out/arm/export-ta_arm32/lib/libutee.a(user_ta_entry.o)
                                         0x60 (size before relaxing)
 .ARM.exidx.text.utee_panic
                0x0000000000010640        0x8 /home/test/devel/optee/optee_os/out/arm/export-ta_arm32/lib/libutee.a(utee_syscalls_a32.o)
 .ARM.exidx.text.utee_return
                0x0000000000010648        0x8 /home/test/devel/optee/optee_os/out/arm/export-ta_arm32/lib/libutee.a(utee_syscalls_a32.o)
 .ARM.exidx.text.utee_log
                0x0000000000010650        0x0 /home/test/devel/optee/optee_os/out/arm/export-ta_arm32/lib/libutee.a(utee_syscalls_a32.o)
                                          0x8 (size before relaxing)
 .ARM.exidx.text.__utee_panic
                0x0000000000010650        0x0 /home/test/devel/optee/optee_os/out/arm/export-ta_arm32/lib/libutee.a(utee_syscalls_a32.o)
                                          0x8 (size before relaxing)
 .ARM.exidx.text.utee_get_property
                0x0000000000010650        0x0 /home/test/devel/optee/optee_os/out/arm/export-ta_arm32/lib/libutee.a(utee_syscalls_a32.o)
                                          0x8 (size before relaxing)
 .ARM.exidx.text.utee_get_property_name_to_index
                0x0000000000010650        0x0 /home/test/devel/optee/optee_os/out/arm/export-ta_arm32/lib/libutee.a(utee_syscalls_a32.o)
                                          0x8 (size before relaxing)
 .ARM.exidx.text.utee_open_ta_session
                0x0000000000010650        0x0 /home/test/devel/optee/optee_os/out/arm/export-ta_arm32/lib/libutee.a(utee_syscalls_a32.o)
                                          0x8 (size before relaxing)
 .ARM.exidx.text.utee_close_ta_session
                0x0000000000010650        0x0 /home/test/devel/optee/optee_os/out/arm/export-ta_arm32/lib/libutee.a(utee_syscalls_a32.o)
                                          0x8 (size before relaxing)
 .ARM.exidx.text.utee_invoke_ta_command
                0x0000000000010650        0x0 /home/test/devel/optee/optee_os/out/arm/export-ta_arm32/lib/libutee.a(utee_syscalls_a32.o)
                                          0x8 (size before relaxing)
 .ARM.exidx.text.utee_get_cancellation_flag
                0x0000000000010650        0x0 /home/test/devel/optee/optee_os/out/arm/export-ta_arm32/lib/libutee.a(utee_syscalls_a32.o)
                                          0x8 (size before relaxing)
 .ARM.exidx.text.utee_check_access_rights
                0x0000000000010650        0x0 /home/test/devel/optee/optee_os/out/arm/export-ta_arm32/lib/libutee.a(utee_syscalls_a32.o)
                                          0x8 (size before relaxing)
 .ARM.exidx.text.utee_unmask_cancellation
                0x0000000000010650        0x0 /home/test/devel/optee/optee_os/out/arm/export-ta_arm32/lib/libutee.a(utee_syscalls_a32.o)
                                          0x8 (size before relaxing)
 .ARM.exidx.text.utee_mask_cancellation
                0x0000000000010650        0x0 /home/test/devel/optee/optee_os/out/arm/export-ta_arm32/lib/libutee.a(utee_syscalls_a32.o)
                                          0x8 (size before relaxing)
 .ARM.exidx.text.utee_wait
                0x0000000000010650        0x0 /home/test/devel/optee/optee_os/out/arm/export-ta_arm32/lib/libutee.a(utee_syscalls_a32.o)
                                          0x8 (size before relaxing)
 .ARM.exidx.text.utee_get_time
                0x0000000000010650        0x0 /home/test/devel/optee/optee_os/out/arm/export-ta_arm32/lib/libutee.a(utee_syscalls_a32.o)
                                          0x8 (size before relaxing)
 .ARM.exidx.text.utee_set_ta_time
                0x0000000000010650        0x0 /home/test/devel/optee/optee_os/out/arm/export-ta_arm32/lib/libutee.a(utee_syscalls_a32.o)
                                          0x8 (size before relaxing)
 .ARM.exidx.text.utee_cryp_state_alloc
                0x0000000000010650        0x0 /home/test/devel/optee/optee_os/out/arm/export-ta_arm32/lib/libutee.a(utee_syscalls_a32.o)
                                          0x8 (size before relaxing)
 .ARM.exidx.text.utee_cryp_state_copy
                0x0000000000010650        0x0 /home/test/devel/optee/optee_os/out/arm/export-ta_arm32/lib/libutee.a(utee_syscalls_a32.o)
                                          0x8 (size before relaxing)
 .ARM.exidx.text.utee_cryp_state_free
                0x0000000000010650        0x0 /home/test/devel/optee/optee_os/out/arm/export-ta_arm32/lib/libutee.a(utee_syscalls_a32.o)
                                          0x8 (size before relaxing)
 .ARM.exidx.text.utee_hash_init
                0x0000000000010650        0x0 /home/test/devel/optee/optee_os/out/arm/export-ta_arm32/lib/libutee.a(utee_syscalls_a32.o)
                                          0x8 (size before relaxing)
 .ARM.exidx.text.utee_hash_update
                0x0000000000010650        0x0 /home/test/devel/optee/optee_os/out/arm/export-ta_arm32/lib/libutee.a(utee_syscalls_a32.o)
                                          0x8 (size before relaxing)
 .ARM.exidx.text.utee_hash_final
                0x0000000000010650        0x0 /home/test/devel/optee/optee_os/out/arm/export-ta_arm32/lib/libutee.a(utee_syscalls_a32.o)
                                          0x8 (size before relaxing)
 .ARM.exidx.text.utee_cipher_init
                0x0000000000010650        0x0 /home/test/devel/optee/optee_os/out/arm/export-ta_arm32/lib/libutee.a(utee_syscalls_a32.o)
                                          0x8 (size before relaxing)
 .ARM.exidx.text.utee_cipher_update
                0x0000000000010650        0x0 /home/test/devel/optee/optee_os/out/arm/export-ta_arm32/lib/libutee.a(utee_syscalls_a32.o)
                                          0x8 (size before relaxing)
 .ARM.exidx.text.utee_cipher_final
                0x0000000000010650        0x0 /home/test/devel/optee/optee_os/out/arm/export-ta_arm32/lib/libutee.a(utee_syscalls_a32.o)
                                          0x8 (size before relaxing)
 .ARM.exidx.text.utee_cryp_obj_get_info
                0x0000000000010650        0x0 /home/test/devel/optee/optee_os/out/arm/export-ta_arm32/lib/libutee.a(utee_syscalls_a32.o)
                                          0x8 (size before relaxing)
 .ARM.exidx.text.utee_cryp_obj_restrict_usage
                0x0000000000010650        0x0 /home/test/devel/optee/optee_os/out/arm/export-ta_arm32/lib/libutee.a(utee_syscalls_a32.o)
                                          0x8 (size before relaxing)
 .ARM.exidx.text.utee_cryp_obj_get_attr
                0x0000000000010650        0x0 /home/test/devel/optee/optee_os/out/arm/export-ta_arm32/lib/libutee.a(utee_syscalls_a32.o)
                                          0x8 (size before relaxing)
 .ARM.exidx.text.utee_cryp_obj_alloc
                0x0000000000010650        0x0 /home/test/devel/optee/optee_os/out/arm/export-ta_arm32/lib/libutee.a(utee_syscalls_a32.o)
                                          0x8 (size before relaxing)
 .ARM.exidx.text.utee_cryp_obj_close
                0x0000000000010650        0x0 /home/test/devel/optee/optee_os/out/arm/export-ta_arm32/lib/libutee.a(utee_syscalls_a32.o)
                                          0x8 (size before relaxing)
 .ARM.exidx.text.utee_cryp_obj_reset
                0x0000000000010650        0x0 /home/test/devel/optee/optee_os/out/arm/export-ta_arm32/lib/libutee.a(utee_syscalls_a32.o)
                                          0x8 (size before relaxing)
 .ARM.exidx.text.utee_cryp_obj_populate
                0x0000000000010650        0x0 /home/test/devel/optee/optee_os/out/arm/export-ta_arm32/lib/libutee.a(utee_syscalls_a32.o)
                                          0x8 (size before relaxing)
 .ARM.exidx.text.utee_cryp_obj_copy
                0x0000000000010650        0x0 /home/test/devel/optee/optee_os/out/arm/export-ta_arm32/lib/libutee.a(utee_syscalls_a32.o)
                                          0x8 (size before relaxing)
 .ARM.exidx.text.utee_cryp_derive_key
                0x0000000000010650        0x0 /home/test/devel/optee/optee_os/out/arm/export-ta_arm32/lib/libutee.a(utee_syscalls_a32.o)
                                          0x8 (size before relaxing)
 .ARM.exidx.text.utee_cryp_random_number_generate
                0x0000000000010650        0x0 /home/test/devel/optee/optee_os/out/arm/export-ta_arm32/lib/libutee.a(utee_syscalls_a32.o)
                                          0x8 (size before relaxing)
 .ARM.exidx.text.utee_authenc_init
                0x0000000000010650        0x0 /home/test/devel/optee/optee_os/out/arm/export-ta_arm32/lib/libutee.a(utee_syscalls_a32.o)
                                          0x8 (size before relaxing)
 .ARM.exidx.text.utee_authenc_update_aad
                0x0000000000010650        0x0 /home/test/devel/optee/optee_os/out/arm/export-ta_arm32/lib/libutee.a(utee_syscalls_a32.o)
                                          0x8 (size before relaxing)
 .ARM.exidx.text.utee_authenc_update_payload
                0x0000000000010650        0x0 /home/test/devel/optee/optee_os/out/arm/export-ta_arm32/lib/libutee.a(utee_syscalls_a32.o)
                                          0x8 (size before relaxing)
 .ARM.exidx.text.utee_authenc_enc_final
                0x0000000000010650        0x0 /home/test/devel/optee/optee_os/out/arm/export-ta_arm32/lib/libutee.a(utee_syscalls_a32.o)
                                          0x8 (size before relaxing)
 .ARM.exidx.text.utee_authenc_dec_final
                0x0000000000010650        0x0 /home/test/devel/optee/optee_os/out/arm/export-ta_arm32/lib/libutee.a(utee_syscalls_a32.o)
                                          0x8 (size before relaxing)
 .ARM.exidx.text.utee_asymm_operate
                0x0000000000010650        0x0 /home/test/devel/optee/optee_os/out/arm/export-ta_arm32/lib/libutee.a(utee_syscalls_a32.o)
                                          0x8 (size before relaxing)
 .ARM.exidx.text.utee_asymm_verify
                0x0000000000010650        0x0 /home/test/devel/optee/optee_os/out/arm/export-ta_arm32/lib/libutee.a(utee_syscalls_a32.o)
                                          0x8 (size before relaxing)
 .ARM.exidx.text.utee_storage_obj_open
                0x0000000000010650        0x0 /home/test/devel/optee/optee_os/out/arm/export-ta_arm32/lib/libutee.a(utee_syscalls_a32.o)
                                          0x8 (size before relaxing)
 .ARM.exidx.text.utee_storage_obj_create
                0x0000000000010650        0x0 /home/test/devel/optee/optee_os/out/arm/export-ta_arm32/lib/libutee.a(utee_syscalls_a32.o)
                                          0x8 (size before relaxing)
 .ARM.exidx.text.utee_storage_obj_del
                0x0000000000010650        0x0 /home/test/devel/optee/optee_os/out/arm/export-ta_arm32/lib/libutee.a(utee_syscalls_a32.o)
                                          0x8 (size before relaxing)
 .ARM.exidx.text.utee_storage_obj_rename
                0x0000000000010650        0x0 /home/test/devel/optee/optee_os/out/arm/export-ta_arm32/lib/libutee.a(utee_syscalls_a32.o)
                                          0x8 (size before relaxing)
 .ARM.exidx.text.utee_storage_alloc_enum
                0x0000000000010650        0x0 /home/test/devel/optee/optee_os/out/arm/export-ta_arm32/lib/libutee.a(utee_syscalls_a32.o)
                                          0x8 (size before relaxing)
 .ARM.exidx.text.utee_storage_free_enum
                0x0000000000010650        0x0 /home/test/devel/optee/optee_os/out/arm/export-ta_arm32/lib/libutee.a(utee_syscalls_a32.o)
                                          0x8 (size before relaxing)
 .ARM.exidx.text.utee_storage_reset_enum
                0x0000000000010650        0x0 /home/test/devel/optee/optee_os/out/arm/export-ta_arm32/lib/libutee.a(utee_syscalls_a32.o)
                                          0x8 (size before relaxing)
 .ARM.exidx.text.utee_storage_start_enum
                0x0000000000010650        0x0 /home/test/devel/optee/optee_os/out/arm/export-ta_arm32/lib/libutee.a(utee_syscalls_a32.o)
                                          0x8 (size before relaxing)
 .ARM.exidx.text.utee_storage_next_enum
                0x0000000000010650        0x0 /home/test/devel/optee/optee_os/out/arm/export-ta_arm32/lib/libutee.a(utee_syscalls_a32.o)
                                          0x8 (size before relaxing)
 .ARM.exidx.text.utee_storage_obj_read
                0x0000000000010650        0x0 /home/test/devel/optee/optee_os/out/arm/export-ta_arm32/lib/libutee.a(utee_syscalls_a32.o)
                                          0x8 (size before relaxing)
 .ARM.exidx.text.utee_storage_obj_write
                0x0000000000010650        0x0 /home/test/devel/optee/optee_os/out/arm/export-ta_arm32/lib/libutee.a(utee_syscalls_a32.o)
                                          0x8 (size before relaxing)
 .ARM.exidx.text.utee_storage_obj_trunc
                0x0000000000010650        0x0 /home/test/devel/optee/optee_os/out/arm/export-ta_arm32/lib/libutee.a(utee_syscalls_a32.o)
                                          0x8 (size before relaxing)
 .ARM.exidx.text.utee_storage_obj_seek
                0x0000000000010650        0x0 /home/test/devel/optee/optee_os/out/arm/export-ta_arm32/lib/libutee.a(utee_syscalls_a32.o)
                                          0x8 (size before relaxing)
 .ARM.exidx.text.utee_cryp_obj_generate_key
                0x0000000000010650        0x0 /home/test/devel/optee/optee_os/out/arm/export-ta_arm32/lib/libutee.a(utee_syscalls_a32.o)
                                          0x8 (size before relaxing)
 .ARM.exidx.text.utee_se_service_open
                0x0000000000010650        0x0 /home/test/devel/optee/optee_os/out/arm/export-ta_arm32/lib/libutee.a(utee_syscalls_a32.o)
                                          0x8 (size before relaxing)
 .ARM.exidx.text.utee_se_service_close
                0x0000000000010650        0x0 /home/test/devel/optee/optee_os/out/arm/export-ta_arm32/lib/libutee.a(utee_syscalls_a32.o)
                                          0x8 (size before relaxing)
 .ARM.exidx.text.utee_se_service_get_readers
                0x0000000000010650        0x0 /home/test/devel/optee/optee_os/out/arm/export-ta_arm32/lib/libutee.a(utee_syscalls_a32.o)
                                          0x8 (size before relaxing)
 .ARM.exidx.text.utee_se_reader_get_prop
                0x0000000000010650        0x0 /home/test/devel/optee/optee_os/out/arm/export-ta_arm32/lib/libutee.a(utee_syscalls_a32.o)
                                          0x8 (size before relaxing)
 .ARM.exidx.text.utee_se_reader_get_name
                0x0000000000010650        0x0 /home/test/devel/optee/optee_os/out/arm/export-ta_arm32/lib/libutee.a(utee_syscalls_a32.o)
                                          0x8 (size before relaxing)
 .ARM.exidx.text.utee_se_reader_open_session
                0x0000000000010650        0x0 /home/test/devel/optee/optee_os/out/arm/export-ta_arm32/lib/libutee.a(utee_syscalls_a32.o)
                                          0x8 (size before relaxing)
 .ARM.exidx.text.utee_se_reader_close_sessions
                0x0000000000010650        0x0 /home/test/devel/optee/optee_os/out/arm/export-ta_arm32/lib/libutee.a(utee_syscalls_a32.o)
                                          0x8 (size before relaxing)
 .ARM.exidx.text.utee_se_session_is_closed
                0x0000000000010650        0x0 /home/test/devel/optee/optee_os/out/arm/export-ta_arm32/lib/libutee.a(utee_syscalls_a32.o)
                                          0x8 (size before relaxing)
 .ARM.exidx.text.utee_se_session_get_atr
                0x0000000000010650        0x0 /home/test/devel/optee/optee_os/out/arm/export-ta_arm32/lib/libutee.a(utee_syscalls_a32.o)
                                          0x8 (size before relaxing)
 .ARM.exidx.text.utee_se_session_open_channel
                0x0000000000010650        0x0 /home/test/devel/optee/optee_os/out/arm/export-ta_arm32/lib/libutee.a(utee_syscalls_a32.o)
                                          0x8 (size before relaxing)
 .ARM.exidx.text.utee_se_session_close
                0x0000000000010650        0x0 /home/test/devel/optee/optee_os/out/arm/export-ta_arm32/lib/libutee.a(utee_syscalls_a32.o)
                                          0x8 (size before relaxing)
 .ARM.exidx.text.utee_se_channel_select_next
                0x0000000000010650        0x0 /home/test/devel/optee/optee_os/out/arm/export-ta_arm32/lib/libutee.a(utee_syscalls_a32.o)
                                          0x8 (size before relaxing)
 .ARM.exidx.text.utee_se_channel_get_select_resp
                0x0000000000010650        0x0 /home/test/devel/optee/optee_os/out/arm/export-ta_arm32/lib/libutee.a(utee_syscalls_a32.o)
                                          0x8 (size before relaxing)
 .ARM.exidx.text.utee_se_channel_transmit
                0x0000000000010650        0x0 /home/test/devel/optee/optee_os/out/arm/export-ta_arm32/lib/libutee.a(utee_syscalls_a32.o)
                                          0x8 (size before relaxing)
 .ARM.exidx.text.utee_se_channel_close
                0x0000000000010650        0x0 /home/test/devel/optee/optee_os/out/arm/export-ta_arm32/lib/libutee.a(utee_syscalls_a32.o)
                                          0x8 (size before relaxing)
 .ARM.exidx.text.utee_cache_operation
                0x0000000000010650        0x8 /home/test/devel/optee/optee_os/out/arm/export-ta_arm32/lib/libutee.a(utee_syscalls_a32.o)
 .ARM.exidx     0x0000000000010658      0x110 /home/test/devel/optee/optee_os/out/arm/export-ta_arm32/lib/libutee.a(tee_api_arith.o)
 .ARM.exidx     0x0000000000010768       0xc8 /home/test/devel/optee/optee_os/out/arm/export-ta_arm32/lib/libutee.a(tee_api.o)
 .ARM.exidx     0x0000000000010bd0       0xf8 /home/test/devel/optee/optee_os/out/arm/export-ta_arm32/lib/libutee.a(tee_api_objects.o)
 .ARM.exidx     0x0000000000010cc8       0x30 /home/test/devel/optee/optee_os/out/arm/export-ta_arm32/lib/libutee.a(utee_misc.o)
 .ARM.exidx     0x0000000000010830       0x88 /home/test/devel/optee/optee_os/out/arm/export-ta_arm32/lib/libutee.a(tee_user_mem.o)
 .ARM.exidx     0x00000000000108b8       0x28 /home/test/devel/optee/optee_os/out/arm/export-ta_arm32/lib/libutee.a(trace_ext.o)
 .ARM.exidx     0x00000000000108e0       0x10 /home/test/devel/optee/optee_os/out/arm/export-ta_arm32/lib/libutee.a(assert.o)
 .ARM.exidx     0x00000000000108f0      0x128 /home/test/devel/optee/optee_os/out/arm/export-ta_arm32/lib/libutils.a(bget_malloc.o)
 .ARM.exidx     0x0000000000010cf8       0x10 /home/test/devel/optee/optee_os/out/arm/export-ta_arm32/lib/libutils.a(snprintf.o)
 .ARM.exidx     0x0000000000010d08        0x8 /home/test/devel/optee/optee_os/out/arm/export-ta_arm32/lib/libutils.a(memcmp.o)
 .ARM.exidx     0x0000000000010d10        0x8 /home/test/devel/optee/optee_os/out/arm/export-ta_arm32/lib/libutils.a(memcpy.o)
 .ARM.exidx     0x0000000000010d18        0x8 /home/test/devel/optee/optee_os/out/arm/export-ta_arm32/lib/libutils.a(memmove.o)
 .ARM.exidx     0x0000000000010d20        0x8 /home/test/devel/optee/optee_os/out/arm/export-ta_arm32/lib/libutils.a(memset.o)
 .ARM.exidx     0x0000000000010d28        0x8 /home/test/devel/optee/optee_os/out/arm/export-ta_arm32/lib/libutils.a(strlen.o)
 .ARM.exidx     0x0000000000010a18       0x28 /home/test/devel/optee/optee_os/out/arm/export-ta_arm32/lib/libutils.a(snprintk.o)
 .ARM.exidx     0x0000000000010d30        0x8 /home/test/devel/optee/optee_os/out/arm/export-ta_arm32/lib/libutils.a(buf_compare_ct.o)
 .ARM.exidx     0x0000000000010a40       0x30 /home/test/devel/optee/optee_os/out/arm/export-ta_arm32/lib/libutils.a(trace.o)
 .ARM.exidx     0x0000000000010d38        0x8 /home/test/devel/optee/optee_os/out/arm/export-ta_arm32/lib/libutils.a(aeabi_unwind.o)
                                         0x18 (size before relaxing)
 .ARM.exidx     0x0000000000010d40        0x8 /home/test/devel/optee/optee_os/out/arm/export-ta_arm32/lib/libutils.a(memchr.o)
 .ARM.exidx.text.__aeabi_ldivmod
                0x0000000000010a70        0x8 /home/test/devel/optee/optee_os/out/arm/export-ta_arm32/lib/libutils.a(arm32_aeabi_ldivmod_a32.o)
 .ARM.exidx.text.__aeabi_uldivmod
                0x0000000000010a78        0x8 /home/test/devel/optee/optee_os/out/arm/export-ta_arm32/lib/libutils.a(arm32_aeabi_ldivmod_a32.o)
 .ARM.exidx     0x0000000000010d48       0x20 /home/test/devel/optee/optee_os/out/arm/export-ta_arm32/lib/libutils.a(arm32_aeabi_ldivmod.o)
 .ARM.exidx     0x0000000000010a80       0x48 /home/test/devel/optee/optee_os/out/arm/export-ta_arm32/lib/libmpa.a(mpa_misc.o)
 .ARM.exidx     0x0000000000010ac8       0x28 /home/test/devel/optee/optee_os/out/arm/export-ta_arm32/lib/libmpa.a(mpa_montgomery.o)
 .ARM.exidx     0x0000000000010af0       0x28 /home/test/devel/optee/optee_os/out/arm/export-ta_arm32/lib/libmpa.a(mpa_primetest.o)
 .ARM.exidx     0x0000000000010d68       0x20 /home/test/devel/optee/optee_os/out/arm/export-ta_arm32/lib/libmpa.a(mpa_conv.o)
 .ARM.exidx     0x0000000000010d88       0x30 /home/test/devel/optee/optee_os/out/arm/export-ta_arm32/lib/libmpa.a(mpa_div.o)
 .ARM.exidx     0x0000000000010db8       0x28 /home/test/devel/optee/optee_os/out/arm/export-ta_arm32/lib/libmpa.a(mpa_gcd.o)
 .ARM.exidx     0x0000000000010de0       0x28 /home/test/devel/optee/optee_os/out/arm/export-ta_arm32/lib/libmpa.a(mpa_mem_static.o)
 .ARM.exidx     0x0000000000010e08       0x28 /home/test/devel/optee/optee_os/out/arm/export-ta_arm32/lib/libmpa.a(mpa_mul.o)
                                         0x30 (size before relaxing)
 .ARM.exidx     0x0000000000010b18       0x20 /home/test/devel/optee/optee_os/out/arm/export-ta_arm32/lib/libmpa.a(mpa_random.o)
 .ARM.exidx     0x0000000000010e30       0x20 /home/test/devel/optee/optee_os/out/arm/export-ta_arm32/lib/libmpa.a(mpa_shift.o)
 .ARM.exidx     0x0000000000010e50       0x48 /home/test/devel/optee/optee_os/out/arm/export-ta_arm32/lib/libmpa.a(mpa_addsub.o)
                                         0x58 (size before relaxing)
 .ARM.exidx     0x0000000000010e98       0x28 /home/test/devel/optee/optee_os/out/arm/export-ta_arm32/lib/libmpa.a(mpa_cmp.o)
 .ARM.exidx     0x0000000000010b38        0x8 /home/test/devel/optee/optee_os/out/arm/export-ta_arm32/lib/libmpa.a(mpa_expmod.o)
 .ARM.exidx     0x0000000000010ec0       0x10 /home/test/devel/optee/optee_os/out/arm/export-ta_arm32/lib/libmpa.a(mpa_init.o)
 .ARM.exidx     0x0000000000010b40       0x80 /home/test/devel/optee/optee_os/out/arm/export-ta_arm32/lib/libmpa.a(mpa_io.o)
 .ARM.exidx     0x0000000000010ed0       0x30 /home/test/devel/optee/optee_os/out/arm/export-ta_arm32/lib/libmpa.a(mpa_modulus.o)
                                         0x28 (size before relaxing)

.ctors
 *(SORT(.ctors))

.dtors
 *(SORT(.dtors))

.plt            0x0000000000010f00        0x0
 *(SORT(.plt))
 .plt           0x0000000000010f00        0x0 ./random_example_ta.o

.got            0x0000000000010f00       0x34
 *(SORT(.got.plt))
 .got.plt       0x0000000000010f00        0xc ./random_example_ta.o
                0x0000000000010f00                _GLOBAL_OFFSET_TABLE_
 *(SORT(.got))
 .got           0x0000000000010f0c       0x28 ./random_example_ta.o

.rel.text       0x0000000000010f34        0x0
 *(SORT(.rel.text))
 .rel.text      0x0000000000010f34        0x0 ./random_example_ta.o
 *(SORT(.rel.gnu.linkonce.t*))

.rela.text
 *(SORT(.rela.text))
 *(SORT(.rela.gnu.linkonce.t*))

.rel.data
 *(SORT(.rel.data))
 *(SORT(.rel.gnu.linkonce.d*))

.rela.data
 *(SORT(.rela.data))
 *(SORT(.rela.gnu.linkonce.d*))

.rel.rodata
 *(SORT(.rel.rodata))
 *(SORT(.rel.gnu.linkonce.r*))

.rela.rodata
 *(SORT(.rela.rodata))
 *(SORT(.rela.gnu.linkonce.r*))

.rel.dyn        0x0000000000010f34       0xc8
 *(SORT(.rel.dyn))
 .rel.iplt      0x0000000000010f34        0x0 ./random_example_ta.o
 .rel.ta_head   0x0000000000010f34        0x8 ./random_example_ta.o
 .rel.data.rel.ro.local
                0x0000000000010f3c       0x90 ./random_example_ta.o
 .rel.data.rel  0x0000000000010fcc        0x8 ./random_example_ta.o
 .rel.data.rel.local
                0x0000000000010fd4       0x28 ./random_example_ta.o

.rel.got        0x0000000000010ffc       0x50
 *(SORT(.rel.got))
 .rel.got       0x0000000000010ffc       0x50 ./random_example_ta.o

.rela.got
 *(SORT(.rela.got))

.rel.ctors
 *(SORT(.rel.ctors))

.rela.ctors
 *(SORT(.rela.ctors))

.rel.dtors
 *(SORT(.rel.dtors))

.rela.dtors
 *(SORT(.rela.dtors))

.rel.init
 *(SORT(.rel.init))

.rela.init
 *(SORT(.rela.init))
