Archive member included to satisfy reference by file (symbol)

/home/test/devel/optee/optee_os/out/arm/export-ta_arm32/lib/libutee.a(tee_api_operations.o)
                              ./my_test_handle.o (TEE_AllocateOperation)
/home/test/devel/optee/optee_os/out/arm/export-ta_arm32/lib/libutee.a(tee_api_panic.o)
                              /home/test/devel/optee/optee_os/out/arm/export-ta_arm32/lib/libutee.a(tee_api_operations.o) (TEE_Panic)
/home/test/devel/optee/optee_os/out/arm/export-ta_arm32/lib/libutee.a(user_ta_entry.o)
                              ./user_ta_header.o (__utee_entry)
/home/test/devel/optee/optee_os/out/arm/export-ta_arm32/lib/libutee.a(utee_syscalls_a32.o)
                              /home/test/devel/optee/optee_os/out/arm/export-ta_arm32/lib/libutee.a(tee_api_panic.o) (utee_panic)
/home/test/devel/optee/optee_os/out/arm/export-ta_arm32/lib/libutee.a(gprof_a32.o)
                              /home/test/devel/optee/optee_os/out/arm/export-ta_arm32/lib/libutee.a(user_ta_entry.o) (__utee_mcount)
/home/test/devel/optee/optee_os/out/arm/export-ta_arm32/lib/libutee.a(tee_api_arith.o)
                              /home/test/devel/optee/optee_os/out/arm/export-ta_arm32/lib/libutee.a(user_ta_entry.o) (_TEE_MathAPI_Init)
/home/test/devel/optee/optee_os/out/arm/export-ta_arm32/lib/libutee.a(tee_api.o)
                              /home/test/devel/optee/optee_os/out/arm/export-ta_arm32/lib/libutee.a(user_ta_entry.o) (__utee_from_param)
/home/test/devel/optee/optee_os/out/arm/export-ta_arm32/lib/libutee.a(tee_api_objects.o)
                              /home/test/devel/optee/optee_os/out/arm/export-ta_arm32/lib/libutee.a(tee_api_operations.o) (__utee_from_attr)
/home/test/devel/optee/optee_os/out/arm/export-ta_arm32/lib/libutee.a(utee_misc.o)
                              /home/test/devel/optee/optee_os/out/arm/export-ta_arm32/lib/libutee.a(tee_api_arith.o) (get_rng_array)
/home/test/devel/optee/optee_os/out/arm/export-ta_arm32/lib/libutee.a(tee_user_mem.o)
                              /home/test/devel/optee/optee_os/out/arm/export-ta_arm32/lib/libutee.a(tee_api.o) (tee_user_mem_alloc)
/home/test/devel/optee/optee_os/out/arm/export-ta_arm32/lib/libutee.a(trace_ext.o)
                              /home/test/devel/optee/optee_os/out/arm/export-ta_arm32/lib/libutee.a(tee_api_arith.o) (printf)
/home/test/devel/optee/optee_os/out/arm/export-ta_arm32/lib/libutee.a(assert.o)
                              /home/test/devel/optee/optee_os/out/arm/export-ta_arm32/lib/libutee.a(tee_user_mem.o) (_assert_log)
/home/test/devel/optee/optee_os/out/arm/export-ta_arm32/lib/libutils.a(bget_malloc.o)
                              /home/test/devel/optee/optee_os/out/arm/export-ta_arm32/lib/libutee.a(utee_misc.o) (malloc)
/home/test/devel/optee/optee_os/out/arm/export-ta_arm32/lib/libutils.a(snprintf.o)
                              /home/test/devel/optee/optee_os/out/arm/export-ta_arm32/lib/libutee.a(trace_ext.o) (vsnprintf)
/home/test/devel/optee/optee_os/out/arm/export-ta_arm32/lib/libutils.a(memcmp.o)
                              /home/test/devel/optee/optee_os/out/arm/export-ta_arm32/lib/libutee.a(tee_api.o) (memcmp)
/home/test/devel/optee/optee_os/out/arm/export-ta_arm32/lib/libutils.a(memcpy.o)
                              /home/test/devel/optee/optee_os/out/arm/export-ta_arm32/lib/libutee.a(tee_api_operations.o) (memcpy)
/home/test/devel/optee/optee_os/out/arm/export-ta_arm32/lib/libutils.a(memmove.o)
                              /home/test/devel/optee/optee_os/out/arm/export-ta_arm32/lib/libutee.a(tee_api.o) (memmove)
/home/test/devel/optee/optee_os/out/arm/export-ta_arm32/lib/libutils.a(memset.o)
                              /home/test/devel/optee/optee_os/out/arm/export-ta_arm32/lib/libutee.a(user_ta_entry.o) (memset)
/home/test/devel/optee/optee_os/out/arm/export-ta_arm32/lib/libutils.a(strlen.o)
                              /home/test/devel/optee/optee_os/out/arm/export-ta_arm32/lib/libutee.a(trace_ext.o) (strlen)
/home/test/devel/optee/optee_os/out/arm/export-ta_arm32/lib/libutils.a(snprintk.o)
                              /home/test/devel/optee/optee_os/out/arm/export-ta_arm32/lib/libutils.a(snprintf.o) (__vsnprintf)
/home/test/devel/optee/optee_os/out/arm/export-ta_arm32/lib/libutils.a(buf_compare_ct.o)
                              /home/test/devel/optee/optee_os/out/arm/export-ta_arm32/lib/libutee.a(tee_api_operations.o) (buf_compare_ct)
/home/test/devel/optee/optee_os/out/arm/export-ta_arm32/lib/libutils.a(trace.o)
                              /home/test/devel/optee/optee_os/out/arm/export-ta_arm32/lib/libutee.a(user_ta_entry.o) (trace_set_level)
/home/test/devel/optee/optee_os/out/arm/export-ta_arm32/lib/libutils.a(aeabi_unwind.o)
                              ./my_test.o (__aeabi_unwind_cpp_pr0)
/home/test/devel/optee/optee_os/out/arm/export-ta_arm32/lib/libutils.a(memchr.o)
[...]
Memory Configuration

Name             Origin             Length             Attributes
*default*        0x0000000000000000 0xffffffffffffffff

Linker script and memory map


.ta_head        0x0000000000000000       0x20
 *(SORT(.ta_head))
 .ta_head       0x0000000000000000       0x20 ./user_ta_header.o
                0x0000000000000000                ta_head

.text           0x0000000000000020     0xe518
                0x0000000000000020                __text_start = .
 *(SORT(.text) SORT(.text.*))
 .text          0x0000000000000020      0x224 ./my_test.o
                0x0000000000000020                TA_CreateEntryPoint
                0x0000000000000054                TA_DestroyEntryPoint
                0x0000000000000084                TA_OpenSessionEntryPoint
                0x00000000000000dc                TA_CloseSessionEntryPoint
                0x00000000000001c4                TA_InvokeCommandEntryPoint
 .text          0x0000000000000244      0x3e0 ./my_test_handle.o
                0x0000000000000244                g_TA_printf
                0x0000000000000528                g_CryptoTaHandle_Sha
                0x00000000000005c0                g_CryptoTaHandle_Random
 .text          0x0000000000000624     0x2b1c /home/test/devel/optee/optee_os/out/arm/export-ta_arm32/lib/libutee.a(tee_api_operations.o)
                0x0000000000000624                TEE_AllocateOperation
                0x0000000000000f64                TEE_FreeOperation
                0x0000000000000fae                TEE_GetOperationInfo
                0x0000000000001004                TEE_GetOperationInfoMultiple
                0x00000000000011a4                TEE_ResetOperation
                0x0000000000001224                TEE_SetOperationKey
                0x0000000000001368                TEE_SetOperationKey2
                0x0000000000001598                TEE_CopyOperation
                0x0000000000001708                TEE_DigestUpdate
                0x0000000000001764                TEE_DigestDoFinal
                0x0000000000001824                TEE_CipherInit
                0x0000000000001bcc                TEE_CipherUpdate
                0x0000000000001d88                TEE_CipherDoFinal
                0x0000000000001fd8                TEE_MACInit
                0x000000000000204a                TEE_MACUpdate
                0x00000000000020cc                TEE_MACComputeFinal
                0x00000000000021c2                TEE_MACCompareFinal
                0x000000000000229c                TEE_AEInit
                0x0000000000002382                TEE_AEUpdateAAD
                0x00000000000023fc                TEE_AEUpdate
                0x0000000000002580                TEE_AEEncryptFinal
                0x000000000000277c                TEE_AEDecryptFinal
                0x0000000000002960                TEE_AsymmetricEncrypt
                0x0000000000002af6                TEE_AsymmetricDecrypt
                0x0000000000002c8c                TEE_AsymmetricSignDigest
                0x0000000000002e0c                TEE_AsymmetricVerifyDigest
                0x0000000000002f74                TEE_DeriveKey
                0x0000000000003114                TEE_GenerateRandom
 .text          0x0000000000003140      0x430 /home/test/devel/optee/optee_os/out/arm/export-ta_arm32/lib/libutee.a(user_ta_entry.o)
                0x000000000000350a                __utee_entry
 .text          0x0000000000003570        0x0 /home/test/devel/optee/optee_os/out/arm/export-ta_arm32/lib/libutee.a(utee_syscalls_a32.o)
 .text.utee_panic
                0x0000000000003570       0x14 /home/test/devel/optee/optee_os/out/arm/export-ta_arm32/lib/libutee.a(utee_syscalls_a32.o)
                0x0000000000003570                utee_panic
 .text.utee_return
                0x0000000000003584       0x14 /home/test/devel/optee/optee_os/out/arm/export-ta_arm32/lib/libutee.a(utee_syscalls_a32.o)
                0x0000000000003584                utee_return
 .text.utee_log
                0x0000000000003598       0x14 /home/test/devel/optee/optee_os/out/arm/export-ta_arm32/lib/libutee.a(utee_syscalls_a32.o)
                0x0000000000003598                utee_log
 .text.__utee_panic
                0x00000000000035ac       0x14 /home/test/devel/optee/optee_os/out/arm/export-ta_arm32/lib/libutee.a(utee_syscalls_a32.o)
                0x00000000000035ac                __utee_panic
 .text.utee_get_property
                0x00000000000035c0       0x18 /home/test/devel/optee/optee_os/out/arm/export-ta_arm32/lib/libutee.a(utee_syscalls_a32.o)
                0x00000000000035c0                utee_get_property
 .text.utee_get_property_name_to_index
                0x00000000000035d8       0x14 /home/test/devel/optee/optee_os/out/arm/export-ta_arm32/lib/libutee.a(utee_syscalls_a32.o)
                0x00000000000035d8                utee_get_property_name_to_index
 .text.utee_open_ta_session
                0x00000000000035ec       0x18 /home/test/devel/optee/optee_os/out/arm/export-ta_arm32/lib/libutee.a(utee_syscalls_a32.o)
                0x00000000000035ec                utee_open_ta_session
 .text.utee_close_ta_session
                0x0000000000003604       0x14 /home/test/devel/optee/optee_os/out/arm/export-ta_arm32/lib/libutee.a(utee_syscalls_a32.o)
                0x0000000000003604                utee_close_ta_session
 .text.utee_invoke_ta_command
                0x0000000000003618       0x18 /home/test/devel/optee/optee_os/out/arm/export-ta_arm32/lib/libutee.a(utee_syscalls_a32.o)
                0x0000000000003618                utee_invoke_ta_command
 .text.utee_get_cancellation_flag
                0x0000000000003630       0x14 /home/test/devel/optee/optee_os/out/arm/export-ta_arm32/lib/libutee.a(utee_syscalls_a32.o)
                0x0000000000003630                utee_get_cancellation_flag
 .text.utee_check_access_rights
                0x0000000000003644       0x14 /home/test/devel/optee/optee_os/out/arm/export-ta_arm32/lib/libutee.a(utee_syscalls_a32.o)
                0x0000000000003644                utee_check_access_rights
 .text.utee_unmask_cancellation
                0x0000000000003658       0x14 /home/test/devel/optee/optee_os/out/arm/export-ta_arm32/lib/libutee.a(utee_syscalls_a32.o)
                0x0000000000003658                utee_unmask_cancellation
 .text.utee_mask_cancellation
                0x000000000000366c       0x14 /home/test/devel/optee/optee_os/out/arm/export-ta_arm32/lib/libutee.a(utee_syscalls_a32.o)
                0x000000000000366c                utee_mask_cancellation
 .text.utee_wait
                0x0000000000003680       0x14 /home/test/devel/optee/optee_os/out/arm/export-ta_arm32/lib/libutee.a(utee_syscalls_a32.o)
                0x0000000000003680                utee_wait
 .text.utee_get_time
                0x0000000000003694       0x14 /home/test/devel/optee/optee_os/out/arm/export-ta_arm32/lib/libutee.a(utee_syscalls_a32.o)
                0x0000000000003694                utee_get_time
 .text.utee_set_ta_time
                0x00000000000036a8       0x14 /home/test/devel/optee/optee_os/out/arm/export-ta_arm32/lib/libutee.a(utee_syscalls_a32.o)
                0x00000000000036a8                utee_set_ta_time
 .text.utee_cryp_state_alloc
                0x00000000000036bc       0x18 /home/test/devel/optee/optee_os/out/arm/export-ta_arm32/lib/libutee.a(utee_syscalls_a32.o)
                0x00000000000036bc                utee_cryp_state_alloc
 .text.utee_cryp_state_copy
                0x00000000000036d4       0x14 /home/test/devel/optee/optee_os/out/arm/export-ta_arm32/lib/libutee.a(utee_syscalls_a32.o)
                0x00000000000036d4                utee_cryp_state_copy
 .text.utee_cryp_state_free
                0x00000000000036e8       0x14 /home/test/devel/optee/optee_os/out/arm/export-ta_arm32/lib/libutee.a(utee_syscalls_a32.o)
                0x00000000000036e8                utee_cryp_state_free
 .text.utee_hash_init
                0x00000000000036fc       0x14 /home/test/devel/optee/optee_os/out/arm/export-ta_arm32/lib/libutee.a(utee_syscalls_a32.o)
                0x00000000000036fc                utee_hash_init
 .text.utee_hash_update
                0x0000000000003710       0x14 /home/test/devel/optee/optee_os/out/arm/export-ta_arm32/lib/libutee.a(utee_syscalls_a32.o)
                0x0000000000003710                utee_hash_update
 .text.utee_hash_final
                0x0000000000003724       0x18 /home/test/devel/optee/optee_os/out/arm/export-ta_arm32/lib/libutee.a(utee_syscalls_a32.o)
                0x0000000000003724                utee_hash_final
 .text.utee_cipher_init
                0x000000000000373c       0x14 /home/test/devel/optee/optee_os/out/arm/export-ta_arm32/lib/libutee.a(utee_syscalls_a32.o)
                0x000000000000373c                utee_cipher_init
 .text.utee_cipher_update
                0x0000000000003750       0x18 /home/test/devel/optee/optee_os/out/arm/export-ta_arm32/lib/libutee.a(utee_syscalls_a32.o)
                0x0000000000003750                utee_cipher_update
 .text.utee_cipher_final
                0x0000000000003768       0x18 /home/test/devel/optee/optee_os/out/arm/export-ta_arm32/lib/libutee.a(utee_syscalls_a32.o)
                0x0000000000003768                utee_cipher_final
 .text.utee_cryp_obj_get_info
                0x0000000000003780       0x14 /home/test/devel/optee/optee_os/out/arm/export-ta_arm32/lib/libutee.a(utee_syscalls_a32.o)
                0x0000000000003780                utee_cryp_obj_get_info
 .text.utee_cryp_obj_restrict_usage
                0x0000000000003794       0x14 /home/test/devel/optee/optee_os/out/arm/export-ta_arm32/lib/libutee.a(utee_syscalls_a32.o)
                0x0000000000003794                utee_cryp_obj_restrict_usage
 .text.utee_cryp_obj_get_attr
                0x00000000000037a8       0x14 /home/test/devel/optee/optee_os/out/arm/export-ta_arm32/lib/libutee.a(utee_syscalls_a32.o)
                0x00000000000037a8                utee_cryp_obj_get_attr
 .text.utee_cryp_obj_alloc
                0x00000000000037bc       0x14 /home/test/devel/optee/optee_os/out/arm/export-ta_arm32/lib/libutee.a(utee_syscalls_a32.o)
                0x00000000000037bc                utee_cryp_obj_alloc
 .text.utee_cryp_obj_close
                0x00000000000037d0       0x14 /home/test/devel/optee/optee_os/out/arm/export-ta_arm32/lib/libutee.a(utee_syscalls_a32.o)
                0x00000000000037d0                utee_cryp_obj_close
 .text.utee_cryp_obj_reset
                0x00000000000037e4       0x14 /home/test/devel/optee/optee_os/out/arm/export-ta_arm32/lib/libutee.a(utee_syscalls_a32.o)
                0x00000000000037e4                utee_cryp_obj_reset
 .text.utee_cryp_obj_populate
                0x00000000000037f8       0x14 /home/test/devel/optee/optee_os/out/arm/export-ta_arm32/lib/libutee.a(utee_syscalls_a32.o)
                0x00000000000037f8                utee_cryp_obj_populate
 .text.utee_cryp_obj_copy
                0x000000000000380c       0x14 /home/test/devel/optee/optee_os/out/arm/export-ta_arm32/lib/libutee.a(utee_syscalls_a32.o)
                0x000000000000380c                utee_cryp_obj_copy
 .text.utee_cryp_derive_key
                0x0000000000003820       0x14 /home/test/devel/optee/optee_os/out/arm/export-ta_arm32/lib/libutee.a(utee_syscalls_a32.o)
                0x0000000000003820                utee_cryp_derive_key
 .text.utee_cryp_random_number_generate
                0x0000000000003834       0x14 /home/test/devel/optee/optee_os/out/arm/export-ta_arm32/lib/libutee.a(utee_syscalls_a32.o)
                0x0000000000003834                utee_cryp_random_number_generate
 .text.utee_authenc_init
                0x0000000000003848       0x18 /home/test/devel/optee/optee_os/out/arm/export-ta_arm32/lib/libutee.a(utee_syscalls_a32.o)
                0x0000000000003848                utee_authenc_init
 .text.utee_authenc_update_aad
                0x0000000000003860       0x14 /home/test/devel/optee/optee_os/out/arm/export-ta_arm32/lib/libutee.a(utee_syscalls_a32.o)
                0x0000000000003860                utee_authenc_update_aad
 .text.utee_authenc_update_payload
                0x0000000000003874       0x18 /home/test/devel/optee/optee_os/out/arm/export-ta_arm32/lib/libutee.a(utee_syscalls_a32.o)
                0x0000000000003874                utee_authenc_update_payload
 .text.utee_authenc_enc_final
                0x000000000000388c       0x18 /home/test/devel/optee/optee_os/out/arm/export-ta_arm32/lib/libutee.a(utee_syscalls_a32.o)
                0x000000000000388c                utee_authenc_enc_final
 .text.utee_authenc_dec_final
                0x00000000000038a4       0x18 /home/test/devel/optee/optee_os/out/arm/export-ta_arm32/lib/libutee.a(utee_syscalls_a32.o)
                0x00000000000038a4                utee_authenc_dec_final
 .text.utee_asymm_operate
                0x00000000000038bc       0x18 /home/test/devel/optee/optee_os/out/arm/export-ta_arm32/lib/libutee.a(utee_syscalls_a32.o)
                0x00000000000038bc                utee_asymm_operate
 .text.utee_asymm_verify
                0x00000000000038d4       0x18 /home/test/devel/optee/optee_os/out/arm/export-ta_arm32/lib/libutee.a(utee_syscalls_a32.o)
                0x00000000000038d4                utee_asymm_verify
 .text.utee_storage_obj_open
                0x00000000000038ec       0x18 /home/test/devel/optee/optee_os/out/arm/export-ta_arm32/lib/libutee.a(utee_syscalls_a32.o)
                0x00000000000038ec                utee_storage_obj_open
 .text.utee_storage_obj_create
                0x0000000000003904       0x18 /home/test/devel/optee/optee_os/out/arm/export-ta_arm32/lib/libutee.a(utee_syscalls_a32.o)
                0x0000000000003904                utee_storage_obj_create
 .text.utee_storage_obj_del
                0x000000000000391c       0x14 /home/test/devel/optee/optee_os/out/arm/export-ta_arm32/lib/libutee.a(utee_syscalls_a32.o)
                0x000000000000391c                utee_storage_obj_del
 .text.utee_storage_obj_rename
                0x0000000000003930       0x14 /home/test/devel/optee/optee_os/out/arm/export-ta_arm32/lib/libutee.a(utee_syscalls_a32.o)
                0x0000000000003930                utee_storage_obj_rename
 .text.utee_storage_alloc_enum
                0x0000000000003944       0x14 /home/test/devel/optee/optee_os/out/arm/export-ta_arm32/lib/libutee.a(utee_syscalls_a32.o)
                0x0000000000003944                utee_storage_alloc_enum
 .text.utee_storage_free_enum
                0x0000000000003958       0x14 /home/test/devel/optee/optee_os/out/arm/export-ta_arm32/lib/libutee.a(utee_syscalls_a32.o)
                0x0000000000003958                utee_storage_free_enum
 .text.utee_storage_reset_enum
                0x000000000000396c       0x14 /home/test/devel/optee/optee_os/out/arm/export-ta_arm32/lib/libutee.a(utee_syscalls_a32.o)
                0x000000000000396c                utee_storage_reset_enum
 .text.utee_storage_start_enum
                0x0000000000003980       0x14 /home/test/devel/optee/optee_os/out/arm/export-ta_arm32/lib/libutee.a(utee_syscalls_a32.o)
                0x0000000000003980                utee_storage_start_enum
 .text.utee_storage_next_enum
                0x0000000000003994       0x14 /home/test/devel/optee/optee_os/out/arm/export-ta_arm32/lib/libutee.a(utee_syscalls_a32.o)
                0x0000000000003994                utee_storage_next_enum
 .text.utee_storage_obj_read
                0x00000000000039a8       0x14 /home/test/devel/optee/optee_os/out/arm/export-ta_arm32/lib/libutee.a(utee_syscalls_a32.o)
                0x00000000000039a8                utee_storage_obj_read
 .text.utee_storage_obj_write
                0x00000000000039bc       0x14 /home/test/devel/optee/optee_os/out/arm/export-ta_arm32/lib/libutee.a(utee_syscalls_a32.o)
                0x00000000000039bc                utee_storage_obj_write
 .text.utee_storage_obj_trunc
                0x00000000000039d0       0x14 /home/test/devel/optee/optee_os/out/arm/export-ta_arm32/lib/libutee.a(utee_syscalls_a32.o)
                0x00000000000039d0                utee_storage_obj_trunc
 .text.utee_storage_obj_seek
                0x00000000000039e4       0x14 /home/test/devel/optee/optee_os/out/arm/export-ta_arm32/lib/libutee.a(utee_syscalls_a32.o)
                0x00000000000039e4                utee_storage_obj_seek
 .text.utee_cryp_obj_generate_key
                0x00000000000039f8       0x14 /home/test/devel/optee/optee_os/out/arm/export-ta_arm32/lib/libutee.a(utee_syscalls_a32.o)
                0x00000000000039f8                utee_cryp_obj_generate_key
 .text.utee_se_service_open
                0x0000000000003a0c       0x14 /home/test/devel/optee/optee_os/out/arm/export-ta_arm32/lib/libutee.a(utee_syscalls_a32.o)
                0x0000000000003a0c                utee_se_service_open
 .text.utee_se_service_close
                0x0000000000003a20       0x14 /home/test/devel/optee/optee_os/out/arm/export-ta_arm32/lib/libutee.a(utee_syscalls_a32.o)
                0x0000000000003a20                utee_se_service_close
 .text.utee_se_service_get_readers
                0x0000000000003a34       0x14 /home/test/devel/optee/optee_os/out/arm/export-ta_arm32/lib/libutee.a(utee_syscalls_a32.o)
                0x0000000000003a34                utee_se_service_get_readers
 .text.utee_se_reader_get_prop
                0x0000000000003a48       0x14 /home/test/devel/optee/optee_os/out/arm/export-ta_arm32/lib/libutee.a(utee_syscalls_a32.o)
                0x0000000000003a48                utee_se_reader_get_prop
 .text.utee_se_reader_get_name
                0x0000000000003a5c       0x14 /home/test/devel/optee/optee_os/out/arm/export-ta_arm32/lib/libutee.a(utee_syscalls_a32.o)
                0x0000000000003a5c                utee_se_reader_get_name
 .text.utee_se_reader_open_session
                0x0000000000003a70       0x14 /home/test/devel/optee/optee_os/out/arm/export-ta_arm32/lib/libutee.a(utee_syscalls_a32.o)
                0x0000000000003a70                utee_se_reader_open_session
 .text.utee_se_reader_close_sessions
                0x0000000000003a84       0x14 /home/test/devel/optee/optee_os/out/arm/export-ta_arm32/lib/libutee.a(utee_syscalls_a32.o)
                0x0000000000003a84                utee_se_reader_close_sessions
 .text.utee_se_session_is_closed
                0x0000000000003a98       0x14 /home/test/devel/optee/optee_os/out/arm/export-ta_arm32/lib/libutee.a(utee_syscalls_a32.o)
                0x0000000000003a98                utee_se_session_is_closed
 .text.utee_se_session_get_atr
                0x0000000000003aac       0x14 /home/test/devel/optee/optee_os/out/arm/export-ta_arm32/lib/libutee.a(utee_syscalls_a32.o)
                0x0000000000003aac                utee_se_session_get_atr
 .text.utee_se_session_open_channel
                0x0000000000003ac0       0x18 /home/test/devel/optee/optee_os/out/arm/export-ta_arm32/lib/libutee.a(utee_syscalls_a32.o)
                0x0000000000003ac0                utee_se_session_open_channel
 .text.utee_se_session_close
                0x0000000000003ad8       0x14 /home/test/devel/optee/optee_os/out/arm/export-ta_arm32/lib/libutee.a(utee_syscalls_a32.o)
                0x0000000000003ad8                utee_se_session_close
 .text.utee_se_channel_select_next
                0x0000000000003aec       0x14 /home/test/devel/optee/optee_os/out/arm/export-ta_arm32/lib/libutee.a(utee_syscalls_a32.o)
                0x0000000000003aec                utee_se_channel_select_next
 .text.utee_se_channel_get_select_resp
                0x0000000000003b00       0x14 /home/test/devel/optee/optee_os/out/arm/export-ta_arm32/lib/libutee.a(utee_syscalls_a32.o)
                0x0000000000003b00                utee_se_channel_get_select_resp
 .text.utee_se_channel_transmit
                0x0000000000003b14       0x18 /home/test/devel/optee/optee_os/out/arm/export-ta_arm32/lib/libutee.a(utee_syscalls_a32.o)
                0x0000000000003b14                utee_se_channel_transmit
 .text.utee_se_channel_close
                0x0000000000003b2c       0x14 /home/test/devel/optee/optee_os/out/arm/export-ta_arm32/lib/libutee.a(utee_syscalls_a32.o)
                0x0000000000003b2c                utee_se_channel_close
 .text.utee_cache_operation
                0x0000000000003b40       0x14 /home/test/devel/optee/optee_os/out/arm/export-ta_arm32/lib/libutee.a(utee_syscalls_a32.o)
                0x0000000000003b40                utee_cache_operation
 .text.__utee_mcount
                0x0000000000003b54        0xc /home/test/devel/optee/optee_os/out/arm/export-ta_arm32/lib/libutee.a(gprof_a32.o)
                0x0000000000003b54                __utee_mcount
 .text          0x0000000000003b60      0x9e4 /home/test/devel/optee/optee_os/out/arm/export-ta_arm32/lib/libutee.a(tee_api_arith.o)
                0x0000000000003b88                _TEE_MathAPI_Init
                0x0000000000003bcc                TEE_BigIntInit
                0x0000000000003bea                TEE_BigIntInitFMM
                0x0000000000003c2a                TEE_BigIntInitFMMContext
                0x0000000000003c74                TEE_BigIntFMMSizeInU32
                0x0000000000003c9a                TEE_BigIntFMMContextSizeInU32
                0x0000000000003cc8                TEE_BigIntConvertFromOctetString
                0x0000000000003d2e                TEE_BigIntConvertToOctetString
                0x0000000000003d98                TEE_BigIntConvertFromS32
                0x0000000000003dba                TEE_BigIntConvertToS32
                0x0000000000003e10                TEE_BigIntCmp
                0x0000000000003e38                TEE_BigIntCmpS32
                0x0000000000003e5c                TEE_BigIntShiftRight
                0x0000000000003e86                TEE_BigIntGetBit
                0x0000000000003eb4                TEE_BigIntGetBitCount
                0x0000000000003ed8                TEE_BigIntAdd
                0x0000000000003f10                TEE_BigIntSub
                0x0000000000003f48                TEE_BigIntNeg
                0x0000000000003f6e                TEE_BigIntMul
                0x0000000000003fa8                TEE_BigIntSquare
                0x0000000000003fdc                TEE_BigIntDiv
                0x000000000000403c                TEE_BigIntMod
                0x00000000000040b8                TEE_BigIntAddMod
                0x000000000000413c                TEE_BigIntSubMod
                0x00000000000041c0                TEE_BigIntMulMod
                0x000000000000427c                TEE_BigIntSquareMod
                0x00000000000042a0                TEE_BigIntInvMod
                0x0000000000004308                TEE_BigIntRelativePrime
                0x0000000000004384                TEE_BigIntComputeExtendedGcd
                0x00000000000043d0                TEE_BigIntIsProbablePrime
                0x000000000000441c                TEE_BigIntConvertToFMM
                0x0000000000004468                TEE_BigIntConvertFromFMM
                0x00000000000044f8                TEE_BigIntComputeFMM
 .text          0x0000000000004544      0x738 /home/test/devel/optee/optee_os/out/arm/export-ta_arm32/lib/libutee.a(tee_api.o)
                0x0000000000004544                __utee_from_param
                0x00000000000046aa                __utee_to_param
                0x00000000000047a4                TEE_OpenTASession
                0x000000000000480a                TEE_CloseTASession
                0x000000000000483a                TEE_InvokeTACommand
                0x00000000000048ca                TEE_GetCancellationFlag
                0x00000000000048fe                TEE_UnmaskCancellation
                0x0000000000004932                TEE_MaskCancellation
                0x0000000000004966                TEE_CheckMemoryAccessRights
                0x00000000000049a8                TEE_SetInstanceData
                0x00000000000049d0                TEE_GetInstanceData
                0x00000000000049ec                TEE_MemMove
                0x0000000000004a10                TEE_MemCompare
                0x0000000000004a34                TEE_MemFill
                0x0000000000004a5a                TEE_GetSystemTime
                0x0000000000004a86                TEE_Wait
                0x0000000000004abe                TEE_GetTAPersistentTime
                0x0000000000004b42                TEE_SetTAPersistentTime
                0x0000000000004b88                TEE_GetREETime
                0x0000000000004bb4                TEE_Malloc
                0x0000000000004bd4                TEE_Realloc
                0x0000000000004bf4                TEE_Free
                0x0000000000004c0e                TEE_CacheClean
                0x0000000000004c32                TEE_CacheFlush
                0x0000000000004c56                TEE_CacheInvalidate
 .text          0x0000000000004c7c      0x7b4 /home/test/devel/optee/optee_os/out/arm/export-ta_arm32/lib/libutee.a(tee_user_mem.o)
                0x0000000000004ff4                tee_user_mem_alloc
                0x000000000000513c                tee_user_mem_realloc
                0x00000000000051e8                tee_user_mem_free
                0x00000000000052f8                tee_user_mem_mark_heap
                0x0000000000005318                tee_user_mem_check_heap
                0x00000000000053f4                tee_user_mem_garbage
 .text          0x0000000000005430      0x110 /home/test/devel/optee/optee_os/out/arm/export-ta_arm32/lib/libutee.a(trace_ext.o)
                0x0000000000005430                trace_ext_puts
                0x0000000000005454                trace_ext_get_thread_id
                0x0000000000005468                printf
                0x00000000000054d0                puts
                0x0000000000005508                putchar
 .text          0x0000000000005540       0x5c /home/test/devel/optee/optee_os/out/arm/export-ta_arm32/lib/libutee.a(assert.o)
                0x0000000000005540                _assert_log
                0x0000000000005588                _assert_break
 .text          0x000000000000559c     0x182c /home/test/devel/optee/optee_os/out/arm/export-ta_arm32/lib/libutils.a(bget_malloc.o)
                0x0000000000005620                bget
                0x0000000000005888                bgetz
                0x000000000000591c                bgetr
                0x00000000000059b0                brel
                0x0000000000005d10                bpool
                0x0000000000005e34                bstats
                0x0000000000005f94                malloc_reset_stats
                0x0000000000005ff4                malloc_get_stats
                0x00000000000069a0                malloc
                0x00000000000069d2                free
                0x00000000000069f8                calloc
                0x0000000000006a56                realloc
                0x0000000000006a84                memalign
                0x0000000000006ae0                malloc_add_pool
                0x0000000000006c68                malloc_buffer_is_within_alloced
                0x0000000000006d06                malloc_buffer_overlaps_heap
 .text          0x0000000000006dc8      0xf68 /home/test/devel/optee/optee_os/out/arm/export-ta_arm32/lib/libutils.a(snprintk.o)
                0x0000000000006dc8                snprintk
                0x0000000000006dfe                vsnprintk
                0x0000000000006e2c                __vsnprintf
 .text          0x0000000000007d30      0x3d8 /home/test/devel/optee/optee_os/out/arm/export-ta_arm32/lib/libutils.a(trace.o)
                0x0000000000007d30                trace_set_level
                0x0000000000007d78                trace_get_level
                0x0000000000007e4c                trace_printf
                0x00000000000080e8                dhex_dump
 .text.__aeabi_ldivmod
                0x0000000000008108       0x18 /home/test/devel/optee/optee_os/out/arm/export-ta_arm32/lib/libutils.a(arm32_aeabi_ldivmod_a32.o)
                0x0000000000008108                __aeabi_ldivmod
 .text.__aeabi_uldivmod
                0x0000000000008120       0x18 /home/test/devel/optee/optee_os/out/arm/export-ta_arm32/lib/libutils.a(arm32_aeabi_ldivmod_a32.o)
                0x0000000000008120                __aeabi_uldivmod
 .text          0x0000000000008138      0x254 /home/test/devel/optee/optee_os/out/arm/export-ta_arm32/lib/libmpa.a(mpa_misc.o)
                0x0000000000008138                __mpa_set_unused_digits_to_zero
                0x0000000000008180                mpa_wipe
                0x00000000000081b4                mpa_copy
                0x00000000000081fc                mpa_abs
                0x000000000000822e                mpa_highest_bit_index
                0x00000000000082ae                mpa_get_bit
                0x0000000000008318                mpa_can_hold
                0x000000000000834a                mpa_parity
                0x0000000000008374                mpa_constant_one
 .text          0x000000000000838c      0x4ec /home/test/devel/optee/optee_os/out/arm/export-ta_arm32/lib/libmpa.a(mpa_montgomery.o)
                0x000000000000838c                __mpa_montgomery_mul_add
                0x00000000000084c0                __mpa_montgomery_sub_ack
                0x00000000000085da                __mpa_montgomery_mul
                0x000000000000870a                mpa_compute_fmm_context
                0x000000000000882c                mpa_montgomery_mul
 .text          0x0000000000008878      0x450 /home/test/devel/optee/optee_os/out/arm/export-ta_arm32/lib/libmpa.a(mpa_primetest.o)
                0x0000000000008878                mpa_is_prob_prime
 .text          0x0000000000008cc8      0x204 /home/test/devel/optee/optee_os/out/arm/export-ta_arm32/lib/libmpa.a(mpa_random.o)
                0x0000000000008cc8                mpa_set_random_generator
                0x0000000000008d24                mpa_get_random
                0x0000000000008e60                mpa_get_random_digits
 .text          0x0000000000008ecc      0x190 /home/test/devel/optee/optee_os/out/arm/export-ta_arm32/lib/libmpa.a(mpa_expmod.o)
                0x0000000000008ecc                mpa_exp_mod
 .text          0x000000000000905c      0xa54 /home/test/devel/optee/optee_os/out/arm/export-ta_arm32/lib/libmpa.a(mpa_io.o)
                0x000000000000942e                mpa_get_str_size
                0x0000000000009442                mpa_set_str
                0x0000000000009774                mpa_get_str
                0x0000000000009868                mpa_set_oct_str
                0x0000000000009998                mpa_get_oct_str
 .text          0x0000000000009ab0       0x14 ./user_ta_header.o
                0x0000000000009ab0                tahead_get_trace_level
 .text          0x0000000000009ac4       0x1a /home/test/devel/optee/optee_os/out/arm/export-ta_arm32/lib/libutee.a(tee_api_panic.o)
                0x0000000000009ac4                TEE_Panic
 .text          0x0000000000009ade     0x1058 /home/test/devel/optee/optee_os/out/arm/export-ta_arm32/lib/libutee.a(tee_api_objects.o)
                0x0000000000009ade                __utee_from_attr
                0x0000000000009c34                TEE_GetObjectInfo
                0x0000000000009ca2                TEE_GetObjectInfo1
                0x0000000000009cee                TEE_RestrictObjectUsage
                0x0000000000009d3a                TEE_RestrictObjectUsage1
                0x0000000000009d86                TEE_GetObjectBufferAttribute
                0x0000000000009e48                TEE_GetObjectValueAttribute
                0x0000000000009f26                TEE_CloseObject
                0x0000000000009f58                TEE_AllocateTransientObject
                0x0000000000009fb8                TEE_FreeTransientObject
                0x000000000000a018                TEE_ResetTransientObject
                0x000000000000a078                TEE_PopulateTransientObject
                0x000000000000a1a6                TEE_InitRefAttribute
                0x000000000000a1f2                TEE_InitValueAttribute
                0x000000000000a23e                TEE_CopyObjectAttributes
                0x000000000000a28a                TEE_CopyObjectAttributes1
                0x000000000000a342                TEE_GenerateKey
                0x000000000000a432                TEE_OpenPersistentObject
                0x000000000000a4f8                TEE_CreatePersistentObject
                0x000000000000a5f0                TEE_CloseAndDeletePersistentObject
                0x000000000000a622                TEE_CloseAndDeletePersistentObject1
                0x000000000000a66c                TEE_RenamePersistentObject
                0x000000000000a700                TEE_AllocatePersistentObjectEnumerator
                0x000000000000a760                TEE_FreePersistentObjectEnumerator
                0x000000000000a792                TEE_ResetPersistentObjectEnumerator
                0x000000000000a7c4                TEE_StartPersistentObjectEnumerator
                0x000000000000a81e                TEE_GetNextPersistentObject
                0x000000000000a8d8                TEE_ReadObjectData
                0x000000000000a960                TEE_WriteObjectData
                0x000000000000a9de                TEE_TruncateObjectData
                0x000000000000aa4a                TEE_SeekObjectData
 .text          0x000000000000ab36       0xaa /home/test/devel/optee/optee_os/out/arm/export-ta_arm32/lib/libutee.a(utee_misc.o)
                0x000000000000ab36                utee_get_ta_exec_id
                0x000000000000ab4a                utee_malloc
                0x000000000000ab66                utee_realloc
                0x000000000000ab86                utee_calloc
                0x000000000000aba6                utee_free
                0x000000000000abc0                get_rng_array
 .text          0x000000000000abe0       0x6a /home/test/devel/optee/optee_os/out/arm/export-ta_arm32/lib/libutils.a(snprintf.o)
                0x000000000000abe0                snprintf
                0x000000000000ac1c                vsnprintf
 .text          0x000000000000ac4a       0xb8 /home/test/devel/optee/optee_os/out/arm/export-ta_arm32/lib/libutils.a(memcmp.o)
                0x000000000000ac4a                memcmp
 .text          0x000000000000ad02       0xf2 /home/test/devel/optee/optee_os/out/arm/export-ta_arm32/lib/libutils.a(memcpy.o)
                0x000000000000ad02                memcpy
 .text          0x000000000000adf4      0x13e /home/test/devel/optee/optee_os/out/arm/export-ta_arm32/lib/libutils.a(memmove.o)
                0x000000000000adf4                memmove
 .text          0x000000000000af32      0x11c /home/test/devel/optee/optee_os/out/arm/export-ta_arm32/lib/libutils.a(memset.o)
                0x000000000000af32                memset
 .text          0x000000000000b04e       0x8a /home/test/devel/optee/optee_os/out/arm/export-ta_arm32/lib/libutils.a(strlen.o)
                0x000000000000b04e                strlen
 .text          0x000000000000b0d8       0x94 /home/test/devel/optee/optee_os/out/arm/export-ta_arm32/lib/libutils.a(buf_compare_ct.o)
                0x000000000000b0d8                buf_compare_ct
 .text          0x000000000000b16c       0x30 /home/test/devel/optee/optee_os/out/arm/export-ta_arm32/lib/libutils.a(aeabi_unwind.o)
                0x000000000000b16c                __aeabi_unwind_cpp_pr0
                0x000000000000b17c                __aeabi_unwind_cpp_pr1
                0x000000000000b18c                __aeabi_unwind_cpp_pr2
 .text          0x000000000000b19c      0x114 /home/test/devel/optee/optee_os/out/arm/export-ta_arm32/lib/libutils.a(memchr.o)
                0x000000000000b19c                memchr
 .text          0x000000000000b2b0      0x2b0 /home/test/devel/optee/optee_os/out/arm/export-ta_arm32/lib/libutils.a(arm32_aeabi_ldivmod.o)
                0x000000000000b408                __ul_divmod
                0x000000000000b47a                __l_divmod
 .text          0x000000000000b560      0x146 /home/test/devel/optee/optee_os/out/arm/export-ta_arm32/lib/libmpa.a(mpa_conv.o)
                0x000000000000b560                mpa_set_S32
                0x000000000000b5ac                mpa_get_S32
                0x000000000000b642                mpa_set_word
                0x000000000000b674                mpa_get_word
 .text          0x000000000000b6a6      0xa9c /home/test/devel/optee/optee_os/out/arm/export-ta_arm32/lib/libmpa.a(mpa_div.o)
                0x000000000000b77e                __mpa_div_dword
                0x000000000000bdf0                __mpa_div_q_r_internal_word
                0x000000000000bf22                __mpa_div_q_r
                0x000000000000c06c                mpa_div
 .text          0x000000000000c142      0x7dc /home/test/devel/optee/optee_os/out/arm/export-ta_arm32/lib/libmpa.a(mpa_gcd.o)
                0x000000000000c658                mpa_gcd
                0x000000000000c744                mpa_extended_gcd
 .text          0x000000000000c91e      0x264 /home/test/devel/optee/optee_os/out/arm/export-ta_arm32/lib/libmpa.a(mpa_mem_static.o)
                0x000000000000c91e                mpa_init_scratch_mem_sync
                0x000000000000c966                mpa_init_scratch_mem
                0x000000000000c998                mpa_alloc_static_temp_var_size
                0x000000000000cacc                mpa_alloc_static_temp_var
                0x000000000000caf2                mpa_free_static_temp_var
 .text          0x000000000000cb82      0x42a /home/test/devel/optee/optee_os/out/arm/export-ta_arm32/lib/libmpa.a(mpa_mul.o)
                0x000000000000cb82                __mpa_mul_add_word
                0x000000000000cbfc                __mpa_mul_add_word_cum
                0x000000000000cc84                __mpa_abs_mul_word
                0x000000000000cd32                __mpa_abs_mul
                0x000000000000ce3e                mpa_mul
                0x000000000000cf02                mpa_mul_word
 .text          0x000000000000cfac      0x56c /home/test/devel/optee/optee_os/out/arm/export-ta_arm32/lib/libmpa.a(mpa_shift.o)
                0x000000000000cfac                __mpa_shift_words_left
                0x000000000000d05e                __mpa_shift_words_right
                0x000000000000d112                mpa_shift_left
                0x000000000000d33a                mpa_shift_right
 .text          0x000000000000d518      0xab4 /home/test/devel/optee/optee_os/out/arm/export-ta_arm32/lib/libmpa.a(mpa_addsub.o)
                0x000000000000d518                __mpa_full_adder
                0x000000000000d57c                __mpa_full_sub
                0x000000000000d5e4                __mpa_full_adder_ackum
                0x000000000000d648                __mpa_abs_add
                0x000000000000d75c                __mpa_abs_add_ackum
                0x000000000000d842                __mpa_abs_sub
                0x000000000000d92e                mpa_add
                0x000000000000db08                mpa_sub
                0x000000000000dd0a                mpa_neg
                0x000000000000dd34                mpa_add_word
                0x000000000000de7e                mpa_sub_word
 .text          0x000000000000dfcc      0x280 /home/test/devel/optee/optee_os/out/arm/export-ta_arm32/lib/libmpa.a(mpa_cmp.o)
                0x000000000000dfcc                __mpa_abs_cmp
                0x000000000000e0ca                __mpa_abs_greater_than
                0x000000000000e0f4                __mpa_abs_less_than
                0x000000000000e11a                mpa_cmp
                0x000000000000e1a4                mpa_cmp_short
 .text          0x000000000000e24c       0xe8 /home/test/devel/optee/optee_os/out/arm/export-ta_arm32/lib/libmpa.a(mpa_init.o)
                0x000000000000e24c                mpa_init_static
                0x000000000000e298                mpa_init_static_fmm_context
 .text          0x000000000000e334      0x204 /home/test/devel/optee/optee_os/out/arm/export-ta_arm32/lib/libmpa.a(mpa_modulus.o)
                0x000000000000e334                mpa_mod
                0x000000000000e360                mpa_add_mod
                0x000000000000e3b0                mpa_sub_mod
                0x000000000000e400                mpa_mul_mod
                0x000000000000e450                mpa_inv_mod
 .text          0x000000000000e538        0x0 /home/test/devel/optee/optee_os/out/arm/export-ta_arm32/lib/libutee.a(gprof_a32.o)
 .text          0x000000000000e538        0x0 /home/test/devel/optee/optee_os/out/arm/export-ta_arm32/lib/libutils.a(arm32_aeabi_ldivmod_a32.o)
 *(SORT(.stub))
 *(SORT(.glue_7))
 .glue_7        0x000000000000e538        0x0 linker stubs
 *(SORT(.glue_7t))
 .glue_7t       0x000000000000e538        0x0 linker stubs
 *(SORT(.gnu.linkonce.t.*))
 *(SORT(.vfp11_veneer))
 .vfp11_veneer  0x000000000000e538        0x0 linker stubs
                [!provide]                        PROVIDE (__gnu_mcount_nc, __utee_mcount)
                0x000000000000e538                __text_end = .

.v4_bx          0x000000000000e538        0x0
 .v4_bx         0x000000000000e538        0x0 linker stubs

.iplt           0x000000000000e538        0x0
 .iplt          0x000000000000e538        0x0 ./my_test.o

.eh_frame
 *(SORT(.eh_frame))

.rodata         0x000000000000e538     0x1880
 *(SORT(.gnu.linkonce.r.*))
 *(SORT(.rodata) SORT(.rodata.*))
 .rodata.my_test.c
                0x000000000000e538       0xca ./my_test.o
 *fill*         0x000000000000e602        0x2 
 .rodata.my_test_handle.c
                0x000000000000e604      0x174 ./my_test_handle.o
 .rodata.user_ta_header.c
                0x000000000000e778      0x108 ./user_ta_header.o
                0x000000000000e778                trace_ext_prefix
                0x000000000000e77c                ta_heap_size
                0x000000000000e87c                ta_num_props
 .rodata.lib/libutee/tee_api_arith.c
                0x000000000000e880       0x5f /home/test/devel/optee/optee_os/out/arm/export-ta_arm32/lib/libutee.a(tee_api_arith.o)
 *fill*         0x000000000000e8df        0x1 
 .rodata.lib/libutee/tee_api.c
                0x000000000000e8e0        0x4 /home/test/devel/optee/optee_os/out/arm/export-ta_arm32/lib/libutee.a(tee_api.o)
 .rodata.lib/libutee/tee_user_mem.c
                0x000000000000e8e4      0x184 /home/test/devel/optee/optee_os/out/arm/export-ta_arm32/lib/libutee.a(tee_user_mem.o)
 .rodata.lib/libutee/trace_ext.c
                0x000000000000ea68        0x2 /home/test/devel/optee/optee_os/out/arm/export-ta_arm32/lib/libutee.a(trace_ext.o)
 *fill*         0x000000000000ea6a        0x2 
 .rodata.lib/libutee/assert.c
                0x000000000000ea6c       0x27 /home/test/devel/optee/optee_os/out/arm/export-ta_arm32/lib/libutee.a(assert.o)
 *fill*         0x000000000000ea93        0x1 
 .rodata.lib/libutils/isoc/bget_malloc.c
                0x000000000000ea94      0x4a4 /home/test/devel/optee/optee_os/out/arm/export-ta_arm32/lib/libutils.a(bget_malloc.o)
 .rodata.lib/libutils/ext/snprintk.c
                0x000000000000ef38       0x7d /home/test/devel/optee/optee_os/out/arm/export-ta_arm32/lib/libutils.a(snprintk.o)
 *fill*         0x000000000000efb5        0x3 
 .rodata.lib/libutils/ext/trace.c
                0x000000000000efb8       0x29 /home/test/devel/optee/optee_os/out/arm/export-ta_arm32/lib/libutils.a(trace.o)
 *fill*         0x000000000000efe1        0x3 
 .rodata.lib/libmpa/mpa_misc.c
                0x000000000000efe4       0x28 /home/test/devel/optee/optee_os/out/arm/export-ta_arm32/lib/libmpa.a(mpa_misc.o)
                0x000000000000efe4                const_largest_deci_base
                0x000000000000eff0                Const_1_LShift_Base
                0x000000000000f000                const_one
 .rodata.lib/libmpa/mpa_primetest.c
                0x000000000000f00c      0xd30 /home/test/devel/optee/optee_os/out/arm/export-ta_arm32/lib/libmpa.a(mpa_primetest.o)
                0x000000000000f00c                MAX_TABULATED_PRIME
                0x000000000000f010                NR_STORED_PRIMES
                0x000000000000f014                PRIME_TABLE
 .rodata.lib/libmpa/mpa_io.c
                0x000000000000fd3c       0x7c /home/test/devel/optee/optee_os/out/arm/export-ta_arm32/lib/libmpa.a(mpa_io.o)

.ARM.extab      0x000000000000fdb8      0xdcc
 .ARM.extab     0x000000000000fdb8       0x30 ./my_test.o
 .ARM.extab     0x000000000000fde8       0x3c ./my_test_handle.o
 .ARM.extab     0x000000000000fe24        0x0 ./user_ta_header.o
 .ARM.extab     0x000000000000fe24      0x12c /home/test/devel/optee/optee_os/out/arm/export-ta_arm32/lib/libutee.a(tee_api_operations.o)
 .ARM.extab     0x000000000000ff50        0xc /home/test/devel/optee/optee_os/out/arm/export-ta_arm32/lib/libutee.a(tee_api_panic.o)
 .ARM.extab     0x000000000000ff5c       0x60 /home/test/devel/optee/optee_os/out/arm/export-ta_arm32/lib/libutee.a(user_ta_entry.o)
 .ARM.extab     0x000000000000ffbc      0x198 /home/test/devel/optee/optee_os/out/arm/export-ta_arm32/lib/libutee.a(tee_api_arith.o)
 .ARM.extab     0x0000000000010154      0x120 /home/test/devel/optee/optee_os/out/arm/export-ta_arm32/lib/libutee.a(tee_api.o)
 .ARM.extab     0x0000000000010274      0x15c /home/test/devel/optee/optee_os/out/arm/export-ta_arm32/lib/libutee.a(tee_api_objects.o)
 .ARM.extab     0x00000000000103d0       0x3c /home/test/devel/optee/optee_os/out/arm/export-ta_arm32/lib/libutee.a(utee_misc.o)
 .ARM.extab     0x000000000001040c       0xb4 /home/test/devel/optee/optee_os/out/arm/export-ta_arm32/lib/libutee.a(tee_user_mem.o)
 .ARM.extab     0x00000000000104c0       0x34 /home/test/devel/optee/optee_os/out/arm/export-ta_arm32/lib/libutee.a(trace_ext.o)
 .ARM.extab     0x00000000000104f4        0xc /home/test/devel/optee/optee_os/out/arm/export-ta_arm32/lib/libutee.a(assert.o)
 .ARM.extab     0x0000000000010500      0x1a4 /home/test/devel/optee/optee_os/out/arm/export-ta_arm32/lib/libutils.a(bget_malloc.o)
 .ARM.extab     0x00000000000106a4       0x18 /home/test/devel/optee/optee_os/out/arm/export-ta_arm32/lib/libutils.a(snprintf.o)
 .ARM.extab     0x00000000000106bc        0xc /home/test/devel/optee/optee_os/out/arm/export-ta_arm32/lib/libutils.a(memcmp.o)
 .ARM.extab     0x00000000000106c8        0xc /home/test/devel/optee/optee_os/out/arm/export-ta_arm32/lib/libutils.a(memcpy.o)
 .ARM.extab     0x00000000000106d4        0xc /home/test/devel/optee/optee_os/out/arm/export-ta_arm32/lib/libutils.a(memmove.o)
 .ARM.extab     0x00000000000106e0        0xc /home/test/devel/optee/optee_os/out/arm/export-ta_arm32/lib/libutils.a(memset.o)
 .ARM.extab     0x00000000000106ec        0xc /home/test/devel/optee/optee_os/out/arm/export-ta_arm32/lib/libutils.a(strlen.o)
 .ARM.extab     0x00000000000106f8       0x24 /home/test/devel/optee/optee_os/out/arm/export-ta_arm32/lib/libutils.a(snprintk.o)
 .ARM.extab     0x000000000001071c        0xc /home/test/devel/optee/optee_os/out/arm/export-ta_arm32/lib/libutils.a(buf_compare_ct.o)
 .ARM.extab     0x0000000000010728       0x3c /home/test/devel/optee/optee_os/out/arm/export-ta_arm32/lib/libutils.a(trace.o)
 .ARM.extab     0x0000000000010764        0x0 /home/test/devel/optee/optee_os/out/arm/export-ta_arm32/lib/libutils.a(aeabi_unwind.o)
 .ARM.extab     0x0000000000010764        0xc /home/test/devel/optee/optee_os/out/arm/export-ta_arm32/lib/libutils.a(memchr.o)
 .ARM.extab     0x0000000000010770       0x30 /home/test/devel/optee/optee_os/out/arm/export-ta_arm32/lib/libutils.a(arm32_aeabi_ldivmod.o)
 .ARM.extab     0x00000000000107a0       0x60 /home/test/devel/optee/optee_os/out/arm/export-ta_arm32/lib/libmpa.a(mpa_misc.o)
 .ARM.extab     0x0000000000010800       0x24 /home/test/devel/optee/optee_os/out/arm/export-ta_arm32/lib/libmpa.a(mpa_montgomery.o)
 .ARM.extab     0x0000000000010824       0x30 /home/test/devel/optee/optee_os/out/arm/export-ta_arm32/lib/libmpa.a(mpa_primetest.o)
 .ARM.extab     0x0000000000010854       0x30 /home/test/devel/optee/optee_os/out/arm/export-ta_arm32/lib/libmpa.a(mpa_conv.o)
 .ARM.extab     0x0000000000010884       0x48 /home/test/devel/optee/optee_os/out/arm/export-ta_arm32/lib/libmpa.a(mpa_div.o)
 .ARM.extab     0x00000000000108cc       0x3c /home/test/devel/optee/optee_os/out/arm/export-ta_arm32/lib/libmpa.a(mpa_gcd.o)
 .ARM.extab     0x0000000000010908       0x3c /home/test/devel/optee/optee_os/out/arm/export-ta_arm32/lib/libmpa.a(mpa_mem_static.o)
 .ARM.extab     0x0000000000010944       0x30 /home/test/devel/optee/optee_os/out/arm/export-ta_arm32/lib/libmpa.a(mpa_mul.o)
 .ARM.extab     0x0000000000010974       0x30 /home/test/devel/optee/optee_os/out/arm/export-ta_arm32/lib/libmpa.a(mpa_random.o)
 .ARM.extab     0x00000000000109a4       0x30 /home/test/devel/optee/optee_os/out/arm/export-ta_arm32/lib/libmpa.a(mpa_shift.o)
 .ARM.extab     0x00000000000109d4       0x60 /home/test/devel/optee/optee_os/out/arm/export-ta_arm32/lib/libmpa.a(mpa_addsub.o)
 .ARM.extab     0x0000000000010a34       0x3c /home/test/devel/optee/optee_os/out/arm/export-ta_arm32/lib/libmpa.a(mpa_cmp.o)
 .ARM.extab     0x0000000000010a70        0xc /home/test/devel/optee/optee_os/out/arm/export-ta_arm32/lib/libmpa.a(mpa_expmod.o)
 .ARM.extab     0x0000000000010a7c       0x18 /home/test/devel/optee/optee_os/out/arm/export-ta_arm32/lib/libmpa.a(mpa_init.o)
 .ARM.extab     0x0000000000010a94       0xb4 /home/test/devel/optee/optee_os/out/arm/export-ta_arm32/lib/libmpa.a(mpa_io.o)
 .ARM.extab     0x0000000000010b48       0x3c /home/test/devel/optee/optee_os/out/arm/export-ta_arm32/lib/libmpa.a(mpa_modulus.o)

.gnu.version_d  0x0000000000010b84        0x0
 .gnu.version_d
                0x0000000000010b84        0x0 ./my_test.o

.gnu.version    0x0000000000010b84        0x0
 .gnu.version   0x0000000000010b84        0x0 ./my_test.o

.gnu.version_r  0x0000000000010b84        0x0
 .gnu.version_r
                0x0000000000010b84        0x0 ./my_test.o

.ARM.extab.text.utee_panic
                0x0000000000010b84        0xc
 .ARM.extab.text.utee_panic
                0x0000000000010b84        0xc /home/test/devel/optee/optee_os/out/arm/export-ta_arm32/lib/libutee.a(utee_syscalls_a32.o)

.ARM.extab.text.utee_return
                0x0000000000010b90        0x0
 .ARM.extab.text.utee_return
                0x0000000000010b90        0x0 /home/test/devel/optee/optee_os/out/arm/export-ta_arm32/lib/libutee.a(utee_syscalls_a32.o)

.ARM.extab.text.utee_log
                0x0000000000010b90        0x0
 .ARM.extab.text.utee_log
                0x0000000000010b90        0x0 /home/test/devel/optee/optee_os/out/arm/export-ta_arm32/lib/libutee.a(utee_syscalls_a32.o)

.ARM.extab.text.__utee_panic
                0x0000000000010b90        0x0
 .ARM.extab.text.__utee_panic
                0x0000000000010b90        0x0 /home/test/devel/optee/optee_os/out/arm/export-ta_arm32/lib/libutee.a(utee_syscalls_a32.o)

.ARM.extab.text.utee_get_property
                0x0000000000010b90        0x0
 .ARM.extab.text.utee_get_property
                0x0000000000010b90        0x0 /home/test/devel/optee/optee_os/out/arm/export-ta_arm32/lib/libutee.a(utee_syscalls_a32.o)

.ARM.extab.text.utee_get_property_name_to_index
                0x0000000000010b90        0x0
 .ARM.extab.text.utee_get_property_name_to_index
                0x0000000000010b90        0x0 /home/test/devel/optee/optee_os/out/arm/export-ta_arm32/lib/libutee.a(utee_syscalls_a32.o)

.ARM.extab.text.utee_open_ta_session
                0x0000000000010b90        0x0
 .ARM.extab.text.utee_open_ta_session
                0x0000000000010b90        0x0 /home/test/devel/optee/optee_os/out/arm/export-ta_arm32/lib/libutee.a(utee_syscalls_a32.o)

.ARM.extab.text.utee_close_ta_session
                0x0000000000010b90        0x0
 .ARM.extab.text.utee_close_ta_session
                0x0000000000010b90        0x0 /home/test/devel/optee/optee_os/out/arm/export-ta_arm32/lib/libutee.a(utee_syscalls_a32.o)

.ARM.extab.text.utee_invoke_ta_command
                0x0000000000010b90        0x0
 .ARM.extab.text.utee_invoke_ta_command
                0x0000000000010b90        0x0 /home/test/devel/optee/optee_os/out/arm/export-ta_arm32/lib/libutee.a(utee_syscalls_a32.o)

.ARM.extab.text.utee_get_cancellation_flag
                0x0000000000010b90        0x0
 .ARM.extab.text.utee_get_cancellation_flag
                0x0000000000010b90        0x0 /home/test/devel/optee/optee_os/out/arm/export-ta_arm32/lib/libutee.a(utee_syscalls_a32.o)

.ARM.extab.text.utee_check_access_rights
                0x0000000000010b90        0x0
 .ARM.extab.text.utee_check_access_rights
                0x0000000000010b90        0x0 /home/test/devel/optee/optee_os/out/arm/export-ta_arm32/lib/libutee.a(utee_syscalls_a32.o)

.ARM.extab.text.utee_unmask_cancellation
                0x0000000000010b90        0x0
 .ARM.extab.text.utee_unmask_cancellation
                0x0000000000010b90        0x0 /home/test/devel/optee/optee_os/out/arm/export-ta_arm32/lib/libutee.a(utee_syscalls_a32.o)

.ARM.extab.text.utee_mask_cancellation
                0x0000000000010b90        0x0
 .ARM.extab.text.utee_mask_cancellation
                0x0000000000010b90        0x0 /home/test/devel/optee/optee_os/out/arm/export-ta_arm32/lib/libutee.a(utee_syscalls_a32.o)

.ARM.extab.text.utee_wait
                0x0000000000010b90        0x0
 .ARM.extab.text.utee_wait
                0x0000000000010b90        0x0 /home/test/devel/optee/optee_os/out/arm/export-ta_arm32/lib/libutee.a(utee_syscalls_a32.o)

.ARM.extab.text.utee_get_time
                0x0000000000010b90        0x0
 .ARM.extab.text.utee_get_time
                0x0000000000010b90        0x0 /home/test/devel/optee/optee_os/out/arm/export-ta_arm32/lib/libutee.a(utee_syscalls_a32.o)

.ARM.extab.text.utee_set_ta_time
                0x0000000000010b90        0x0
 .ARM.extab.text.utee_set_ta_time
                0x0000000000010b90        0x0 /home/test/devel/optee/optee_os/out/arm/export-ta_arm32/lib/libutee.a(utee_syscalls_a32.o)

.ARM.extab.text.utee_cryp_state_alloc
                0x0000000000010b90        0x0
 .ARM.extab.text.utee_cryp_state_alloc
                0x0000000000010b90        0x0 /home/test/devel/optee/optee_os/out/arm/export-ta_arm32/lib/libutee.a(utee_syscalls_a32.o)

.ARM.extab.text.utee_cryp_state_copy
                0x0000000000010b90        0x0
 .ARM.extab.text.utee_cryp_state_copy
                0x0000000000010b90        0x0 /home/test/devel/optee/optee_os/out/arm/export-ta_arm32/lib/libutee.a(utee_syscalls_a32.o)

.ARM.extab.text.utee_cryp_state_free
                0x0000000000010b90        0x0
 .ARM.extab.text.utee_cryp_state_free
                0x0000000000010b90        0x0 /home/test/devel/optee/optee_os/out/arm/export-ta_arm32/lib/libutee.a(utee_syscalls_a32.o)

.ARM.extab.text.utee_hash_init
                0x0000000000010b90        0x0
 .ARM.extab.text.utee_hash_init
                0x0000000000010b90        0x0 /home/test/devel/optee/optee_os/out/arm/export-ta_arm32/lib/libutee.a(utee_syscalls_a32.o)

.ARM.extab.text.utee_hash_update
                0x0000000000010b90        0x0
 .ARM.extab.text.utee_hash_update
                0x0000000000010b90        0x0 /home/test/devel/optee/optee_os/out/arm/export-ta_arm32/lib/libutee.a(utee_syscalls_a32.o)

.ARM.extab.text.utee_hash_final
                0x0000000000010b90        0x0
 .ARM.extab.text.utee_hash_final
                0x0000000000010b90        0x0 /home/test/devel/optee/optee_os/out/arm/export-ta_arm32/lib/libutee.a(utee_syscalls_a32.o)

.ARM.extab.text.utee_cipher_init
                0x0000000000010b90        0x0
 .ARM.extab.text.utee_cipher_init
                0x0000000000010b90        0x0 /home/test/devel/optee/optee_os/out/arm/export-ta_arm32/lib/libutee.a(utee_syscalls_a32.o)

.ARM.extab.text.utee_cipher_update
                0x0000000000010b90        0x0
 .ARM.extab.text.utee_cipher_update
                0x0000000000010b90        0x0 /home/test/devel/optee/optee_os/out/arm/export-ta_arm32/lib/libutee.a(utee_syscalls_a32.o)

.ARM.extab.text.utee_cipher_final
                0x0000000000010b90        0x0
 .ARM.extab.text.utee_cipher_final
                0x0000000000010b90        0x0 /home/test/devel/optee/optee_os/out/arm/export-ta_arm32/lib/libutee.a(utee_syscalls_a32.o)

.ARM.extab.text.utee_cryp_obj_get_info
                0x0000000000010b90        0x0
 .ARM.extab.text.utee_cryp_obj_get_info
                0x0000000000010b90        0x0 /home/test/devel/optee/optee_os/out/arm/export-ta_arm32/lib/libutee.a(utee_syscalls_a32.o)

.ARM.extab.text.utee_cryp_obj_restrict_usage
                0x0000000000010b90        0x0
 .ARM.extab.text.utee_cryp_obj_restrict_usage
                0x0000000000010b90        0x0 /home/test/devel/optee/optee_os/out/arm/export-ta_arm32/lib/libutee.a(utee_syscalls_a32.o)

.ARM.extab.text.utee_cryp_obj_get_attr
                0x0000000000010b90        0x0
 .ARM.extab.text.utee_cryp_obj_get_attr
                0x0000000000010b90        0x0 /home/test/devel/optee/optee_os/out/arm/export-ta_arm32/lib/libutee.a(utee_syscalls_a32.o)

.ARM.extab.text.utee_cryp_obj_alloc
                0x0000000000010b90        0x0
 .ARM.extab.text.utee_cryp_obj_alloc
                0x0000000000010b90        0x0 /home/test/devel/optee/optee_os/out/arm/export-ta_arm32/lib/libutee.a(utee_syscalls_a32.o)

.ARM.extab.text.utee_cryp_obj_close
                0x0000000000010b90        0x0
 .ARM.extab.text.utee_cryp_obj_close
                0x0000000000010b90        0x0 /home/test/devel/optee/optee_os/out/arm/export-ta_arm32/lib/libutee.a(utee_syscalls_a32.o)

.ARM.extab.text.utee_cryp_obj_reset
                0x0000000000010b90        0x0
 .ARM.extab.text.utee_cryp_obj_reset
                0x0000000000010b90        0x0 /home/test/devel/optee/optee_os/out/arm/export-ta_arm32/lib/libutee.a(utee_syscalls_a32.o)

.ARM.extab.text.utee_cryp_obj_populate
                0x0000000000010b90        0x0
 .ARM.extab.text.utee_cryp_obj_populate
                0x0000000000010b90        0x0 /home/test/devel/optee/optee_os/out/arm/export-ta_arm32/lib/libutee.a(utee_syscalls_a32.o)

.ARM.extab.text.utee_cryp_obj_copy
                0x0000000000010b90        0x0
 .ARM.extab.text.utee_cryp_obj_copy
                0x0000000000010b90        0x0 /home/test/devel/optee/optee_os/out/arm/export-ta_arm32/lib/libutee.a(utee_syscalls_a32.o)

.ARM.extab.text.utee_cryp_derive_key
                0x0000000000010b90        0x0
 .ARM.extab.text.utee_cryp_derive_key
                0x0000000000010b90        0x0 /home/test/devel/optee/optee_os/out/arm/export-ta_arm32/lib/libutee.a(utee_syscalls_a32.o)

.ARM.extab.text.utee_cryp_random_number_generate
                0x0000000000010b90        0x0
 .ARM.extab.text.utee_cryp_random_number_generate
                0x0000000000010b90        0x0 /home/test/devel/optee/optee_os/out/arm/export-ta_arm32/lib/libutee.a(utee_syscalls_a32.o)

.ARM.extab.text.utee_authenc_init
                0x0000000000010b90        0x0
 .ARM.extab.text.utee_authenc_init
                0x0000000000010b90        0x0 /home/test/devel/optee/optee_os/out/arm/export-ta_arm32/lib/libutee.a(utee_syscalls_a32.o)

.ARM.extab.text.utee_authenc_update_aad
                0x0000000000010b90        0x0
 .ARM.extab.text.utee_authenc_update_aad
                0x0000000000010b90        0x0 /home/test/devel/optee/optee_os/out/arm/export-ta_arm32/lib/libutee.a(utee_syscalls_a32.o)

.ARM.extab.text.utee_authenc_update_payload
                0x0000000000010b90        0x0
 .ARM.extab.text.utee_authenc_update_payload
                0x0000000000010b90        0x0 /home/test/devel/optee/optee_os/out/arm/export-ta_arm32/lib/libutee.a(utee_syscalls_a32.o)

.ARM.extab.text.utee_authenc_enc_final
                0x0000000000010b90        0x0
 .ARM.extab.text.utee_authenc_enc_final
                0x0000000000010b90        0x0 /home/test/devel/optee/optee_os/out/arm/export-ta_arm32/lib/libutee.a(utee_syscalls_a32.o)

.ARM.extab.text.utee_authenc_dec_final
                0x0000000000010b90        0x0
 .ARM.extab.text.utee_authenc_dec_final
                0x0000000000010b90        0x0 /home/test/devel/optee/optee_os/out/arm/export-ta_arm32/lib/libutee.a(utee_syscalls_a32.o)

.ARM.extab.text.utee_asymm_operate
                0x0000000000010b90        0x0
 .ARM.extab.text.utee_asymm_operate
                0x0000000000010b90        0x0 /home/test/devel/optee/optee_os/out/arm/export-ta_arm32/lib/libutee.a(utee_syscalls_a32.o)

.ARM.extab.text.utee_asymm_verify
                0x0000000000010b90        0x0
 .ARM.extab.text.utee_asymm_verify
                0x0000000000010b90        0x0 /home/test/devel/optee/optee_os/out/arm/export-ta_arm32/lib/libutee.a(utee_syscalls_a32.o)

.ARM.extab.text.utee_storage_obj_open
                0x0000000000010b90        0x0
 .ARM.extab.text.utee_storage_obj_open
                0x0000000000010b90        0x0 /home/test/devel/optee/optee_os/out/arm/export-ta_arm32/lib/libutee.a(utee_syscalls_a32.o)

.ARM.extab.text.utee_storage_obj_create
                0x0000000000010b90        0x0
 .ARM.extab.text.utee_storage_obj_create
                0x0000000000010b90        0x0 /home/test/devel/optee/optee_os/out/arm/export-ta_arm32/lib/libutee.a(utee_syscalls_a32.o)

.ARM.extab.text.utee_storage_obj_del
                0x0000000000010b90        0x0
 .ARM.extab.text.utee_storage_obj_del
                0x0000000000010b90        0x0 /home/test/devel/optee/optee_os/out/arm/export-ta_arm32/lib/libutee.a(utee_syscalls_a32.o)

.ARM.extab.text.utee_storage_obj_rename
                0x0000000000010b90        0x0
 .ARM.extab.text.utee_storage_obj_rename
                0x0000000000010b90        0x0 /home/test/devel/optee/optee_os/out/arm/export-ta_arm32/lib/libutee.a(utee_syscalls_a32.o)

.ARM.extab.text.utee_storage_alloc_enum
                0x0000000000010b90        0x0
 .ARM.extab.text.utee_storage_alloc_enum
                0x0000000000010b90        0x0 /home/test/devel/optee/optee_os/out/arm/export-ta_arm32/lib/libutee.a(utee_syscalls_a32.o)

.ARM.extab.text.utee_storage_free_enum
                0x0000000000010b90        0x0
 .ARM.extab.text.utee_storage_free_enum
                0x0000000000010b90        0x0 /home/test/devel/optee/optee_os/out/arm/export-ta_arm32/lib/libutee.a(utee_syscalls_a32.o)

.ARM.extab.text.utee_storage_reset_enum
                0x0000000000010b90        0x0
 .ARM.extab.text.utee_storage_reset_enum
                0x0000000000010b90        0x0 /home/test/devel/optee/optee_os/out/arm/export-ta_arm32/lib/libutee.a(utee_syscalls_a32.o)

.ARM.extab.text.utee_storage_start_enum
                0x0000000000010b90        0x0
 .ARM.extab.text.utee_storage_start_enum
                0x0000000000010b90        0x0 /home/test/devel/optee/optee_os/out/arm/export-ta_arm32/lib/libutee.a(utee_syscalls_a32.o)

.ARM.extab.text.utee_storage_next_enum
                0x0000000000010b90        0x0
 .ARM.extab.text.utee_storage_next_enum
                0x0000000000010b90        0x0 /home/test/devel/optee/optee_os/out/arm/export-ta_arm32/lib/libutee.a(utee_syscalls_a32.o)

.ARM.extab.text.utee_storage_obj_read
                0x0000000000010b90        0x0
 .ARM.extab.text.utee_storage_obj_read
                0x0000000000010b90        0x0 /home/test/devel/optee/optee_os/out/arm/export-ta_arm32/lib/libutee.a(utee_syscalls_a32.o)

.ARM.extab.text.utee_storage_obj_write
                0x0000000000010b90        0x0
 .ARM.extab.text.utee_storage_obj_write
                0x0000000000010b90        0x0 /home/test/devel/optee/optee_os/out/arm/export-ta_arm32/lib/libutee.a(utee_syscalls_a32.o)

.ARM.extab.text.utee_storage_obj_trunc
                0x0000000000010b90        0x0
 .ARM.extab.text.utee_storage_obj_trunc
                0x0000000000010b90        0x0 /home/test/devel/optee/optee_os/out/arm/export-ta_arm32/lib/libutee.a(utee_syscalls_a32.o)

.ARM.extab.text.utee_storage_obj_seek
                0x0000000000010b90        0x0
 .ARM.extab.text.utee_storage_obj_seek
                0x0000000000010b90        0x0 /home/test/devel/optee/optee_os/out/arm/export-ta_arm32/lib/libutee.a(utee_syscalls_a32.o)

.ARM.extab.text.utee_cryp_obj_generate_key
                0x0000000000010b90        0x0
 .ARM.extab.text.utee_cryp_obj_generate_key
                0x0000000000010b90        0x0 /home/test/devel/optee/optee_os/out/arm/export-ta_arm32/lib/libutee.a(utee_syscalls_a32.o)

.ARM.extab.text.utee_se_service_open
                0x0000000000010b90        0x0
 .ARM.extab.text.utee_se_service_open
                0x0000000000010b90        0x0 /home/test/devel/optee/optee_os/out/arm/export-ta_arm32/lib/libutee.a(utee_syscalls_a32.o)

.ARM.extab.text.utee_se_service_close
                0x0000000000010b90        0x0
 .ARM.extab.text.utee_se_service_close
                0x0000000000010b90        0x0 /home/test/devel/optee/optee_os/out/arm/export-ta_arm32/lib/libutee.a(utee_syscalls_a32.o)

.ARM.extab.text.utee_se_service_get_readers
                0x0000000000010b90        0x0
 .ARM.extab.text.utee_se_service_get_readers
                0x0000000000010b90        0x0 /home/test/devel/optee/optee_os/out/arm/export-ta_arm32/lib/libutee.a(utee_syscalls_a32.o)

.ARM.extab.text.utee_se_reader_get_prop
                0x0000000000010b90        0x0
 .ARM.extab.text.utee_se_reader_get_prop
                0x0000000000010b90        0x0 /home/test/devel/optee/optee_os/out/arm/export-ta_arm32/lib/libutee.a(utee_syscalls_a32.o)

.ARM.extab.text.utee_se_reader_get_name
                0x0000000000010b90        0x0
 .ARM.extab.text.utee_se_reader_get_name
                0x0000000000010b90        0x0 /home/test/devel/optee/optee_os/out/arm/export-ta_arm32/lib/libutee.a(utee_syscalls_a32.o)

.ARM.extab.text.utee_se_reader_open_session
                0x0000000000010b90        0x0
 .ARM.extab.text.utee_se_reader_open_session
                0x0000000000010b90        0x0 /home/test/devel/optee/optee_os/out/arm/export-ta_arm32/lib/libutee.a(utee_syscalls_a32.o)

.ARM.extab.text.utee_se_reader_close_sessions
                0x0000000000010b90        0x0
 .ARM.extab.text.utee_se_reader_close_sessions
                0x0000000000010b90        0x0 /home/test/devel/optee/optee_os/out/arm/export-ta_arm32/lib/libutee.a(utee_syscalls_a32.o)

.ARM.extab.text.utee_se_session_is_closed
                0x0000000000010b90        0x0
 .ARM.extab.text.utee_se_session_is_closed
                0x0000000000010b90        0x0 /home/test/devel/optee/optee_os/out/arm/export-ta_arm32/lib/libutee.a(utee_syscalls_a32.o)

.ARM.extab.text.utee_se_session_get_atr
                0x0000000000010b90        0x0
 .ARM.extab.text.utee_se_session_get_atr
                0x0000000000010b90        0x0 /home/test/devel/optee/optee_os/out/arm/export-ta_arm32/lib/libutee.a(utee_syscalls_a32.o)

.ARM.extab.text.utee_se_session_open_channel
                0x0000000000010b90        0x0
 .ARM.extab.text.utee_se_session_open_channel
                0x0000000000010b90        0x0 /home/test/devel/optee/optee_os/out/arm/export-ta_arm32/lib/libutee.a(utee_syscalls_a32.o)

.ARM.extab.text.utee_se_session_close
                0x0000000000010b90        0x0
 .ARM.extab.text.utee_se_session_close
                0x0000000000010b90        0x0 /home/test/devel/optee/optee_os/out/arm/export-ta_arm32/lib/libutee.a(utee_syscalls_a32.o)

.ARM.extab.text.utee_se_channel_select_next
                0x0000000000010b90        0x0
 .ARM.extab.text.utee_se_channel_select_next
                0x0000000000010b90        0x0 /home/test/devel/optee/optee_os/out/arm/export-ta_arm32/lib/libutee.a(utee_syscalls_a32.o)

.ARM.extab.text.utee_se_channel_get_select_resp
                0x0000000000010b90        0x0
 .ARM.extab.text.utee_se_channel_get_select_resp
                0x0000000000010b90        0x0 /home/test/devel/optee/optee_os/out/arm/export-ta_arm32/lib/libutee.a(utee_syscalls_a32.o)

.ARM.extab.text.utee_se_channel_transmit
                0x0000000000010b90        0x0
 .ARM.extab.text.utee_se_channel_transmit
                0x0000000000010b90        0x0 /home/test/devel/optee/optee_os/out/arm/export-ta_arm32/lib/libutee.a(utee_syscalls_a32.o)

.ARM.extab.text.utee_se_channel_close
                0x0000000000010b90        0x0
 .ARM.extab.text.utee_se_channel_close
                0x0000000000010b90        0x0 /home/test/devel/optee/optee_os/out/arm/export-ta_arm32/lib/libutee.a(utee_syscalls_a32.o)

.ARM.extab.text.utee_cache_operation
                0x0000000000010b90        0x0
 .ARM.extab.text.utee_cache_operation
                0x0000000000010b90        0x0 /home/test/devel/optee/optee_os/out/arm/export-ta_arm32/lib/libutee.a(utee_syscalls_a32.o)

.ARM.extab.text.__aeabi_ldivmod
                0x0000000000010b90        0xc
 .ARM.extab.text.__aeabi_ldivmod
                0x0000000000010b90        0xc /home/test/devel/optee/optee_os/out/arm/export-ta_arm32/lib/libutils.a(arm32_aeabi_ldivmod_a32.o)

.ARM.extab.text.__aeabi_uldivmod
                0x0000000000010b9c        0xc
 .ARM.extab.text.__aeabi_uldivmod
                0x0000000000010b9c        0xc /home/test/devel/optee/optee_os/out/arm/export-ta_arm32/lib/libutils.a(arm32_aeabi_ldivmod_a32.o)

.ARM.exidx      0x0000000000010ba8      0xa48
 *(SORT(.ARM.exidx*) SORT(.gnu.linkonce.armexidx.*))
 .ARM.exidx     0x0000000000010ba8       0x28 ./my_test.o
                                         0x30 (size before relaxing)
 .ARM.exidx     0x0000000000010bd0       0x28 ./my_test_handle.o
 .ARM.exidx     0x00000000000112b0        0x8 ./user_ta_header.o
 .ARM.exidx     0x0000000000010bf8       0xe0 /home/test/devel/optee/optee_os/out/arm/export-ta_arm32/lib/libutee.a(tee_api_operations.o)
                                         0xf0 (size before relaxing)
 .ARM.exidx     0x00000000000112b8        0x8 /home/test/devel/optee/optee_os/out/arm/export-ta_arm32/lib/libutee.a(tee_api_panic.o)
 .ARM.exidx     0x0000000000010cd8       0x58 /home/test/devel/optee/optee_os/out/arm/export-ta_arm32/lib/libutee.a(user_ta_entry.o)
                                         0x60 (size before relaxing)
 .ARM.exidx.text.utee_panic
                0x0000000000010d30        0x8 /home/test/devel/optee/optee_os/out/arm/export-ta_arm32/lib/libutee.a(utee_syscalls_a32.o)
 .ARM.exidx.text.utee_return
                0x0000000000010d38        0x8 /home/test/devel/optee/optee_os/out/arm/export-ta_arm32/lib/libutee.a(utee_syscalls_a32.o)
 .ARM.exidx.text.utee_log
                0x0000000000010d40        0x0 /home/test/devel/optee/optee_os/out/arm/export-ta_arm32/lib/libutee.a(utee_syscalls_a32.o)
                                          0x8 (size before relaxing)
 .ARM.exidx.text.__utee_panic
                0x0000000000010d40        0x0 /home/test/devel/optee/optee_os/out/arm/export-ta_arm32/lib/libutee.a(utee_syscalls_a32.o)
                                          0x8 (size before relaxing)
 .ARM.exidx.text.utee_get_property
                0x0000000000010d40        0x0 /home/test/devel/optee/optee_os/out/arm/export-ta_arm32/lib/libutee.a(utee_syscalls_a32.o)
                                          0x8 (size before relaxing)
 .ARM.exidx.text.utee_get_property_name_to_index
                0x0000000000010d40        0x0 /home/test/devel/optee/optee_os/out/arm/export-ta_arm32/lib/libutee.a(utee_syscalls_a32.o)
                                          0x8 (size before relaxing)
 .ARM.exidx.text.utee_open_ta_session
                0x0000000000010d40        0x0 /home/test/devel/optee/optee_os/out/arm/export-ta_arm32/lib/libutee.a(utee_syscalls_a32.o)
                                          0x8 (size before relaxing)
 .ARM.exidx.text.utee_close_ta_session
                0x0000000000010d40        0x0 /home/test/devel/optee/optee_os/out/arm/export-ta_arm32/lib/libutee.a(utee_syscalls_a32.o)
                                          0x8 (size before relaxing)
 .ARM.exidx.text.utee_invoke_ta_command
                0x0000000000010d40        0x0 /home/test/devel/optee/optee_os/out/arm/export-ta_arm32/lib/libutee.a(utee_syscalls_a32.o)
                                          0x8 (size before relaxing)
 .ARM.exidx.text.utee_get_cancellation_flag
                0x0000000000010d40        0x0 /home/test/devel/optee/optee_os/out/arm/export-ta_arm32/lib/libutee.a(utee_syscalls_a32.o)
                                          0x8 (size before relaxing)
 .ARM.exidx.text.utee_check_access_rights
                0x0000000000010d40        0x0 /home/test/devel/optee/optee_os/out/arm/export-ta_arm32/lib/libutee.a(utee_syscalls_a32.o)
                                          0x8 (size before relaxing)
 .ARM.exidx.text.utee_unmask_cancellation
                0x0000000000010d40        0x0 /home/test/devel/optee/optee_os/out/arm/export-ta_arm32/lib/libutee.a(utee_syscalls_a32.o)
                                          0x8 (size before relaxing)
 .ARM.exidx.text.utee_mask_cancellation
                0x0000000000010d40        0x0 /home/test/devel/optee/optee_os/out/arm/export-ta_arm32/lib/libutee.a(utee_syscalls_a32.o)
                                          0x8 (size before relaxing)
 .ARM.exidx.text.utee_wait
                0x0000000000010d40        0x0 /home/test/devel/optee/optee_os/out/arm/export-ta_arm32/lib/libutee.a(utee_syscalls_a32.o)
                                          0x8 (size before relaxing)
 .ARM.exidx.text.utee_get_time
                0x0000000000010d40        0x0 /home/test/devel/optee/optee_os/out/arm/export-ta_arm32/lib/libutee.a(utee_syscalls_a32.o)
                                          0x8 (size before relaxing)
 .ARM.exidx.text.utee_set_ta_time
                0x0000000000010d40        0x0 /home/test/devel/optee/optee_os/out/arm/export-ta_arm32/lib/libutee.a(utee_syscalls_a32.o)
                                          0x8 (size before relaxing)
 .ARM.exidx.text.utee_cryp_state_alloc
                0x0000000000010d40        0x0 /home/test/devel/optee/optee_os/out/arm/export-ta_arm32/lib/libutee.a(utee_syscalls_a32.o)
                                          0x8 (size before relaxing)
 .ARM.exidx.text.utee_cryp_state_copy
                0x0000000000010d40        0x0 /home/test/devel/optee/optee_os/out/arm/export-ta_arm32/lib/libutee.a(utee_syscalls_a32.o)
                                          0x8 (size before relaxing)
 .ARM.exidx.text.utee_cryp_state_free
                0x0000000000010d40        0x0 /home/test/devel/optee/optee_os/out/arm/export-ta_arm32/lib/libutee.a(utee_syscalls_a32.o)
                                          0x8 (size before relaxing)
 .ARM.exidx.text.utee_hash_init
                0x0000000000010d40        0x0 /home/test/devel/optee/optee_os/out/arm/export-ta_arm32/lib/libutee.a(utee_syscalls_a32.o)
                                          0x8 (size before relaxing)
 .ARM.exidx.text.utee_hash_update
                0x0000000000010d40        0x0 /home/test/devel/optee/optee_os/out/arm/export-ta_arm32/lib/libutee.a(utee_syscalls_a32.o)
                                          0x8 (size before relaxing)
 .ARM.exidx.text.utee_hash_final
                0x0000000000010d40        0x0 /home/test/devel/optee/optee_os/out/arm/export-ta_arm32/lib/libutee.a(utee_syscalls_a32.o)
                                          0x8 (size before relaxing)
 .ARM.exidx.text.utee_cipher_init
                0x0000000000010d40        0x0 /home/test/devel/optee/optee_os/out/arm/export-ta_arm32/lib/libutee.a(utee_syscalls_a32.o)
                                          0x8 (size before relaxing)
 .ARM.exidx.text.utee_cipher_update
                0x0000000000010d40        0x0 /home/test/devel/optee/optee_os/out/arm/export-ta_arm32/lib/libutee.a(utee_syscalls_a32.o)
                                          0x8 (size before relaxing)
 .ARM.exidx.text.utee_cipher_final
                0x0000000000010d40        0x0 /home/test/devel/optee/optee_os/out/arm/export-ta_arm32/lib/libutee.a(utee_syscalls_a32.o)
                                          0x8 (size before relaxing)
 .ARM.exidx.text.utee_cryp_obj_get_info
                0x0000000000010d40        0x0 /home/test/devel/optee/optee_os/out/arm/export-ta_arm32/lib/libutee.a(utee_syscalls_a32.o)
                                          0x8 (size before relaxing)
 .ARM.exidx.text.utee_cryp_obj_restrict_usage
                0x0000000000010d40        0x0 /home/test/devel/optee/optee_os/out/arm/export-ta_arm32/lib/libutee.a(utee_syscalls_a32.o)
                                          0x8 (size before relaxing)
 .ARM.exidx.text.utee_cryp_obj_get_attr
                0x0000000000010d40        0x0 /home/test/devel/optee/optee_os/out/arm/export-ta_arm32/lib/libutee.a(utee_syscalls_a32.o)
                                          0x8 (size before relaxing)
 .ARM.exidx.text.utee_cryp_obj_alloc
                0x0000000000010d40        0x0 /home/test/devel/optee/optee_os/out/arm/export-ta_arm32/lib/libutee.a(utee_syscalls_a32.o)
                                          0x8 (size before relaxing)
 .ARM.exidx.text.utee_cryp_obj_close
                0x0000000000010d40        0x0 /home/test/devel/optee/optee_os/out/arm/export-ta_arm32/lib/libutee.a(utee_syscalls_a32.o)
                                          0x8 (size before relaxing)
 .ARM.exidx.text.utee_cryp_obj_reset
                0x0000000000010d40        0x0 /home/test/devel/optee/optee_os/out/arm/export-ta_arm32/lib/libutee.a(utee_syscalls_a32.o)
                                          0x8 (size before relaxing)
 .ARM.exidx.text.utee_cryp_obj_populate
                0x0000000000010d40        0x0 /home/test/devel/optee/optee_os/out/arm/export-ta_arm32/lib/libutee.a(utee_syscalls_a32.o)
                                          0x8 (size before relaxing)
 .ARM.exidx.text.utee_cryp_obj_copy
                0x0000000000010d40        0x0 /home/test/devel/optee/optee_os/out/arm/export-ta_arm32/lib/libutee.a(utee_syscalls_a32.o)
                                          0x8 (size before relaxing)
 .ARM.exidx.text.utee_cryp_derive_key
                0x0000000000010d40        0x0 /home/test/devel/optee/optee_os/out/arm/export-ta_arm32/lib/libutee.a(utee_syscalls_a32.o)
                                          0x8 (size before relaxing)
 .ARM.exidx.text.utee_cryp_random_number_generate
                0x0000000000010d40        0x0 /home/test/devel/optee/optee_os/out/arm/export-ta_arm32/lib/libutee.a(utee_syscalls_a32.o)
                                          0x8 (size before relaxing)
 .ARM.exidx.text.utee_authenc_init
                0x0000000000010d40        0x0 /home/test/devel/optee/optee_os/out/arm/export-ta_arm32/lib/libutee.a(utee_syscalls_a32.o)
                                          0x8 (size before relaxing)
 .ARM.exidx.text.utee_authenc_update_aad
                0x0000000000010d40        0x0 /home/test/devel/optee/optee_os/out/arm/export-ta_arm32/lib/libutee.a(utee_syscalls_a32.o)
                                          0x8 (size before relaxing)
 .ARM.exidx.text.utee_authenc_update_payload
                0x0000000000010d40        0x0 /home/test/devel/optee/optee_os/out/arm/export-ta_arm32/lib/libutee.a(utee_syscalls_a32.o)
                                          0x8 (size before relaxing)
 .ARM.exidx.text.utee_authenc_enc_final
                0x0000000000010d40        0x0 /home/test/devel/optee/optee_os/out/arm/export-ta_arm32/lib/libutee.a(utee_syscalls_a32.o)
                                          0x8 (size before relaxing)
 .ARM.exidx.text.utee_authenc_dec_final
                0x0000000000010d40        0x0 /home/test/devel/optee/optee_os/out/arm/export-ta_arm32/lib/libutee.a(utee_syscalls_a32.o)
                                          0x8 (size before relaxing)
 .ARM.exidx.text.utee_asymm_operate
                0x0000000000010d40        0x0 /home/test/devel/optee/optee_os/out/arm/export-ta_arm32/lib/libutee.a(utee_syscalls_a32.o)
                                          0x8 (size before relaxing)
 .ARM.exidx.text.utee_asymm_verify
                0x0000000000010d40        0x0 /home/test/devel/optee/optee_os/out/arm/export-ta_arm32/lib/libutee.a(utee_syscalls_a32.o)
                                          0x8 (size before relaxing)
 .ARM.exidx.text.utee_storage_obj_open
                0x0000000000010d40        0x0 /home/test/devel/optee/optee_os/out/arm/export-ta_arm32/lib/libutee.a(utee_syscalls_a32.o)
                                          0x8 (size before relaxing)
 .ARM.exidx.text.utee_storage_obj_create
                0x0000000000010d40        0x0 /home/test/devel/optee/optee_os/out/arm/export-ta_arm32/lib/libutee.a(utee_syscalls_a32.o)
                                          0x8 (size before relaxing)
 .ARM.exidx.text.utee_storage_obj_del
                0x0000000000010d40        0x0 /home/test/devel/optee/optee_os/out/arm/export-ta_arm32/lib/libutee.a(utee_syscalls_a32.o)
                                          0x8 (size before relaxing)
 .ARM.exidx.text.utee_storage_obj_rename
                0x0000000000010d40        0x0 /home/test/devel/optee/optee_os/out/arm/export-ta_arm32/lib/libutee.a(utee_syscalls_a32.o)
                                          0x8 (size before relaxing)
 .ARM.exidx.text.utee_storage_alloc_enum
                0x0000000000010d40        0x0 /home/test/devel/optee/optee_os/out/arm/export-ta_arm32/lib/libutee.a(utee_syscalls_a32.o)
                                          0x8 (size before relaxing)
 .ARM.exidx.text.utee_storage_free_enum
                0x0000000000010d40        0x0 /home/test/devel/optee/optee_os/out/arm/export-ta_arm32/lib/libutee.a(utee_syscalls_a32.o)
                                          0x8 (size before relaxing)
 .ARM.exidx.text.utee_storage_reset_enum
                0x0000000000010d40        0x0 /home/test/devel/optee/optee_os/out/arm/export-ta_arm32/lib/libutee.a(utee_syscalls_a32.o)
                                          0x8 (size before relaxing)
 .ARM.exidx.text.utee_storage_start_enum
                0x0000000000010d40        0x0 /home/test/devel/optee/optee_os/out/arm/export-ta_arm32/lib/libutee.a(utee_syscalls_a32.o)
                                          0x8 (size before relaxing)
 .ARM.exidx.text.utee_storage_next_enum
                0x0000000000010d40        0x0 /home/test/devel/optee/optee_os/out/arm/export-ta_arm32/lib/libutee.a(utee_syscalls_a32.o)
                                          0x8 (size before relaxing)
 .ARM.exidx.text.utee_storage_obj_read
                0x0000000000010d40        0x0 /home/test/devel/optee/optee_os/out/arm/export-ta_arm32/lib/libutee.a(utee_syscalls_a32.o)
                                          0x8 (size before relaxing)
 .ARM.exidx.text.utee_storage_obj_write
                0x0000000000010d40        0x0 /home/test/devel/optee/optee_os/out/arm/export-ta_arm32/lib/libutee.a(utee_syscalls_a32.o)
                                          0x8 (size before relaxing)
 .ARM.exidx.text.utee_storage_obj_trunc
                0x0000000000010d40        0x0 /home/test/devel/optee/optee_os/out/arm/export-ta_arm32/lib/libutee.a(utee_syscalls_a32.o)
                                          0x8 (size before relaxing)
 .ARM.exidx.text.utee_storage_obj_seek
                0x0000000000010d40        0x0 /home/test/devel/optee/optee_os/out/arm/export-ta_arm32/lib/libutee.a(utee_syscalls_a32.o)
                                          0x8 (size before relaxing)
 .ARM.exidx.text.utee_cryp_obj_generate_key
                0x0000000000010d40        0x0 /home/test/devel/optee/optee_os/out/arm/export-ta_arm32/lib/libutee.a(utee_syscalls_a32.o)
                                          0x8 (size before relaxing)
 .ARM.exidx.text.utee_se_service_open
                0x0000000000010d40        0x0 /home/test/devel/optee/optee_os/out/arm/export-ta_arm32/lib/libutee.a(utee_syscalls_a32.o)
                                          0x8 (size before relaxing)
 .ARM.exidx.text.utee_se_service_close
                0x0000000000010d40        0x0 /home/test/devel/optee/optee_os/out/arm/export-ta_arm32/lib/libutee.a(utee_syscalls_a32.o)
                                          0x8 (size before relaxing)
 .ARM.exidx.text.utee_se_service_get_readers
                0x0000000000010d40        0x0 /home/test/devel/optee/optee_os/out/arm/export-ta_arm32/lib/libutee.a(utee_syscalls_a32.o)
                                          0x8 (size before relaxing)
 .ARM.exidx.text.utee_se_reader_get_prop
                0x0000000000010d40        0x0 /home/test/devel/optee/optee_os/out/arm/export-ta_arm32/lib/libutee.a(utee_syscalls_a32.o)
                                          0x8 (size before relaxing)
 .ARM.exidx.text.utee_se_reader_get_name
                0x0000000000010d40        0x0 /home/test/devel/optee/optee_os/out/arm/export-ta_arm32/lib/libutee.a(utee_syscalls_a32.o)
                                          0x8 (size before relaxing)
 .ARM.exidx.text.utee_se_reader_open_session
                0x0000000000010d40        0x0 /home/test/devel/optee/optee_os/out/arm/export-ta_arm32/lib/libutee.a(utee_syscalls_a32.o)
                                          0x8 (size before relaxing)
 .ARM.exidx.text.utee_se_reader_close_sessions
                0x0000000000010d40        0x0 /home/test/devel/optee/optee_os/out/arm/export-ta_arm32/lib/libutee.a(utee_syscalls_a32.o)
                                          0x8 (size before relaxing)
 .ARM.exidx.text.utee_se_session_is_closed
                0x0000000000010d40        0x0 /home/test/devel/optee/optee_os/out/arm/export-ta_arm32/lib/libutee.a(utee_syscalls_a32.o)
                                          0x8 (size before relaxing)
 .ARM.exidx.text.utee_se_session_get_atr
                0x0000000000010d40        0x0 /home/test/devel/optee/optee_os/out/arm/export-ta_arm32/lib/libutee.a(utee_syscalls_a32.o)
                                          0x8 (size before relaxing)
 .ARM.exidx.text.utee_se_session_open_channel
                0x0000000000010d40        0x0 /home/test/devel/optee/optee_os/out/arm/export-ta_arm32/lib/libutee.a(utee_syscalls_a32.o)
                                          0x8 (size before relaxing)
 .ARM.exidx.text.utee_se_session_close
                0x0000000000010d40        0x0 /home/test/devel/optee/optee_os/out/arm/export-ta_arm32/lib/libutee.a(utee_syscalls_a32.o)
                                          0x8 (size before relaxing)
 .ARM.exidx.text.utee_se_channel_select_next
                0x0000000000010d40        0x0 /home/test/devel/optee/optee_os/out/arm/export-ta_arm32/lib/libutee.a(utee_syscalls_a32.o)
                                          0x8 (size before relaxing)
 .ARM.exidx.text.utee_se_channel_get_select_resp
                0x0000000000010d40        0x0 /home/test/devel/optee/optee_os/out/arm/export-ta_arm32/lib/libutee.a(utee_syscalls_a32.o)
                                          0x8 (size before relaxing)
 .ARM.exidx.text.utee_se_channel_transmit
                0x0000000000010d40        0x0 /home/test/devel/optee/optee_os/out/arm/export-ta_arm32/lib/libutee.a(utee_syscalls_a32.o)
                                          0x8 (size before relaxing)
 .ARM.exidx.text.utee_se_channel_close
                0x0000000000010d40        0x0 /home/test/devel/optee/optee_os/out/arm/export-ta_arm32/lib/libutee.a(utee_syscalls_a32.o)
                                          0x8 (size before relaxing)
 .ARM.exidx.text.utee_cache_operation
                0x0000000000010d40        0x8 /home/test/devel/optee/optee_os/out/arm/export-ta_arm32/lib/libutee.a(utee_syscalls_a32.o)
 .ARM.exidx     0x0000000000010d48      0x110 /home/test/devel/optee/optee_os/out/arm/export-ta_arm32/lib/libutee.a(tee_api_arith.o)
 .ARM.exidx     0x0000000000010e58       0xc8 /home/test/devel/optee/optee_os/out/arm/export-ta_arm32/lib/libutee.a(tee_api.o)
 .ARM.exidx     0x00000000000112c0       0xf8 /home/test/devel/optee/optee_os/out/arm/export-ta_arm32/lib/libutee.a(tee_api_objects.o)
 .ARM.exidx     0x00000000000113b8       0x30 /home/test/devel/optee/optee_os/out/arm/export-ta_arm32/lib/libutee.a(utee_misc.o)
 .ARM.exidx     0x0000000000010f20       0x88 /home/test/devel/optee/optee_os/out/arm/export-ta_arm32/lib/libutee.a(tee_user_mem.o)
 .ARM.exidx     0x0000000000010fa8       0x28 /home/test/devel/optee/optee_os/out/arm/export-ta_arm32/lib/libutee.a(trace_ext.o)
 .ARM.exidx     0x0000000000010fd0       0x10 /home/test/devel/optee/optee_os/out/arm/export-ta_arm32/lib/libutee.a(assert.o)
 .ARM.exidx     0x0000000000010fe0      0x128 /home/test/devel/optee/optee_os/out/arm/export-ta_arm32/lib/libutils.a(bget_malloc.o)
 .ARM.exidx     0x00000000000113e8       0x10 /home/test/devel/optee/optee_os/out/arm/export-ta_arm32/lib/libutils.a(snprintf.o)
 .ARM.exidx     0x00000000000113f8        0x8 /home/test/devel/optee/optee_os/out/arm/export-ta_arm32/lib/libutils.a(memcmp.o)
 .ARM.exidx     0x0000000000011400        0x8 /home/test/devel/optee/optee_os/out/arm/export-ta_arm32/lib/libutils.a(memcpy.o)
 .ARM.exidx     0x0000000000011408        0x8 /home/test/devel/optee/optee_os/out/arm/export-ta_arm32/lib/libutils.a(memmove.o)
 .ARM.exidx     0x0000000000011410        0x8 /home/test/devel/optee/optee_os/out/arm/export-ta_arm32/lib/libutils.a(memset.o)
 .ARM.exidx     0x0000000000011418        0x8 /home/test/devel/optee/optee_os/out/arm/export-ta_arm32/lib/libutils.a(strlen.o)
 .ARM.exidx     0x0000000000011108       0x28 /home/test/devel/optee/optee_os/out/arm/export-ta_arm32/lib/libutils.a(snprintk.o)
 .ARM.exidx     0x0000000000011420        0x8 /home/test/devel/optee/optee_os/out/arm/export-ta_arm32/lib/libutils.a(buf_compare_ct.o)
 .ARM.exidx     0x0000000000011130       0x30 /home/test/devel/optee/optee_os/out/arm/export-ta_arm32/lib/libutils.a(trace.o)
 .ARM.exidx     0x0000000000011428        0x8 /home/test/devel/optee/optee_os/out/arm/export-ta_arm32/lib/libutils.a(aeabi_unwind.o)
                                         0x18 (size before relaxing)
 .ARM.exidx     0x0000000000011430        0x8 /home/test/devel/optee/optee_os/out/arm/export-ta_arm32/lib/libutils.a(memchr.o)
 .ARM.exidx.text.__aeabi_ldivmod
                0x0000000000011160        0x8 /home/test/devel/optee/optee_os/out/arm/export-ta_arm32/lib/libutils.a(arm32_aeabi_ldivmod_a32.o)
 .ARM.exidx.text.__aeabi_uldivmod
                0x0000000000011168        0x8 /home/test/devel/optee/optee_os/out/arm/export-ta_arm32/lib/libutils.a(arm32_aeabi_ldivmod_a32.o)
 .ARM.exidx     0x0000000000011438       0x20 /home/test/devel/optee/optee_os/out/arm/export-ta_arm32/lib/libutils.a(arm32_aeabi_ldivmod.o)
 .ARM.exidx     0x0000000000011170       0x48 /home/test/devel/optee/optee_os/out/arm/export-ta_arm32/lib/libmpa.a(mpa_misc.o)
 .ARM.exidx     0x00000000000111b8       0x28 /home/test/devel/optee/optee_os/out/arm/export-ta_arm32/lib/libmpa.a(mpa_montgomery.o)
 .ARM.exidx     0x00000000000111e0       0x28 /home/test/devel/optee/optee_os/out/arm/export-ta_arm32/lib/libmpa.a(mpa_primetest.o)
 .ARM.exidx     0x0000000000011458       0x20 /home/test/devel/optee/optee_os/out/arm/export-ta_arm32/lib/libmpa.a(mpa_conv.o)
 .ARM.exidx     0x0000000000011478       0x30 /home/test/devel/optee/optee_os/out/arm/export-ta_arm32/lib/libmpa.a(mpa_div.o)
 .ARM.exidx     0x00000000000114a8       0x28 /home/test/devel/optee/optee_os/out/arm/export-ta_arm32/lib/libmpa.a(mpa_gcd.o)
 .ARM.exidx     0x00000000000114d0       0x28 /home/test/devel/optee/optee_os/out/arm/export-ta_arm32/lib/libmpa.a(mpa_mem_static.o)
 .ARM.exidx     0x00000000000114f8       0x28 /home/test/devel/optee/optee_os/out/arm/export-ta_arm32/lib/libmpa.a(mpa_mul.o)
                                         0x30 (size before relaxing)
 .ARM.exidx     0x0000000000011208       0x20 /home/test/devel/optee/optee_os/out/arm/export-ta_arm32/lib/libmpa.a(mpa_random.o)
 .ARM.exidx     0x0000000000011520       0x20 /home/test/devel/optee/optee_os/out/arm/export-ta_arm32/lib/libmpa.a(mpa_shift.o)
 .ARM.exidx     0x0000000000011540       0x48 /home/test/devel/optee/optee_os/out/arm/export-ta_arm32/lib/libmpa.a(mpa_addsub.o)
                                         0x58 (size before relaxing)
 .ARM.exidx     0x0000000000011588       0x28 /home/test/devel/optee/optee_os/out/arm/export-ta_arm32/lib/libmpa.a(mpa_cmp.o)
 .ARM.exidx     0x0000000000011228        0x8 /home/test/devel/optee/optee_os/out/arm/export-ta_arm32/lib/libmpa.a(mpa_expmod.o)
 .ARM.exidx     0x00000000000115b0       0x10 /home/test/devel/optee/optee_os/out/arm/export-ta_arm32/lib/libmpa.a(mpa_init.o)
 .ARM.exidx     0x0000000000011230       0x80 /home/test/devel/optee/optee_os/out/arm/export-ta_arm32/lib/libmpa.a(mpa_io.o)
 .ARM.exidx     0x00000000000115c0       0x30 /home/test/devel/optee/optee_os/out/arm/export-ta_arm32/lib/libmpa.a(mpa_modulus.o)
                                         0x28 (size before relaxing)

.ctors
 *(SORT(.ctors))

.dtors
 *(SORT(.dtors))

.plt            0x00000000000115f0        0x0
 *(SORT(.plt))
 .plt           0x00000000000115f0        0x0 ./my_test.o

.got            0x00000000000115f0       0x34
 *(SORT(.got.plt))
 .got.plt       0x00000000000115f0        0xc ./my_test.o
                0x00000000000115f0                _GLOBAL_OFFSET_TABLE_
 *(SORT(.got))
 .got           0x00000000000115fc       0x28 ./my_test.o

.rel.text       0x0000000000011624        0x0
 *(SORT(.rel.text))
 .rel.text      0x0000000000011624        0x0 ./my_test.o
 *(SORT(.rel.gnu.linkonce.t*))

.rela.text
 *(SORT(.rela.text))
 *(SORT(.rela.gnu.linkonce.t*))

.rel.data
 *(SORT(.rel.data))
 *(SORT(.rel.gnu.linkonce.d*))

.rela.data
 *(SORT(.rela.data))
 *(SORT(.rela.gnu.linkonce.d*))

.rel.rodata
 *(SORT(.rel.rodata))
 *(SORT(.rel.gnu.linkonce.r*))

.rela.rodata
 *(SORT(.rela.rodata))
 *(SORT(.rela.gnu.linkonce.r*))

.rel.dyn        0x0000000000011624       0xc8
 *(SORT(.rel.dyn))
 .rel.iplt      0x0000000000011624        0x0 ./my_test.o
 .rel.ta_head   0x0000000000011624        0x8 ./my_test.o
 .rel.data.rel.ro.local
                0x000000000001162c       0x90 ./my_test.o
 .rel.data.rel  0x00000000000116bc        0x8 ./my_test.o
 .rel.data.rel.local
                0x00000000000116c4       0x28 ./my_test.o

.rel.got        0x00000000000116ec       0x50